ARM GAS  C:\Users\Robert\AppData\Local\Temp\ccGI9XoE.s 			page 1


   1              		.syntax unified
   2              		.cpu cortex-m3
   3              		.fpu softvfp
   4              		.eabi_attribute 20, 1
   5              		.eabi_attribute 21, 1
   6              		.eabi_attribute 23, 3
   7              		.eabi_attribute 24, 1
   8              		.eabi_attribute 25, 1
   9              		.eabi_attribute 26, 1
  10              		.eabi_attribute 30, 6
  11              		.eabi_attribute 34, 1
  12              		.eabi_attribute 18, 4
  13              		.thumb
  14              		.file	"USBUART_1_pm.c"
  15              		.text
  16              	.Ltext0:
  17              		.cfi_sections	.debug_frame
  18              		.comm	cursor_x,2,2
  19              		.comm	cursor_y,2,2
  20              		.comm	textcolor,2,2
  21              		.comm	textbgcolor,2,2
  22              		.comm	textsize,1,1
  23              		.comm	rotation,1,1
  24              		.comm	wrap,1,1
  25              		.comm	_width,4,4
  26              		.comm	_height,4,4
  27              		.bss
  28              		.align	2
  29              	USBUART_1_backup:
  30 0000 0000     		.space	2
  31 0002 0000     		.section	.text.USBUART_1_DP_ISR,"ax",%progbits
  32              		.align	2
  33              		.global	USBUART_1_DP_ISR
  34              		.thumb
  35              		.thumb_func
  36              		.type	USBUART_1_DP_ISR, %function
  37              	USBUART_1_DP_ISR:
  38              	.LFB56:
  39              		.file 1 ".\\Generated_Source\\PSoC5\\USBUART_1_pm.c"
   1:.\Generated_Source\PSoC5/USBUART_1_pm.c **** /*******************************************************************************
   2:.\Generated_Source\PSoC5/USBUART_1_pm.c **** * File Name: USBUART_1_pm.c
   3:.\Generated_Source\PSoC5/USBUART_1_pm.c **** * Version 2.70
   4:.\Generated_Source\PSoC5/USBUART_1_pm.c **** *
   5:.\Generated_Source\PSoC5/USBUART_1_pm.c **** * Description:
   6:.\Generated_Source\PSoC5/USBUART_1_pm.c **** *  This file provides Suspend/Resume APIs functionality.
   7:.\Generated_Source\PSoC5/USBUART_1_pm.c **** *
   8:.\Generated_Source\PSoC5/USBUART_1_pm.c **** * Note:
   9:.\Generated_Source\PSoC5/USBUART_1_pm.c **** *
  10:.\Generated_Source\PSoC5/USBUART_1_pm.c **** ********************************************************************************
  11:.\Generated_Source\PSoC5/USBUART_1_pm.c **** * Copyright 2008-2013, Cypress Semiconductor Corporation.  All rights reserved.
  12:.\Generated_Source\PSoC5/USBUART_1_pm.c **** * You may use this file only in accordance with the license, terms, conditions,
  13:.\Generated_Source\PSoC5/USBUART_1_pm.c **** * disclaimers, and limitations in the end user license agreement accompanying
  14:.\Generated_Source\PSoC5/USBUART_1_pm.c **** * the software package with which this file was provided.
  15:.\Generated_Source\PSoC5/USBUART_1_pm.c **** *******************************************************************************/
  16:.\Generated_Source\PSoC5/USBUART_1_pm.c **** 
  17:.\Generated_Source\PSoC5/USBUART_1_pm.c **** #include "project.h"
  18:.\Generated_Source\PSoC5/USBUART_1_pm.c **** #include "USBUART_1.h"
ARM GAS  C:\Users\Robert\AppData\Local\Temp\ccGI9XoE.s 			page 2


  19:.\Generated_Source\PSoC5/USBUART_1_pm.c **** #include "USBUART_1_pvt.h"
  20:.\Generated_Source\PSoC5/USBUART_1_pm.c **** 
  21:.\Generated_Source\PSoC5/USBUART_1_pm.c **** 
  22:.\Generated_Source\PSoC5/USBUART_1_pm.c **** /***************************************
  23:.\Generated_Source\PSoC5/USBUART_1_pm.c **** * Custom Declarations
  24:.\Generated_Source\PSoC5/USBUART_1_pm.c **** ***************************************/
  25:.\Generated_Source\PSoC5/USBUART_1_pm.c **** /* `#START PM_CUSTOM_DECLARATIONS` Place your declaration here */
  26:.\Generated_Source\PSoC5/USBUART_1_pm.c **** 
  27:.\Generated_Source\PSoC5/USBUART_1_pm.c **** /* `#END` */
  28:.\Generated_Source\PSoC5/USBUART_1_pm.c **** 
  29:.\Generated_Source\PSoC5/USBUART_1_pm.c **** 
  30:.\Generated_Source\PSoC5/USBUART_1_pm.c **** /***************************************
  31:.\Generated_Source\PSoC5/USBUART_1_pm.c **** * Local data allocation
  32:.\Generated_Source\PSoC5/USBUART_1_pm.c **** ***************************************/
  33:.\Generated_Source\PSoC5/USBUART_1_pm.c **** 
  34:.\Generated_Source\PSoC5/USBUART_1_pm.c **** static USBUART_1_BACKUP_STRUCT  USBUART_1_backup;
  35:.\Generated_Source\PSoC5/USBUART_1_pm.c **** 
  36:.\Generated_Source\PSoC5/USBUART_1_pm.c **** 
  37:.\Generated_Source\PSoC5/USBUART_1_pm.c **** #if(USBUART_1_DP_ISR_REMOVE == 0u)
  38:.\Generated_Source\PSoC5/USBUART_1_pm.c **** 
  39:.\Generated_Source\PSoC5/USBUART_1_pm.c ****     /*******************************************************************************
  40:.\Generated_Source\PSoC5/USBUART_1_pm.c ****     * Function Name: USBUART_1_DP_Interrupt
  41:.\Generated_Source\PSoC5/USBUART_1_pm.c ****     ********************************************************************************
  42:.\Generated_Source\PSoC5/USBUART_1_pm.c ****     *
  43:.\Generated_Source\PSoC5/USBUART_1_pm.c ****     * Summary:
  44:.\Generated_Source\PSoC5/USBUART_1_pm.c ****     *  This Interrupt Service Routine handles DP pin changes for wake-up from
  45:.\Generated_Source\PSoC5/USBUART_1_pm.c ****     *  the sleep mode.
  46:.\Generated_Source\PSoC5/USBUART_1_pm.c ****     *
  47:.\Generated_Source\PSoC5/USBUART_1_pm.c ****     * Parameters:
  48:.\Generated_Source\PSoC5/USBUART_1_pm.c ****     *  None.
  49:.\Generated_Source\PSoC5/USBUART_1_pm.c ****     *
  50:.\Generated_Source\PSoC5/USBUART_1_pm.c ****     * Return:
  51:.\Generated_Source\PSoC5/USBUART_1_pm.c ****     *  None.
  52:.\Generated_Source\PSoC5/USBUART_1_pm.c ****     *
  53:.\Generated_Source\PSoC5/USBUART_1_pm.c ****     *******************************************************************************/
  54:.\Generated_Source\PSoC5/USBUART_1_pm.c ****     CY_ISR(USBUART_1_DP_ISR)
  55:.\Generated_Source\PSoC5/USBUART_1_pm.c ****     {
  40              		.loc 1 55 0
  41              		.cfi_startproc
  42              		@ args = 0, pretend = 0, frame = 0
  43              		@ frame_needed = 1, uses_anonymous_args = 0
  44              		@ link register save eliminated.
  45 0000 80B4     		push	{r7}
  46              	.LCFI0:
  47              		.cfi_def_cfa_offset 4
  48              		.cfi_offset 7, -4
  49 0002 00AF     		add	r7, sp, #0
  50              	.LCFI1:
  51              		.cfi_def_cfa_register 7
  56:.\Generated_Source\PSoC5/USBUART_1_pm.c ****         /* `#START DP_USER_CODE` Place your code here */
  57:.\Generated_Source\PSoC5/USBUART_1_pm.c **** 
  58:.\Generated_Source\PSoC5/USBUART_1_pm.c ****         /* `#END` */
  59:.\Generated_Source\PSoC5/USBUART_1_pm.c **** 
  60:.\Generated_Source\PSoC5/USBUART_1_pm.c ****         /* Clears active interrupt */
  61:.\Generated_Source\PSoC5/USBUART_1_pm.c ****         CY_GET_REG8(USBUART_1_DP_INTSTAT_PTR);
  52              		.loc 1 61 0
  53 0004 44F28F53 		movw	r3, #17807
ARM GAS  C:\Users\Robert\AppData\Local\Temp\ccGI9XoE.s 			page 3


  54 0008 C4F20003 		movt	r3, 16384
  55 000c 1B78     		ldrb	r3, [r3, #0]
  62:.\Generated_Source\PSoC5/USBUART_1_pm.c ****     }
  56              		.loc 1 62 0
  57 000e BD46     		mov	sp, r7
  58 0010 80BC     		pop	{r7}
  59 0012 7047     		bx	lr
  60              		.cfi_endproc
  61              	.LFE56:
  62              		.size	USBUART_1_DP_ISR, .-USBUART_1_DP_ISR
  63              		.section	.text.USBUART_1_SaveConfig,"ax",%progbits
  64              		.align	2
  65              		.global	USBUART_1_SaveConfig
  66              		.thumb
  67              		.thumb_func
  68              		.type	USBUART_1_SaveConfig, %function
  69              	USBUART_1_SaveConfig:
  70              	.LFB57:
  63:.\Generated_Source\PSoC5/USBUART_1_pm.c **** 
  64:.\Generated_Source\PSoC5/USBUART_1_pm.c **** #endif /* (USBUART_1_DP_ISR_REMOVE == 0u) */
  65:.\Generated_Source\PSoC5/USBUART_1_pm.c **** 
  66:.\Generated_Source\PSoC5/USBUART_1_pm.c **** 
  67:.\Generated_Source\PSoC5/USBUART_1_pm.c **** /*******************************************************************************
  68:.\Generated_Source\PSoC5/USBUART_1_pm.c **** * Function Name: USBUART_1_SaveConfig
  69:.\Generated_Source\PSoC5/USBUART_1_pm.c **** ********************************************************************************
  70:.\Generated_Source\PSoC5/USBUART_1_pm.c **** *
  71:.\Generated_Source\PSoC5/USBUART_1_pm.c **** * Summary:
  72:.\Generated_Source\PSoC5/USBUART_1_pm.c **** *  Saves the current user configuration.
  73:.\Generated_Source\PSoC5/USBUART_1_pm.c **** *
  74:.\Generated_Source\PSoC5/USBUART_1_pm.c **** * Parameters:
  75:.\Generated_Source\PSoC5/USBUART_1_pm.c **** *  None.
  76:.\Generated_Source\PSoC5/USBUART_1_pm.c **** *
  77:.\Generated_Source\PSoC5/USBUART_1_pm.c **** * Return:
  78:.\Generated_Source\PSoC5/USBUART_1_pm.c **** *  None.
  79:.\Generated_Source\PSoC5/USBUART_1_pm.c **** *
  80:.\Generated_Source\PSoC5/USBUART_1_pm.c **** * Reentrant:
  81:.\Generated_Source\PSoC5/USBUART_1_pm.c **** *  No.
  82:.\Generated_Source\PSoC5/USBUART_1_pm.c **** *
  83:.\Generated_Source\PSoC5/USBUART_1_pm.c **** *******************************************************************************/
  84:.\Generated_Source\PSoC5/USBUART_1_pm.c **** void USBUART_1_SaveConfig(void) 
  85:.\Generated_Source\PSoC5/USBUART_1_pm.c **** {
  71              		.loc 1 85 0
  72              		.cfi_startproc
  73              		@ args = 0, pretend = 0, frame = 0
  74              		@ frame_needed = 1, uses_anonymous_args = 0
  75              		@ link register save eliminated.
  76 0000 80B4     		push	{r7}
  77              	.LCFI2:
  78              		.cfi_def_cfa_offset 4
  79              		.cfi_offset 7, -4
  80 0002 00AF     		add	r7, sp, #0
  81              	.LCFI3:
  82              		.cfi_def_cfa_register 7
  86:.\Generated_Source\PSoC5/USBUART_1_pm.c **** 
  87:.\Generated_Source\PSoC5/USBUART_1_pm.c **** }
  83              		.loc 1 87 0
  84 0004 BD46     		mov	sp, r7
ARM GAS  C:\Users\Robert\AppData\Local\Temp\ccGI9XoE.s 			page 4


  85 0006 80BC     		pop	{r7}
  86 0008 7047     		bx	lr
  87              		.cfi_endproc
  88              	.LFE57:
  89              		.size	USBUART_1_SaveConfig, .-USBUART_1_SaveConfig
  90 000a 00BF     		.section	.text.USBUART_1_RestoreConfig,"ax",%progbits
  91              		.align	2
  92              		.global	USBUART_1_RestoreConfig
  93              		.thumb
  94              		.thumb_func
  95              		.type	USBUART_1_RestoreConfig, %function
  96              	USBUART_1_RestoreConfig:
  97              	.LFB58:
  88:.\Generated_Source\PSoC5/USBUART_1_pm.c **** 
  89:.\Generated_Source\PSoC5/USBUART_1_pm.c **** 
  90:.\Generated_Source\PSoC5/USBUART_1_pm.c **** /*******************************************************************************
  91:.\Generated_Source\PSoC5/USBUART_1_pm.c **** * Function Name: USBUART_1_RestoreConfig
  92:.\Generated_Source\PSoC5/USBUART_1_pm.c **** ********************************************************************************
  93:.\Generated_Source\PSoC5/USBUART_1_pm.c **** *
  94:.\Generated_Source\PSoC5/USBUART_1_pm.c **** * Summary:
  95:.\Generated_Source\PSoC5/USBUART_1_pm.c **** *  Restores the current user configuration.
  96:.\Generated_Source\PSoC5/USBUART_1_pm.c **** *
  97:.\Generated_Source\PSoC5/USBUART_1_pm.c **** * Parameters:
  98:.\Generated_Source\PSoC5/USBUART_1_pm.c **** *  None.
  99:.\Generated_Source\PSoC5/USBUART_1_pm.c **** *
 100:.\Generated_Source\PSoC5/USBUART_1_pm.c **** * Return:
 101:.\Generated_Source\PSoC5/USBUART_1_pm.c **** *  None.
 102:.\Generated_Source\PSoC5/USBUART_1_pm.c **** *
 103:.\Generated_Source\PSoC5/USBUART_1_pm.c **** * Reentrant:
 104:.\Generated_Source\PSoC5/USBUART_1_pm.c **** *  No.
 105:.\Generated_Source\PSoC5/USBUART_1_pm.c **** *
 106:.\Generated_Source\PSoC5/USBUART_1_pm.c **** *******************************************************************************/
 107:.\Generated_Source\PSoC5/USBUART_1_pm.c **** void USBUART_1_RestoreConfig(void) 
 108:.\Generated_Source\PSoC5/USBUART_1_pm.c **** {
  98              		.loc 1 108 0
  99              		.cfi_startproc
 100              		@ args = 0, pretend = 0, frame = 0
 101              		@ frame_needed = 1, uses_anonymous_args = 0
 102 0000 80B5     		push	{r7, lr}
 103              	.LCFI4:
 104              		.cfi_def_cfa_offset 8
 105              		.cfi_offset 7, -8
 106              		.cfi_offset 14, -4
 107 0002 00AF     		add	r7, sp, #0
 108              	.LCFI5:
 109              		.cfi_def_cfa_register 7
 109:.\Generated_Source\PSoC5/USBUART_1_pm.c ****     if(USBUART_1_configuration != 0u)
 110              		.loc 1 109 0
 111 0004 40F20003 		movw	r3, #:lower16:USBUART_1_configuration
 112 0008 C0F20003 		movt	r3, #:upper16:USBUART_1_configuration
 113 000c 1B78     		ldrb	r3, [r3, #0]
 114 000e DBB2     		uxtb	r3, r3
 115 0010 002B     		cmp	r3, #0
 116 0012 01D0     		beq	.L3
 110:.\Generated_Source\PSoC5/USBUART_1_pm.c ****     {
 111:.\Generated_Source\PSoC5/USBUART_1_pm.c ****         USBUART_1_ConfigReg();
 117              		.loc 1 111 0
ARM GAS  C:\Users\Robert\AppData\Local\Temp\ccGI9XoE.s 			page 5


 118 0014 FFF7FEFF 		bl	USBUART_1_ConfigReg
 119              	.L3:
 112:.\Generated_Source\PSoC5/USBUART_1_pm.c ****     }
 113:.\Generated_Source\PSoC5/USBUART_1_pm.c **** }
 120              		.loc 1 113 0
 121 0018 80BD     		pop	{r7, pc}
 122              		.cfi_endproc
 123              	.LFE58:
 124              		.size	USBUART_1_RestoreConfig, .-USBUART_1_RestoreConfig
 125 001a 00BF     		.section	.text.USBUART_1_Suspend,"ax",%progbits
 126              		.align	2
 127              		.global	USBUART_1_Suspend
 128              		.thumb
 129              		.thumb_func
 130              		.type	USBUART_1_Suspend, %function
 131              	USBUART_1_Suspend:
 132              	.LFB59:
 114:.\Generated_Source\PSoC5/USBUART_1_pm.c **** 
 115:.\Generated_Source\PSoC5/USBUART_1_pm.c **** 
 116:.\Generated_Source\PSoC5/USBUART_1_pm.c **** /*******************************************************************************
 117:.\Generated_Source\PSoC5/USBUART_1_pm.c **** * Function Name: USBUART_1_Suspend
 118:.\Generated_Source\PSoC5/USBUART_1_pm.c **** ********************************************************************************
 119:.\Generated_Source\PSoC5/USBUART_1_pm.c **** *
 120:.\Generated_Source\PSoC5/USBUART_1_pm.c **** * Summary:
 121:.\Generated_Source\PSoC5/USBUART_1_pm.c **** *  This function disables the USBFS block and prepares for power down mode.
 122:.\Generated_Source\PSoC5/USBUART_1_pm.c **** *
 123:.\Generated_Source\PSoC5/USBUART_1_pm.c **** * Parameters:
 124:.\Generated_Source\PSoC5/USBUART_1_pm.c **** *  None.
 125:.\Generated_Source\PSoC5/USBUART_1_pm.c **** *
 126:.\Generated_Source\PSoC5/USBUART_1_pm.c **** * Return:
 127:.\Generated_Source\PSoC5/USBUART_1_pm.c **** *   None.
 128:.\Generated_Source\PSoC5/USBUART_1_pm.c **** *
 129:.\Generated_Source\PSoC5/USBUART_1_pm.c **** * Global variables:
 130:.\Generated_Source\PSoC5/USBUART_1_pm.c **** *  USBUART_1_backup.enable:  modified.
 131:.\Generated_Source\PSoC5/USBUART_1_pm.c **** *
 132:.\Generated_Source\PSoC5/USBUART_1_pm.c **** * Reentrant:
 133:.\Generated_Source\PSoC5/USBUART_1_pm.c **** *  No.
 134:.\Generated_Source\PSoC5/USBUART_1_pm.c **** *
 135:.\Generated_Source\PSoC5/USBUART_1_pm.c **** *******************************************************************************/
 136:.\Generated_Source\PSoC5/USBUART_1_pm.c **** void USBUART_1_Suspend(void) 
 137:.\Generated_Source\PSoC5/USBUART_1_pm.c **** {
 133              		.loc 1 137 0
 134              		.cfi_startproc
 135              		@ args = 0, pretend = 0, frame = 8
 136              		@ frame_needed = 1, uses_anonymous_args = 0
 137 0000 80B5     		push	{r7, lr}
 138              	.LCFI6:
 139              		.cfi_def_cfa_offset 8
 140              		.cfi_offset 7, -8
 141              		.cfi_offset 14, -4
 142 0002 82B0     		sub	sp, sp, #8
 143              	.LCFI7:
 144              		.cfi_def_cfa_offset 16
 145 0004 00AF     		add	r7, sp, #0
 146              	.LCFI8:
 147              		.cfi_def_cfa_register 7
 138:.\Generated_Source\PSoC5/USBUART_1_pm.c ****     uint8 enableInterrupts;
ARM GAS  C:\Users\Robert\AppData\Local\Temp\ccGI9XoE.s 			page 6


 139:.\Generated_Source\PSoC5/USBUART_1_pm.c ****     enableInterrupts = CyEnterCriticalSection();
 148              		.loc 1 139 0
 149 0006 FFF7FEFF 		bl	CyEnterCriticalSection
 150 000a 0346     		mov	r3, r0
 151 000c FB71     		strb	r3, [r7, #7]
 140:.\Generated_Source\PSoC5/USBUART_1_pm.c **** 
 141:.\Generated_Source\PSoC5/USBUART_1_pm.c ****     if((CY_GET_REG8(USBUART_1_CR0_PTR) & USBUART_1_CR0_ENABLE) != 0u)
 152              		.loc 1 141 0
 153 000e 46F20803 		movw	r3, #24584
 154 0012 C4F20003 		movt	r3, 16384
 155 0016 1B78     		ldrb	r3, [r3, #0]
 156 0018 DBB2     		uxtb	r3, r3
 157 001a DBB2     		uxtb	r3, r3
 158 001c 5BB2     		sxtb	r3, r3
 159 001e 002B     		cmp	r3, #0
 160 0020 80F29680 		bge	.L6
 142:.\Generated_Source\PSoC5/USBUART_1_pm.c ****     {   /* USB block is enabled */
 143:.\Generated_Source\PSoC5/USBUART_1_pm.c ****         USBUART_1_backup.enableState = 1u;
 161              		.loc 1 143 0
 162 0024 40F20003 		movw	r3, #:lower16:USBUART_1_backup
 163 0028 C0F20003 		movt	r3, #:upper16:USBUART_1_backup
 164 002c 4FF00102 		mov	r2, #1
 165 0030 1A70     		strb	r2, [r3, #0]
 144:.\Generated_Source\PSoC5/USBUART_1_pm.c **** 
 145:.\Generated_Source\PSoC5/USBUART_1_pm.c ****         #if(USBUART_1_EP_MM != USBUART_1__EP_MANUAL)
 146:.\Generated_Source\PSoC5/USBUART_1_pm.c ****             USBUART_1_Stop_DMA(USBUART_1_MAX_EP);     /* Stop all DMAs */
 147:.\Generated_Source\PSoC5/USBUART_1_pm.c ****         #endif   /*  USBUART_1_EP_MM != USBUART_1__EP_MANUAL */
 148:.\Generated_Source\PSoC5/USBUART_1_pm.c **** 
 149:.\Generated_Source\PSoC5/USBUART_1_pm.c ****         /* Ensure USB transmit enable is low (USB_USBIO_CR0.ten). - Manual Transmission - Disabled 
 150:.\Generated_Source\PSoC5/USBUART_1_pm.c ****         USBUART_1_USBIO_CR0_REG &= (uint8)~USBUART_1_USBIO_CR0_TEN;
 166              		.loc 1 150 0
 167 0032 46F21003 		movw	r3, #24592
 168 0036 C4F20003 		movt	r3, 16384
 169 003a 46F21002 		movw	r2, #24592
 170 003e C4F20002 		movt	r2, 16384
 171 0042 1278     		ldrb	r2, [r2, #0]
 172 0044 D2B2     		uxtb	r2, r2
 173 0046 02F07F02 		and	r2, r2, #127
 174 004a D2B2     		uxtb	r2, r2
 175 004c 1A70     		strb	r2, [r3, #0]
 151:.\Generated_Source\PSoC5/USBUART_1_pm.c ****         CyDelayUs(0u);  /*~50ns delay */
 176              		.loc 1 151 0
 177 004e 4FF00000 		mov	r0, #0
 178 0052 FFF7FEFF 		bl	CyDelayUs
 152:.\Generated_Source\PSoC5/USBUART_1_pm.c **** 
 153:.\Generated_Source\PSoC5/USBUART_1_pm.c ****         /* Disable the USBIO by asserting PM.USB_CR0.fsusbio_pd_n(Inverted) and pd_pullup_hv(Invert
 154:.\Generated_Source\PSoC5/USBUART_1_pm.c ****         USBUART_1_PM_USB_CR0_REG &=
 179              		.loc 1 154 0
 180 0056 44F29433 		movw	r3, #17300
 181 005a C4F20003 		movt	r3, 16384
 182 005e 44F29432 		movw	r2, #17300
 183 0062 C4F20002 		movt	r2, 16384
 184 0066 1278     		ldrb	r2, [r2, #0]
 185 0068 D2B2     		uxtb	r2, r2
 186 006a 22F00602 		bic	r2, r2, #6
 187 006e D2B2     		uxtb	r2, r2
 188 0070 1A70     		strb	r2, [r3, #0]
ARM GAS  C:\Users\Robert\AppData\Local\Temp\ccGI9XoE.s 			page 7


 155:.\Generated_Source\PSoC5/USBUART_1_pm.c ****                                 (uint8)~(USBUART_1_PM_USB_CR0_PD_N | USBUART_1_PM_USB_CR0_PD_PULLUP
 156:.\Generated_Source\PSoC5/USBUART_1_pm.c **** 
 157:.\Generated_Source\PSoC5/USBUART_1_pm.c ****         /* Disable the SIE */
 158:.\Generated_Source\PSoC5/USBUART_1_pm.c ****         USBUART_1_CR0_REG &= (uint8)~USBUART_1_CR0_ENABLE;
 189              		.loc 1 158 0
 190 0072 46F20803 		movw	r3, #24584
 191 0076 C4F20003 		movt	r3, 16384
 192 007a 46F20802 		movw	r2, #24584
 193 007e C4F20002 		movt	r2, 16384
 194 0082 1278     		ldrb	r2, [r2, #0]
 195 0084 D2B2     		uxtb	r2, r2
 196 0086 02F07F02 		and	r2, r2, #127
 197 008a D2B2     		uxtb	r2, r2
 198 008c 1A70     		strb	r2, [r3, #0]
 159:.\Generated_Source\PSoC5/USBUART_1_pm.c **** 
 160:.\Generated_Source\PSoC5/USBUART_1_pm.c ****         CyDelayUs(0u);  /* ~50ns delay */
 199              		.loc 1 160 0
 200 008e 4FF00000 		mov	r0, #0
 201 0092 FFF7FEFF 		bl	CyDelayUs
 161:.\Generated_Source\PSoC5/USBUART_1_pm.c ****         /* Store mode and Disable VRegulator*/
 162:.\Generated_Source\PSoC5/USBUART_1_pm.c ****         USBUART_1_backup.mode = USBUART_1_CR1_REG & USBUART_1_CR1_REG_ENABLE;
 202              		.loc 1 162 0
 203 0096 46F20903 		movw	r3, #24585
 204 009a C4F20003 		movt	r3, 16384
 205 009e 1B78     		ldrb	r3, [r3, #0]
 206 00a0 DBB2     		uxtb	r3, r3
 207 00a2 03F00103 		and	r3, r3, #1
 208 00a6 DAB2     		uxtb	r2, r3
 209 00a8 40F20003 		movw	r3, #:lower16:USBUART_1_backup
 210 00ac C0F20003 		movt	r3, #:upper16:USBUART_1_backup
 211 00b0 5A70     		strb	r2, [r3, #1]
 163:.\Generated_Source\PSoC5/USBUART_1_pm.c ****         USBUART_1_CR1_REG &= (uint8)~USBUART_1_CR1_REG_ENABLE;
 212              		.loc 1 163 0
 213 00b2 46F20903 		movw	r3, #24585
 214 00b6 C4F20003 		movt	r3, 16384
 215 00ba 46F20902 		movw	r2, #24585
 216 00be C4F20002 		movt	r2, 16384
 217 00c2 1278     		ldrb	r2, [r2, #0]
 218 00c4 D2B2     		uxtb	r2, r2
 219 00c6 22F00102 		bic	r2, r2, #1
 220 00ca D2B2     		uxtb	r2, r2
 221 00cc 1A70     		strb	r2, [r3, #0]
 164:.\Generated_Source\PSoC5/USBUART_1_pm.c **** 
 165:.\Generated_Source\PSoC5/USBUART_1_pm.c ****         CyDelayUs(1u);  /* 0.5 us min delay */
 222              		.loc 1 165 0
 223 00ce 4FF00100 		mov	r0, #1
 224 00d2 FFF7FEFF 		bl	CyDelayUs
 166:.\Generated_Source\PSoC5/USBUART_1_pm.c ****         /* Disable the USBIO reference by setting PM.USB_CR0.fsusbio_ref_en.*/
 167:.\Generated_Source\PSoC5/USBUART_1_pm.c ****         USBUART_1_PM_USB_CR0_REG &= (uint8)~USBUART_1_PM_USB_CR0_REF_EN;
 225              		.loc 1 167 0
 226 00d6 44F29433 		movw	r3, #17300
 227 00da C4F20003 		movt	r3, 16384
 228 00de 44F29432 		movw	r2, #17300
 229 00e2 C4F20002 		movt	r2, 16384
 230 00e6 1278     		ldrb	r2, [r2, #0]
 231 00e8 D2B2     		uxtb	r2, r2
 232 00ea 22F00102 		bic	r2, r2, #1
ARM GAS  C:\Users\Robert\AppData\Local\Temp\ccGI9XoE.s 			page 8


 233 00ee D2B2     		uxtb	r2, r2
 234 00f0 1A70     		strb	r2, [r3, #0]
 168:.\Generated_Source\PSoC5/USBUART_1_pm.c **** 
 169:.\Generated_Source\PSoC5/USBUART_1_pm.c ****         /* Switch DP and DM terminals to GPIO mode and disconnect 1.5k pullup*/
 170:.\Generated_Source\PSoC5/USBUART_1_pm.c ****         USBUART_1_USBIO_CR1_REG |= USBUART_1_USBIO_CR1_IOMODE;
 235              		.loc 1 170 0
 236 00f2 46F21203 		movw	r3, #24594
 237 00f6 C4F20003 		movt	r3, 16384
 238 00fa 46F21202 		movw	r2, #24594
 239 00fe C4F20002 		movt	r2, 16384
 240 0102 1278     		ldrb	r2, [r2, #0]
 241 0104 D2B2     		uxtb	r2, r2
 242 0106 42F02002 		orr	r2, r2, #32
 243 010a D2B2     		uxtb	r2, r2
 244 010c 1A70     		strb	r2, [r3, #0]
 171:.\Generated_Source\PSoC5/USBUART_1_pm.c **** 
 172:.\Generated_Source\PSoC5/USBUART_1_pm.c ****         /* Disable USB in ACT PM */
 173:.\Generated_Source\PSoC5/USBUART_1_pm.c ****         USBUART_1_PM_ACT_CFG_REG &= (uint8)~USBUART_1_PM_ACT_EN_FSUSB;
 245              		.loc 1 173 0
 246 010e 44F2A533 		movw	r3, #17317
 247 0112 C4F20003 		movt	r3, 16384
 248 0116 44F2A532 		movw	r2, #17317
 249 011a C4F20002 		movt	r2, 16384
 250 011e 1278     		ldrb	r2, [r2, #0]
 251 0120 D2B2     		uxtb	r2, r2
 252 0122 22F00102 		bic	r2, r2, #1
 253 0126 D2B2     		uxtb	r2, r2
 254 0128 1A70     		strb	r2, [r3, #0]
 174:.\Generated_Source\PSoC5/USBUART_1_pm.c ****         /* Disable USB block for Standby Power Mode */
 175:.\Generated_Source\PSoC5/USBUART_1_pm.c ****         USBUART_1_PM_STBY_CFG_REG &= (uint8)~USBUART_1_PM_STBY_EN_FSUSB;
 255              		.loc 1 175 0
 256 012a 44F2B533 		movw	r3, #17333
 257 012e C4F20003 		movt	r3, 16384
 258 0132 44F2B532 		movw	r2, #17333
 259 0136 C4F20002 		movt	r2, 16384
 260 013a 1278     		ldrb	r2, [r2, #0]
 261 013c D2B2     		uxtb	r2, r2
 262 013e 22F00102 		bic	r2, r2, #1
 263 0142 D2B2     		uxtb	r2, r2
 264 0144 1A70     		strb	r2, [r3, #0]
 176:.\Generated_Source\PSoC5/USBUART_1_pm.c ****         CyDelayUs(1u); /* min  0.5us delay required */
 265              		.loc 1 176 0
 266 0146 4FF00100 		mov	r0, #1
 267 014a FFF7FEFF 		bl	CyDelayUs
 268 014e 06E0     		b	.L7
 269              	.L6:
 177:.\Generated_Source\PSoC5/USBUART_1_pm.c **** 
 178:.\Generated_Source\PSoC5/USBUART_1_pm.c ****     }
 179:.\Generated_Source\PSoC5/USBUART_1_pm.c ****     else
 180:.\Generated_Source\PSoC5/USBUART_1_pm.c ****     {
 181:.\Generated_Source\PSoC5/USBUART_1_pm.c ****         USBUART_1_backup.enableState = 0u;
 270              		.loc 1 181 0
 271 0150 40F20003 		movw	r3, #:lower16:USBUART_1_backup
 272 0154 C0F20003 		movt	r3, #:upper16:USBUART_1_backup
 273 0158 4FF00002 		mov	r2, #0
 274 015c 1A70     		strb	r2, [r3, #0]
 275              	.L7:
ARM GAS  C:\Users\Robert\AppData\Local\Temp\ccGI9XoE.s 			page 9


 182:.\Generated_Source\PSoC5/USBUART_1_pm.c ****     }
 183:.\Generated_Source\PSoC5/USBUART_1_pm.c ****     
 184:.\Generated_Source\PSoC5/USBUART_1_pm.c ****     CyExitCriticalSection(enableInterrupts);
 276              		.loc 1 184 0
 277 015e FB79     		ldrb	r3, [r7, #7]	@ zero_extendqisi2
 278 0160 1846     		mov	r0, r3
 279 0162 FFF7FEFF 		bl	CyExitCriticalSection
 185:.\Generated_Source\PSoC5/USBUART_1_pm.c **** 
 186:.\Generated_Source\PSoC5/USBUART_1_pm.c ****     /* Set the DP Interrupt for wake-up from sleep mode. */
 187:.\Generated_Source\PSoC5/USBUART_1_pm.c ****     #if(USBUART_1_DP_ISR_REMOVE == 0u)
 188:.\Generated_Source\PSoC5/USBUART_1_pm.c ****         (void) CyIntSetVector(USBUART_1_DP_INTC_VECT_NUM, &USBUART_1_DP_ISR);
 280              		.loc 1 188 0
 281 0166 4FF00C00 		mov	r0, #12
 282 016a 40F20001 		movw	r1, #:lower16:USBUART_1_DP_ISR
 283 016e C0F20001 		movt	r1, #:upper16:USBUART_1_DP_ISR
 284 0172 FFF7FEFF 		bl	CyIntSetVector
 189:.\Generated_Source\PSoC5/USBUART_1_pm.c ****         CyIntSetPriority(USBUART_1_DP_INTC_VECT_NUM, USBUART_1_DP_INTC_PRIOR);
 285              		.loc 1 189 0
 286 0176 4FF00C00 		mov	r0, #12
 287 017a 4FF00701 		mov	r1, #7
 288 017e FFF7FEFF 		bl	CyIntSetPriority
 190:.\Generated_Source\PSoC5/USBUART_1_pm.c ****         CyIntClearPending(USBUART_1_DP_INTC_VECT_NUM);
 289              		.loc 1 190 0
 290 0182 4EF28023 		movw	r3, #57984
 291 0186 CEF20003 		movt	r3, 57344
 292 018a 4FF48052 		mov	r2, #4096
 293 018e 1A60     		str	r2, [r3, #0]
 191:.\Generated_Source\PSoC5/USBUART_1_pm.c ****         CyIntEnable(USBUART_1_DP_INTC_VECT_NUM);
 294              		.loc 1 191 0
 295 0190 4FF46143 		mov	r3, #57600
 296 0194 CEF20003 		movt	r3, 57344
 297 0198 4FF48052 		mov	r2, #4096
 298 019c 1A60     		str	r2, [r3, #0]
 192:.\Generated_Source\PSoC5/USBUART_1_pm.c ****     #endif /* (USBUART_1_DP_ISR_REMOVE == 0u) */
 193:.\Generated_Source\PSoC5/USBUART_1_pm.c **** }
 299              		.loc 1 193 0
 300 019e 07F10807 		add	r7, r7, #8
 301 01a2 BD46     		mov	sp, r7
 302 01a4 80BD     		pop	{r7, pc}
 303              		.cfi_endproc
 304              	.LFE59:
 305              		.size	USBUART_1_Suspend, .-USBUART_1_Suspend
 306 01a6 00BF     		.section	.text.USBUART_1_Resume,"ax",%progbits
 307              		.align	2
 308              		.global	USBUART_1_Resume
 309              		.thumb
 310              		.thumb_func
 311              		.type	USBUART_1_Resume, %function
 312              	USBUART_1_Resume:
 313              	.LFB60:
 194:.\Generated_Source\PSoC5/USBUART_1_pm.c **** 
 195:.\Generated_Source\PSoC5/USBUART_1_pm.c **** 
 196:.\Generated_Source\PSoC5/USBUART_1_pm.c **** /*******************************************************************************
 197:.\Generated_Source\PSoC5/USBUART_1_pm.c **** * Function Name: USBUART_1_Resume
 198:.\Generated_Source\PSoC5/USBUART_1_pm.c **** ********************************************************************************
 199:.\Generated_Source\PSoC5/USBUART_1_pm.c **** *
 200:.\Generated_Source\PSoC5/USBUART_1_pm.c **** * Summary:
ARM GAS  C:\Users\Robert\AppData\Local\Temp\ccGI9XoE.s 			page 10


 201:.\Generated_Source\PSoC5/USBUART_1_pm.c **** *  This function enables the USBFS block after power down mode.
 202:.\Generated_Source\PSoC5/USBUART_1_pm.c **** *
 203:.\Generated_Source\PSoC5/USBUART_1_pm.c **** * Parameters:
 204:.\Generated_Source\PSoC5/USBUART_1_pm.c **** *  None.
 205:.\Generated_Source\PSoC5/USBUART_1_pm.c **** *
 206:.\Generated_Source\PSoC5/USBUART_1_pm.c **** * Return:
 207:.\Generated_Source\PSoC5/USBUART_1_pm.c **** *  None.
 208:.\Generated_Source\PSoC5/USBUART_1_pm.c **** *
 209:.\Generated_Source\PSoC5/USBUART_1_pm.c **** * Global variables:
 210:.\Generated_Source\PSoC5/USBUART_1_pm.c **** *  USBUART_1_backup - checked.
 211:.\Generated_Source\PSoC5/USBUART_1_pm.c **** *
 212:.\Generated_Source\PSoC5/USBUART_1_pm.c **** * Reentrant:
 213:.\Generated_Source\PSoC5/USBUART_1_pm.c **** *  No.
 214:.\Generated_Source\PSoC5/USBUART_1_pm.c **** *
 215:.\Generated_Source\PSoC5/USBUART_1_pm.c **** *******************************************************************************/
 216:.\Generated_Source\PSoC5/USBUART_1_pm.c **** void USBUART_1_Resume(void) 
 217:.\Generated_Source\PSoC5/USBUART_1_pm.c **** {
 314              		.loc 1 217 0
 315              		.cfi_startproc
 316              		@ args = 0, pretend = 0, frame = 8
 317              		@ frame_needed = 1, uses_anonymous_args = 0
 318 0000 80B5     		push	{r7, lr}
 319              	.LCFI9:
 320              		.cfi_def_cfa_offset 8
 321              		.cfi_offset 7, -8
 322              		.cfi_offset 14, -4
 323 0002 82B0     		sub	sp, sp, #8
 324              	.LCFI10:
 325              		.cfi_def_cfa_offset 16
 326 0004 00AF     		add	r7, sp, #0
 327              	.LCFI11:
 328              		.cfi_def_cfa_register 7
 218:.\Generated_Source\PSoC5/USBUART_1_pm.c ****     uint8 enableInterrupts;
 219:.\Generated_Source\PSoC5/USBUART_1_pm.c ****     enableInterrupts = CyEnterCriticalSection();
 329              		.loc 1 219 0
 330 0006 FFF7FEFF 		bl	CyEnterCriticalSection
 331 000a 0346     		mov	r3, r0
 332 000c FB71     		strb	r3, [r7, #7]
 220:.\Generated_Source\PSoC5/USBUART_1_pm.c **** 
 221:.\Generated_Source\PSoC5/USBUART_1_pm.c ****     if(USBUART_1_backup.enableState != 0u)
 333              		.loc 1 221 0
 334 000e 40F20003 		movw	r3, #:lower16:USBUART_1_backup
 335 0012 C0F20003 		movt	r3, #:upper16:USBUART_1_backup
 336 0016 1B78     		ldrb	r3, [r3, #0]	@ zero_extendqisi2
 337 0018 002B     		cmp	r3, #0
 338 001a 00F09B80 		beq	.L9
 222:.\Generated_Source\PSoC5/USBUART_1_pm.c ****     {
 223:.\Generated_Source\PSoC5/USBUART_1_pm.c ****         #if(USBUART_1_DP_ISR_REMOVE == 0u)
 224:.\Generated_Source\PSoC5/USBUART_1_pm.c ****             CyIntDisable(USBUART_1_DP_INTC_VECT_NUM);
 339              		.loc 1 224 0
 340 001e 4EF28013 		movw	r3, #57728
 341 0022 CEF20003 		movt	r3, 57344
 342 0026 4FF48052 		mov	r2, #4096
 343 002a 1A60     		str	r2, [r3, #0]
 225:.\Generated_Source\PSoC5/USBUART_1_pm.c ****         #endif /*  USBUART_1_DP_ISR_REMOVE */
 226:.\Generated_Source\PSoC5/USBUART_1_pm.c **** 
 227:.\Generated_Source\PSoC5/USBUART_1_pm.c ****         /* Enable USB block */
ARM GAS  C:\Users\Robert\AppData\Local\Temp\ccGI9XoE.s 			page 11


 228:.\Generated_Source\PSoC5/USBUART_1_pm.c ****         USBUART_1_PM_ACT_CFG_REG |= USBUART_1_PM_ACT_EN_FSUSB;
 344              		.loc 1 228 0
 345 002c 44F2A533 		movw	r3, #17317
 346 0030 C4F20003 		movt	r3, 16384
 347 0034 44F2A532 		movw	r2, #17317
 348 0038 C4F20002 		movt	r2, 16384
 349 003c 1278     		ldrb	r2, [r2, #0]
 350 003e D2B2     		uxtb	r2, r2
 351 0040 42F00102 		orr	r2, r2, #1
 352 0044 D2B2     		uxtb	r2, r2
 353 0046 1A70     		strb	r2, [r3, #0]
 229:.\Generated_Source\PSoC5/USBUART_1_pm.c ****         /* Enable USB block for Standby Power Mode */
 230:.\Generated_Source\PSoC5/USBUART_1_pm.c ****         USBUART_1_PM_STBY_CFG_REG |= USBUART_1_PM_STBY_EN_FSUSB;
 354              		.loc 1 230 0
 355 0048 44F2B533 		movw	r3, #17333
 356 004c C4F20003 		movt	r3, 16384
 357 0050 44F2B532 		movw	r2, #17333
 358 0054 C4F20002 		movt	r2, 16384
 359 0058 1278     		ldrb	r2, [r2, #0]
 360 005a D2B2     		uxtb	r2, r2
 361 005c 42F00102 		orr	r2, r2, #1
 362 0060 D2B2     		uxtb	r2, r2
 363 0062 1A70     		strb	r2, [r3, #0]
 231:.\Generated_Source\PSoC5/USBUART_1_pm.c ****         /* Enable core clock */
 232:.\Generated_Source\PSoC5/USBUART_1_pm.c ****         USBUART_1_USB_CLK_EN_REG |= USBUART_1_USB_CLK_ENABLE;
 364              		.loc 1 232 0
 365 0064 46F29D03 		movw	r3, #24733
 366 0068 C4F20003 		movt	r3, 16384
 367 006c 46F29D02 		movw	r2, #24733
 368 0070 C4F20002 		movt	r2, 16384
 369 0074 1278     		ldrb	r2, [r2, #0]
 370 0076 D2B2     		uxtb	r2, r2
 371 0078 42F00102 		orr	r2, r2, #1
 372 007c D2B2     		uxtb	r2, r2
 373 007e 1A70     		strb	r2, [r3, #0]
 233:.\Generated_Source\PSoC5/USBUART_1_pm.c **** 
 234:.\Generated_Source\PSoC5/USBUART_1_pm.c ****         /* Enable the USBIO reference by setting PM.USB_CR0.fsusbio_ref_en.*/
 235:.\Generated_Source\PSoC5/USBUART_1_pm.c ****         USBUART_1_PM_USB_CR0_REG |= USBUART_1_PM_USB_CR0_REF_EN;
 374              		.loc 1 235 0
 375 0080 44F29433 		movw	r3, #17300
 376 0084 C4F20003 		movt	r3, 16384
 377 0088 44F29432 		movw	r2, #17300
 378 008c C4F20002 		movt	r2, 16384
 379 0090 1278     		ldrb	r2, [r2, #0]
 380 0092 D2B2     		uxtb	r2, r2
 381 0094 42F00102 		orr	r2, r2, #1
 382 0098 D2B2     		uxtb	r2, r2
 383 009a 1A70     		strb	r2, [r3, #0]
 236:.\Generated_Source\PSoC5/USBUART_1_pm.c ****         /* The reference will be available ~40us after power restored */
 237:.\Generated_Source\PSoC5/USBUART_1_pm.c ****         CyDelayUs(40u);
 384              		.loc 1 237 0
 385 009c 4FF02800 		mov	r0, #40
 386 00a0 FFF7FEFF 		bl	CyDelayUs
 238:.\Generated_Source\PSoC5/USBUART_1_pm.c ****         /* Return VRegulator*/
 239:.\Generated_Source\PSoC5/USBUART_1_pm.c ****         USBUART_1_CR1_REG |= USBUART_1_backup.mode;
 387              		.loc 1 239 0
 388 00a4 46F20903 		movw	r3, #24585
ARM GAS  C:\Users\Robert\AppData\Local\Temp\ccGI9XoE.s 			page 12


 389 00a8 C4F20003 		movt	r3, 16384
 390 00ac 46F20902 		movw	r2, #24585
 391 00b0 C4F20002 		movt	r2, 16384
 392 00b4 1278     		ldrb	r2, [r2, #0]
 393 00b6 D1B2     		uxtb	r1, r2
 394 00b8 40F20002 		movw	r2, #:lower16:USBUART_1_backup
 395 00bc C0F20002 		movt	r2, #:upper16:USBUART_1_backup
 396 00c0 5278     		ldrb	r2, [r2, #1]	@ zero_extendqisi2
 397 00c2 0A43     		orrs	r2, r2, r1
 398 00c4 D2B2     		uxtb	r2, r2
 399 00c6 1A70     		strb	r2, [r3, #0]
 240:.\Generated_Source\PSoC5/USBUART_1_pm.c ****         CyDelayUs(0u);  /*~50ns delay */
 400              		.loc 1 240 0
 401 00c8 4FF00000 		mov	r0, #0
 402 00cc FFF7FEFF 		bl	CyDelayUs
 241:.\Generated_Source\PSoC5/USBUART_1_pm.c ****         /* Enable USBIO */
 242:.\Generated_Source\PSoC5/USBUART_1_pm.c ****         USBUART_1_PM_USB_CR0_REG |= USBUART_1_PM_USB_CR0_PD_N;
 403              		.loc 1 242 0
 404 00d0 44F29433 		movw	r3, #17300
 405 00d4 C4F20003 		movt	r3, 16384
 406 00d8 44F29432 		movw	r2, #17300
 407 00dc C4F20002 		movt	r2, 16384
 408 00e0 1278     		ldrb	r2, [r2, #0]
 409 00e2 D2B2     		uxtb	r2, r2
 410 00e4 42F00202 		orr	r2, r2, #2
 411 00e8 D2B2     		uxtb	r2, r2
 412 00ea 1A70     		strb	r2, [r3, #0]
 243:.\Generated_Source\PSoC5/USBUART_1_pm.c ****         CyDelayUs(2u);
 413              		.loc 1 243 0
 414 00ec 4FF00200 		mov	r0, #2
 415 00f0 FFF7FEFF 		bl	CyDelayUs
 244:.\Generated_Source\PSoC5/USBUART_1_pm.c ****         /* Set the USBIO pull-up enable */
 245:.\Generated_Source\PSoC5/USBUART_1_pm.c ****         USBUART_1_PM_USB_CR0_REG |= USBUART_1_PM_USB_CR0_PD_PULLUP_N;
 416              		.loc 1 245 0
 417 00f4 44F29433 		movw	r3, #17300
 418 00f8 C4F20003 		movt	r3, 16384
 419 00fc 44F29432 		movw	r2, #17300
 420 0100 C4F20002 		movt	r2, 16384
 421 0104 1278     		ldrb	r2, [r2, #0]
 422 0106 D2B2     		uxtb	r2, r2
 423 0108 42F00402 		orr	r2, r2, #4
 424 010c D2B2     		uxtb	r2, r2
 425 010e 1A70     		strb	r2, [r3, #0]
 246:.\Generated_Source\PSoC5/USBUART_1_pm.c **** 
 247:.\Generated_Source\PSoC5/USBUART_1_pm.c ****         /* Re-init Arbiter configuration for DMA transfers */
 248:.\Generated_Source\PSoC5/USBUART_1_pm.c ****         #if(USBUART_1_EP_MM != USBUART_1__EP_MANUAL)
 249:.\Generated_Source\PSoC5/USBUART_1_pm.c ****             /* Usb arb interrupt enable */
 250:.\Generated_Source\PSoC5/USBUART_1_pm.c ****             USBUART_1_ARB_INT_EN_REG = USBUART_1_ARB_INT_MASK;
 251:.\Generated_Source\PSoC5/USBUART_1_pm.c ****             #if(USBUART_1_EP_MM == USBUART_1__EP_DMAMANUAL)
 252:.\Generated_Source\PSoC5/USBUART_1_pm.c ****                 USBUART_1_ARB_CFG_REG = USBUART_1_ARB_CFG_MANUAL_DMA;
 253:.\Generated_Source\PSoC5/USBUART_1_pm.c ****             #endif   /*  USBUART_1_EP_MM == USBUART_1__EP_DMAMANUAL */
 254:.\Generated_Source\PSoC5/USBUART_1_pm.c ****             #if(USBUART_1_EP_MM == USBUART_1__EP_DMAAUTO)
 255:.\Generated_Source\PSoC5/USBUART_1_pm.c ****                 /*Set cfg cmplt this rises DMA request when the full configuration is done */
 256:.\Generated_Source\PSoC5/USBUART_1_pm.c ****                 USBUART_1_ARB_CFG_REG = USBUART_1_ARB_CFG_AUTO_DMA | USBUART_1_ARB_CFG_AUTO_MEM;
 257:.\Generated_Source\PSoC5/USBUART_1_pm.c ****             #endif   /*  USBUART_1_EP_MM == USBUART_1__EP_DMAAUTO */
 258:.\Generated_Source\PSoC5/USBUART_1_pm.c ****         #endif   /*  USBUART_1_EP_MM != USBUART_1__EP_MANUAL */
 259:.\Generated_Source\PSoC5/USBUART_1_pm.c **** 
ARM GAS  C:\Users\Robert\AppData\Local\Temp\ccGI9XoE.s 			page 13


 260:.\Generated_Source\PSoC5/USBUART_1_pm.c ****         /* STALL_IN_OUT */
 261:.\Generated_Source\PSoC5/USBUART_1_pm.c ****         CY_SET_REG8(USBUART_1_EP0_CR_PTR, USBUART_1_MODE_STALL_IN_OUT);
 426              		.loc 1 261 0
 427 0110 46F22803 		movw	r3, #24616
 428 0114 C4F20003 		movt	r3, 16384
 429 0118 4FF00302 		mov	r2, #3
 430 011c 1A70     		strb	r2, [r3, #0]
 262:.\Generated_Source\PSoC5/USBUART_1_pm.c ****         /* Enable the SIE with a last address */
 263:.\Generated_Source\PSoC5/USBUART_1_pm.c ****         USBUART_1_CR0_REG |= USBUART_1_CR0_ENABLE;
 431              		.loc 1 263 0
 432 011e 46F20803 		movw	r3, #24584
 433 0122 C4F20003 		movt	r3, 16384
 434 0126 46F20802 		movw	r2, #24584
 435 012a C4F20002 		movt	r2, 16384
 436 012e 1278     		ldrb	r2, [r2, #0]
 437 0130 D2B2     		uxtb	r2, r2
 438 0132 62F07F02 		orn	r2, r2, #127
 439 0136 D2B2     		uxtb	r2, r2
 440 0138 1A70     		strb	r2, [r3, #0]
 264:.\Generated_Source\PSoC5/USBUART_1_pm.c ****         CyDelayCycles(1u);
 441              		.loc 1 264 0
 442 013a 4FF00100 		mov	r0, #1
 443 013e FFF7FEFF 		bl	CyDelayCycles
 265:.\Generated_Source\PSoC5/USBUART_1_pm.c ****         /* Finally, Enable d+ pullup and select iomode to USB mode*/
 266:.\Generated_Source\PSoC5/USBUART_1_pm.c ****         CY_SET_REG8(USBUART_1_USBIO_CR1_PTR, USBUART_1_USBIO_CR1_USBPUEN);
 444              		.loc 1 266 0
 445 0142 46F21203 		movw	r3, #24594
 446 0146 C4F20003 		movt	r3, 16384
 447 014a 4FF00402 		mov	r2, #4
 448 014e 1A70     		strb	r2, [r3, #0]
 267:.\Generated_Source\PSoC5/USBUART_1_pm.c **** 
 268:.\Generated_Source\PSoC5/USBUART_1_pm.c ****         /* Restore USB register settings */
 269:.\Generated_Source\PSoC5/USBUART_1_pm.c ****         USBUART_1_RestoreConfig();
 449              		.loc 1 269 0
 450 0150 FFF7FEFF 		bl	USBUART_1_RestoreConfig
 451              	.L9:
 270:.\Generated_Source\PSoC5/USBUART_1_pm.c ****     }
 271:.\Generated_Source\PSoC5/USBUART_1_pm.c **** 
 272:.\Generated_Source\PSoC5/USBUART_1_pm.c ****     CyExitCriticalSection(enableInterrupts);
 452              		.loc 1 272 0
 453 0154 FB79     		ldrb	r3, [r7, #7]	@ zero_extendqisi2
 454 0156 1846     		mov	r0, r3
 455 0158 FFF7FEFF 		bl	CyExitCriticalSection
 273:.\Generated_Source\PSoC5/USBUART_1_pm.c **** }
 456              		.loc 1 273 0
 457 015c 07F10807 		add	r7, r7, #8
 458 0160 BD46     		mov	sp, r7
 459 0162 80BD     		pop	{r7, pc}
 460              		.cfi_endproc
 461              	.LFE60:
 462              		.size	USBUART_1_Resume, .-USBUART_1_Resume
 463              		.text
 464              	.Letext0:
 465              		.file 2 "c:\\program files (x86)\\cypress\\psoc creator\\3.0\\psoc creator\\import\\gnu_cs\\arm\\4
 466              		.file 3 "./Generated_Source/PSoC5/cytypes.h"
 467              		.file 4 "./Generated_Source/PSoC5/USBUART_1.h"
 468              		.file 5 "./Generated_Source/PSoC5/TFTSHIELD_1.h"
ARM GAS  C:\Users\Robert\AppData\Local\Temp\ccGI9XoE.s 			page 14


 469              		.file 6 "./Generated_Source/PSoC5/core_cm3.h"
 470              		.section	.debug_info,"",%progbits
 471              	.Ldebug_info0:
 472 0000 82020000 		.4byte	0x282
 473 0004 0200     		.2byte	0x2
 474 0006 00000000 		.4byte	.Ldebug_abbrev0
 475 000a 04       		.byte	0x4
 476 000b 01       		.uleb128 0x1
 477 000c 4F020000 		.4byte	.LASF42
 478 0010 01       		.byte	0x1
 479 0011 98020000 		.4byte	.LASF43
 480 0015 75010000 		.4byte	.LASF44
 481 0019 00000000 		.4byte	.Ldebug_ranges0+0
 482 001d 00000000 		.4byte	0
 483 0021 00000000 		.4byte	0
 484 0025 00000000 		.4byte	.Ldebug_line0
 485 0029 02       		.uleb128 0x2
 486 002a 01       		.byte	0x1
 487 002b 06       		.byte	0x6
 488 002c 32020000 		.4byte	.LASF0
 489 0030 03       		.uleb128 0x3
 490 0031 27010000 		.4byte	.LASF2
 491 0035 02       		.byte	0x2
 492 0036 2A       		.byte	0x2a
 493 0037 3B000000 		.4byte	0x3b
 494 003b 02       		.uleb128 0x2
 495 003c 01       		.byte	0x1
 496 003d 08       		.byte	0x8
 497 003e 63000000 		.4byte	.LASF1
 498 0042 03       		.uleb128 0x3
 499 0043 45010000 		.4byte	.LASF3
 500 0047 02       		.byte	0x2
 501 0048 35       		.byte	0x35
 502 0049 4D000000 		.4byte	0x4d
 503 004d 02       		.uleb128 0x2
 504 004e 02       		.byte	0x2
 505 004f 05       		.byte	0x5
 506 0050 D5010000 		.4byte	.LASF4
 507 0054 03       		.uleb128 0x3
 508 0055 F0010000 		.4byte	.LASF5
 509 0059 02       		.byte	0x2
 510 005a 36       		.byte	0x36
 511 005b 5F000000 		.4byte	0x5f
 512 005f 02       		.uleb128 0x2
 513 0060 02       		.byte	0x2
 514 0061 07       		.byte	0x7
 515 0062 88000000 		.4byte	.LASF6
 516 0066 03       		.uleb128 0x3
 517 0067 4D010000 		.4byte	.LASF7
 518 006b 02       		.byte	0x2
 519 006c 4F       		.byte	0x4f
 520 006d 71000000 		.4byte	0x71
 521 0071 02       		.uleb128 0x2
 522 0072 04       		.byte	0x4
 523 0073 05       		.byte	0x5
 524 0074 1D020000 		.4byte	.LASF8
 525 0078 02       		.uleb128 0x2
ARM GAS  C:\Users\Robert\AppData\Local\Temp\ccGI9XoE.s 			page 15


 526 0079 04       		.byte	0x4
 527 007a 07       		.byte	0x7
 528 007b 76000000 		.4byte	.LASF9
 529 007f 02       		.uleb128 0x2
 530 0080 08       		.byte	0x8
 531 0081 05       		.byte	0x5
 532 0082 5E010000 		.4byte	.LASF10
 533 0086 02       		.uleb128 0x2
 534 0087 08       		.byte	0x8
 535 0088 07       		.byte	0x7
 536 0089 10010000 		.4byte	.LASF11
 537 008d 04       		.uleb128 0x4
 538 008e 04       		.byte	0x4
 539 008f 05       		.byte	0x5
 540 0090 696E7400 		.ascii	"int\000"
 541 0094 02       		.uleb128 0x2
 542 0095 04       		.byte	0x4
 543 0096 07       		.byte	0x7
 544 0097 FA000000 		.4byte	.LASF12
 545 009b 03       		.uleb128 0x3
 546 009c 57000000 		.4byte	.LASF13
 547 00a0 03       		.byte	0x3
 548 00a1 5B       		.byte	0x5b
 549 00a2 3B000000 		.4byte	0x3b
 550 00a6 03       		.uleb128 0x3
 551 00a7 F3000000 		.4byte	.LASF14
 552 00ab 03       		.byte	0x3
 553 00ac 5D       		.byte	0x5d
 554 00ad 78000000 		.4byte	0x78
 555 00b1 02       		.uleb128 0x2
 556 00b2 04       		.byte	0x4
 557 00b3 04       		.byte	0x4
 558 00b4 5D000000 		.4byte	.LASF15
 559 00b8 02       		.uleb128 0x2
 560 00b9 08       		.byte	0x8
 561 00ba 04       		.byte	0x4
 562 00bb 50000000 		.4byte	.LASF16
 563 00bf 02       		.uleb128 0x2
 564 00c0 01       		.byte	0x1
 565 00c1 08       		.byte	0x8
 566 00c2 18000000 		.4byte	.LASF17
 567 00c6 03       		.uleb128 0x3
 568 00c7 71000000 		.4byte	.LASF18
 569 00cb 03       		.byte	0x3
 570 00cc F0       		.byte	0xf0
 571 00cd D1000000 		.4byte	0xd1
 572 00d1 05       		.uleb128 0x5
 573 00d2 9B000000 		.4byte	0x9b
 574 00d6 03       		.uleb128 0x3
 575 00d7 CB000000 		.4byte	.LASF19
 576 00db 03       		.byte	0x3
 577 00dc F2       		.byte	0xf2
 578 00dd E1000000 		.4byte	0xe1
 579 00e1 05       		.uleb128 0x5
 580 00e2 A6000000 		.4byte	0xa6
 581 00e6 02       		.uleb128 0x2
 582 00e7 04       		.byte	0x4
ARM GAS  C:\Users\Robert\AppData\Local\Temp\ccGI9XoE.s 			page 16


 583 00e8 07       		.byte	0x7
 584 00e9 55010000 		.4byte	.LASF20
 585 00ed 06       		.uleb128 0x6
 586 00ee 02       		.byte	0x2
 587 00ef 04       		.byte	0x4
 588 00f0 A9       		.byte	0xa9
 589 00f1 12010000 		.4byte	0x112
 590 00f5 07       		.uleb128 0x7
 591 00f6 26020000 		.4byte	.LASF21
 592 00fa 04       		.byte	0x4
 593 00fb AB       		.byte	0xab
 594 00fc 9B000000 		.4byte	0x9b
 595 0100 02       		.byte	0x2
 596 0101 23       		.byte	0x23
 597 0102 00       		.uleb128 0
 598 0103 07       		.uleb128 0x7
 599 0104 40010000 		.4byte	.LASF22
 600 0108 04       		.byte	0x4
 601 0109 AC       		.byte	0xac
 602 010a 9B000000 		.4byte	0x9b
 603 010e 02       		.byte	0x2
 604 010f 23       		.byte	0x23
 605 0110 01       		.uleb128 0x1
 606 0111 00       		.byte	0
 607 0112 03       		.uleb128 0x3
 608 0113 F9010000 		.4byte	.LASF23
 609 0117 04       		.byte	0x4
 610 0118 AD       		.byte	0xad
 611 0119 ED000000 		.4byte	0xed
 612 011d 08       		.uleb128 0x8
 613 011e 01       		.byte	0x1
 614 011f 3E020000 		.4byte	.LASF24
 615 0123 01       		.byte	0x1
 616 0124 36       		.byte	0x36
 617 0125 01       		.byte	0x1
 618 0126 00000000 		.4byte	.LFB56
 619 012a 14000000 		.4byte	.LFE56
 620 012e 00000000 		.4byte	.LLST0
 621 0132 01       		.byte	0x1
 622 0133 08       		.uleb128 0x8
 623 0134 01       		.byte	0x1
 624 0135 1D000000 		.4byte	.LASF25
 625 0139 01       		.byte	0x1
 626 013a 54       		.byte	0x54
 627 013b 01       		.byte	0x1
 628 013c 00000000 		.4byte	.LFB57
 629 0140 0A000000 		.4byte	.LFE57
 630 0144 2C000000 		.4byte	.LLST1
 631 0148 01       		.byte	0x1
 632 0149 09       		.uleb128 0x9
 633 014a 01       		.byte	0x1
 634 014b 00000000 		.4byte	.LASF26
 635 014f 01       		.byte	0x1
 636 0150 6B       		.byte	0x6b
 637 0151 01       		.byte	0x1
 638 0152 00000000 		.4byte	.LFB58
 639 0156 1A000000 		.4byte	.LFE58
ARM GAS  C:\Users\Robert\AppData\Local\Temp\ccGI9XoE.s 			page 17


 640 015a 58000000 		.4byte	.LLST2
 641 015e 01       		.byte	0x1
 642 015f 0A       		.uleb128 0xa
 643 0160 01       		.byte	0x1
 644 0161 32000000 		.4byte	.LASF27
 645 0165 01       		.byte	0x1
 646 0166 88       		.byte	0x88
 647 0167 01       		.byte	0x1
 648 0168 00000000 		.4byte	.LFB59
 649 016c A6010000 		.4byte	.LFE59
 650 0170 84000000 		.4byte	.LLST3
 651 0174 01       		.byte	0x1
 652 0175 88010000 		.4byte	0x188
 653 0179 0B       		.uleb128 0xb
 654 017a BA000000 		.4byte	.LASF29
 655 017e 01       		.byte	0x1
 656 017f 8A       		.byte	0x8a
 657 0180 9B000000 		.4byte	0x9b
 658 0184 02       		.byte	0x2
 659 0185 91       		.byte	0x91
 660 0186 77       		.sleb128 -9
 661 0187 00       		.byte	0
 662 0188 0A       		.uleb128 0xa
 663 0189 01       		.byte	0x1
 664 018a DF010000 		.4byte	.LASF28
 665 018e 01       		.byte	0x1
 666 018f D8       		.byte	0xd8
 667 0190 01       		.byte	0x1
 668 0191 00000000 		.4byte	.LFB60
 669 0195 64010000 		.4byte	.LFE60
 670 0199 BC000000 		.4byte	.LLST4
 671 019d 01       		.byte	0x1
 672 019e B1010000 		.4byte	0x1b1
 673 01a2 0B       		.uleb128 0xb
 674 01a3 BA000000 		.4byte	.LASF29
 675 01a7 01       		.byte	0x1
 676 01a8 DA       		.byte	0xda
 677 01a9 9B000000 		.4byte	0x9b
 678 01ad 02       		.byte	0x2
 679 01ae 91       		.byte	0x91
 680 01af 77       		.sleb128 -9
 681 01b0 00       		.byte	0
 682 01b1 0B       		.uleb128 0xb
 683 01b2 2F010000 		.4byte	.LASF30
 684 01b6 01       		.byte	0x1
 685 01b7 22       		.byte	0x22
 686 01b8 12010000 		.4byte	0x112
 687 01bc 05       		.byte	0x5
 688 01bd 03       		.byte	0x3
 689 01be 00000000 		.4byte	USBUART_1_backup
 690 01c2 0C       		.uleb128 0xc
 691 01c3 9B000000 		.4byte	.LASF31
 692 01c7 05       		.byte	0x5
 693 01c8 5A       		.byte	0x5a
 694 01c9 42000000 		.4byte	0x42
 695 01cd 01       		.byte	0x1
 696 01ce 05       		.byte	0x5
ARM GAS  C:\Users\Robert\AppData\Local\Temp\ccGI9XoE.s 			page 18


 697 01cf 03       		.byte	0x3
 698 01d0 00000000 		.4byte	cursor_x
 699 01d4 0C       		.uleb128 0xc
 700 01d5 A4000000 		.4byte	.LASF32
 701 01d9 05       		.byte	0x5
 702 01da 5B       		.byte	0x5b
 703 01db 42000000 		.4byte	0x42
 704 01df 01       		.byte	0x1
 705 01e0 05       		.byte	0x5
 706 01e1 03       		.byte	0x3
 707 01e2 00000000 		.4byte	cursor_y
 708 01e6 0C       		.uleb128 0xc
 709 01e7 D1000000 		.4byte	.LASF33
 710 01eb 05       		.byte	0x5
 711 01ec 5C       		.byte	0x5c
 712 01ed 54000000 		.4byte	0x54
 713 01f1 01       		.byte	0x1
 714 01f2 05       		.byte	0x5
 715 01f3 03       		.byte	0x3
 716 01f4 00000000 		.4byte	textcolor
 717 01f8 0C       		.uleb128 0xc
 718 01f9 11020000 		.4byte	.LASF34
 719 01fd 05       		.byte	0x5
 720 01fe 5D       		.byte	0x5d
 721 01ff 54000000 		.4byte	0x54
 722 0203 01       		.byte	0x1
 723 0204 05       		.byte	0x5
 724 0205 03       		.byte	0x3
 725 0206 00000000 		.4byte	textbgcolor
 726 020a 0C       		.uleb128 0xc
 727 020b 6C010000 		.4byte	.LASF35
 728 020f 05       		.byte	0x5
 729 0210 5E       		.byte	0x5e
 730 0211 30000000 		.4byte	0x30
 731 0215 01       		.byte	0x1
 732 0216 05       		.byte	0x5
 733 0217 03       		.byte	0x3
 734 0218 00000000 		.4byte	textsize
 735 021c 0C       		.uleb128 0xc
 736 021d 07010000 		.4byte	.LASF36
 737 0221 05       		.byte	0x5
 738 0222 5F       		.byte	0x5f
 739 0223 30000000 		.4byte	0x30
 740 0227 01       		.byte	0x1
 741 0228 05       		.byte	0x5
 742 0229 03       		.byte	0x3
 743 022a 00000000 		.4byte	rotation
 744 022e 0C       		.uleb128 0xc
 745 022f 4B000000 		.4byte	.LASF37
 746 0233 05       		.byte	0x5
 747 0234 60       		.byte	0x60
 748 0235 30000000 		.4byte	0x30
 749 0239 01       		.byte	0x1
 750 023a 05       		.byte	0x5
 751 023b 03       		.byte	0x3
 752 023c 00000000 		.4byte	wrap
 753 0240 0C       		.uleb128 0xc
ARM GAS  C:\Users\Robert\AppData\Local\Temp\ccGI9XoE.s 			page 19


 754 0241 44000000 		.4byte	.LASF38
 755 0245 05       		.byte	0x5
 756 0246 61       		.byte	0x61
 757 0247 8D000000 		.4byte	0x8d
 758 024b 01       		.byte	0x1
 759 024c 05       		.byte	0x5
 760 024d 03       		.byte	0x3
 761 024e 00000000 		.4byte	_width
 762 0252 0C       		.uleb128 0xc
 763 0253 CD010000 		.4byte	.LASF39
 764 0257 05       		.byte	0x5
 765 0258 62       		.byte	0x62
 766 0259 8D000000 		.4byte	0x8d
 767 025d 01       		.byte	0x1
 768 025e 05       		.byte	0x5
 769 025f 03       		.byte	0x3
 770 0260 00000000 		.4byte	_height
 771 0264 0D       		.uleb128 0xd
 772 0265 DB000000 		.4byte	.LASF40
 773 0269 04       		.byte	0x4
 774 026a 5102     		.2byte	0x251
 775 026c D1000000 		.4byte	0xd1
 776 0270 01       		.byte	0x1
 777 0271 01       		.byte	0x1
 778 0272 0D       		.uleb128 0xd
 779 0273 AD000000 		.4byte	.LASF41
 780 0277 06       		.byte	0x6
 781 0278 1606     		.2byte	0x616
 782 027a 80020000 		.4byte	0x280
 783 027e 01       		.byte	0x1
 784 027f 01       		.byte	0x1
 785 0280 05       		.uleb128 0x5
 786 0281 66000000 		.4byte	0x66
 787 0285 00       		.byte	0
 788              		.section	.debug_abbrev,"",%progbits
 789              	.Ldebug_abbrev0:
 790 0000 01       		.uleb128 0x1
 791 0001 11       		.uleb128 0x11
 792 0002 01       		.byte	0x1
 793 0003 25       		.uleb128 0x25
 794 0004 0E       		.uleb128 0xe
 795 0005 13       		.uleb128 0x13
 796 0006 0B       		.uleb128 0xb
 797 0007 03       		.uleb128 0x3
 798 0008 0E       		.uleb128 0xe
 799 0009 1B       		.uleb128 0x1b
 800 000a 0E       		.uleb128 0xe
 801 000b 55       		.uleb128 0x55
 802 000c 06       		.uleb128 0x6
 803 000d 11       		.uleb128 0x11
 804 000e 01       		.uleb128 0x1
 805 000f 52       		.uleb128 0x52
 806 0010 01       		.uleb128 0x1
 807 0011 10       		.uleb128 0x10
 808 0012 06       		.uleb128 0x6
 809 0013 00       		.byte	0
 810 0014 00       		.byte	0
ARM GAS  C:\Users\Robert\AppData\Local\Temp\ccGI9XoE.s 			page 20


 811 0015 02       		.uleb128 0x2
 812 0016 24       		.uleb128 0x24
 813 0017 00       		.byte	0
 814 0018 0B       		.uleb128 0xb
 815 0019 0B       		.uleb128 0xb
 816 001a 3E       		.uleb128 0x3e
 817 001b 0B       		.uleb128 0xb
 818 001c 03       		.uleb128 0x3
 819 001d 0E       		.uleb128 0xe
 820 001e 00       		.byte	0
 821 001f 00       		.byte	0
 822 0020 03       		.uleb128 0x3
 823 0021 16       		.uleb128 0x16
 824 0022 00       		.byte	0
 825 0023 03       		.uleb128 0x3
 826 0024 0E       		.uleb128 0xe
 827 0025 3A       		.uleb128 0x3a
 828 0026 0B       		.uleb128 0xb
 829 0027 3B       		.uleb128 0x3b
 830 0028 0B       		.uleb128 0xb
 831 0029 49       		.uleb128 0x49
 832 002a 13       		.uleb128 0x13
 833 002b 00       		.byte	0
 834 002c 00       		.byte	0
 835 002d 04       		.uleb128 0x4
 836 002e 24       		.uleb128 0x24
 837 002f 00       		.byte	0
 838 0030 0B       		.uleb128 0xb
 839 0031 0B       		.uleb128 0xb
 840 0032 3E       		.uleb128 0x3e
 841 0033 0B       		.uleb128 0xb
 842 0034 03       		.uleb128 0x3
 843 0035 08       		.uleb128 0x8
 844 0036 00       		.byte	0
 845 0037 00       		.byte	0
 846 0038 05       		.uleb128 0x5
 847 0039 35       		.uleb128 0x35
 848 003a 00       		.byte	0
 849 003b 49       		.uleb128 0x49
 850 003c 13       		.uleb128 0x13
 851 003d 00       		.byte	0
 852 003e 00       		.byte	0
 853 003f 06       		.uleb128 0x6
 854 0040 13       		.uleb128 0x13
 855 0041 01       		.byte	0x1
 856 0042 0B       		.uleb128 0xb
 857 0043 0B       		.uleb128 0xb
 858 0044 3A       		.uleb128 0x3a
 859 0045 0B       		.uleb128 0xb
 860 0046 3B       		.uleb128 0x3b
 861 0047 0B       		.uleb128 0xb
 862 0048 01       		.uleb128 0x1
 863 0049 13       		.uleb128 0x13
 864 004a 00       		.byte	0
 865 004b 00       		.byte	0
 866 004c 07       		.uleb128 0x7
 867 004d 0D       		.uleb128 0xd
ARM GAS  C:\Users\Robert\AppData\Local\Temp\ccGI9XoE.s 			page 21


 868 004e 00       		.byte	0
 869 004f 03       		.uleb128 0x3
 870 0050 0E       		.uleb128 0xe
 871 0051 3A       		.uleb128 0x3a
 872 0052 0B       		.uleb128 0xb
 873 0053 3B       		.uleb128 0x3b
 874 0054 0B       		.uleb128 0xb
 875 0055 49       		.uleb128 0x49
 876 0056 13       		.uleb128 0x13
 877 0057 38       		.uleb128 0x38
 878 0058 0A       		.uleb128 0xa
 879 0059 00       		.byte	0
 880 005a 00       		.byte	0
 881 005b 08       		.uleb128 0x8
 882 005c 2E       		.uleb128 0x2e
 883 005d 00       		.byte	0
 884 005e 3F       		.uleb128 0x3f
 885 005f 0C       		.uleb128 0xc
 886 0060 03       		.uleb128 0x3
 887 0061 0E       		.uleb128 0xe
 888 0062 3A       		.uleb128 0x3a
 889 0063 0B       		.uleb128 0xb
 890 0064 3B       		.uleb128 0x3b
 891 0065 0B       		.uleb128 0xb
 892 0066 27       		.uleb128 0x27
 893 0067 0C       		.uleb128 0xc
 894 0068 11       		.uleb128 0x11
 895 0069 01       		.uleb128 0x1
 896 006a 12       		.uleb128 0x12
 897 006b 01       		.uleb128 0x1
 898 006c 40       		.uleb128 0x40
 899 006d 06       		.uleb128 0x6
 900 006e 9742     		.uleb128 0x2117
 901 0070 0C       		.uleb128 0xc
 902 0071 00       		.byte	0
 903 0072 00       		.byte	0
 904 0073 09       		.uleb128 0x9
 905 0074 2E       		.uleb128 0x2e
 906 0075 00       		.byte	0
 907 0076 3F       		.uleb128 0x3f
 908 0077 0C       		.uleb128 0xc
 909 0078 03       		.uleb128 0x3
 910 0079 0E       		.uleb128 0xe
 911 007a 3A       		.uleb128 0x3a
 912 007b 0B       		.uleb128 0xb
 913 007c 3B       		.uleb128 0x3b
 914 007d 0B       		.uleb128 0xb
 915 007e 27       		.uleb128 0x27
 916 007f 0C       		.uleb128 0xc
 917 0080 11       		.uleb128 0x11
 918 0081 01       		.uleb128 0x1
 919 0082 12       		.uleb128 0x12
 920 0083 01       		.uleb128 0x1
 921 0084 40       		.uleb128 0x40
 922 0085 06       		.uleb128 0x6
 923 0086 9642     		.uleb128 0x2116
 924 0088 0C       		.uleb128 0xc
ARM GAS  C:\Users\Robert\AppData\Local\Temp\ccGI9XoE.s 			page 22


 925 0089 00       		.byte	0
 926 008a 00       		.byte	0
 927 008b 0A       		.uleb128 0xa
 928 008c 2E       		.uleb128 0x2e
 929 008d 01       		.byte	0x1
 930 008e 3F       		.uleb128 0x3f
 931 008f 0C       		.uleb128 0xc
 932 0090 03       		.uleb128 0x3
 933 0091 0E       		.uleb128 0xe
 934 0092 3A       		.uleb128 0x3a
 935 0093 0B       		.uleb128 0xb
 936 0094 3B       		.uleb128 0x3b
 937 0095 0B       		.uleb128 0xb
 938 0096 27       		.uleb128 0x27
 939 0097 0C       		.uleb128 0xc
 940 0098 11       		.uleb128 0x11
 941 0099 01       		.uleb128 0x1
 942 009a 12       		.uleb128 0x12
 943 009b 01       		.uleb128 0x1
 944 009c 40       		.uleb128 0x40
 945 009d 06       		.uleb128 0x6
 946 009e 9642     		.uleb128 0x2116
 947 00a0 0C       		.uleb128 0xc
 948 00a1 01       		.uleb128 0x1
 949 00a2 13       		.uleb128 0x13
 950 00a3 00       		.byte	0
 951 00a4 00       		.byte	0
 952 00a5 0B       		.uleb128 0xb
 953 00a6 34       		.uleb128 0x34
 954 00a7 00       		.byte	0
 955 00a8 03       		.uleb128 0x3
 956 00a9 0E       		.uleb128 0xe
 957 00aa 3A       		.uleb128 0x3a
 958 00ab 0B       		.uleb128 0xb
 959 00ac 3B       		.uleb128 0x3b
 960 00ad 0B       		.uleb128 0xb
 961 00ae 49       		.uleb128 0x49
 962 00af 13       		.uleb128 0x13
 963 00b0 02       		.uleb128 0x2
 964 00b1 0A       		.uleb128 0xa
 965 00b2 00       		.byte	0
 966 00b3 00       		.byte	0
 967 00b4 0C       		.uleb128 0xc
 968 00b5 34       		.uleb128 0x34
 969 00b6 00       		.byte	0
 970 00b7 03       		.uleb128 0x3
 971 00b8 0E       		.uleb128 0xe
 972 00b9 3A       		.uleb128 0x3a
 973 00ba 0B       		.uleb128 0xb
 974 00bb 3B       		.uleb128 0x3b
 975 00bc 0B       		.uleb128 0xb
 976 00bd 49       		.uleb128 0x49
 977 00be 13       		.uleb128 0x13
 978 00bf 3F       		.uleb128 0x3f
 979 00c0 0C       		.uleb128 0xc
 980 00c1 02       		.uleb128 0x2
 981 00c2 0A       		.uleb128 0xa
ARM GAS  C:\Users\Robert\AppData\Local\Temp\ccGI9XoE.s 			page 23


 982 00c3 00       		.byte	0
 983 00c4 00       		.byte	0
 984 00c5 0D       		.uleb128 0xd
 985 00c6 34       		.uleb128 0x34
 986 00c7 00       		.byte	0
 987 00c8 03       		.uleb128 0x3
 988 00c9 0E       		.uleb128 0xe
 989 00ca 3A       		.uleb128 0x3a
 990 00cb 0B       		.uleb128 0xb
 991 00cc 3B       		.uleb128 0x3b
 992 00cd 05       		.uleb128 0x5
 993 00ce 49       		.uleb128 0x49
 994 00cf 13       		.uleb128 0x13
 995 00d0 3F       		.uleb128 0x3f
 996 00d1 0C       		.uleb128 0xc
 997 00d2 3C       		.uleb128 0x3c
 998 00d3 0C       		.uleb128 0xc
 999 00d4 00       		.byte	0
 1000 00d5 00       		.byte	0
 1001 00d6 00       		.byte	0
 1002              		.section	.debug_loc,"",%progbits
 1003              	.Ldebug_loc0:
 1004              	.LLST0:
 1005 0000 00000000 		.4byte	.LFB56
 1006 0004 02000000 		.4byte	.LCFI0
 1007 0008 0200     		.2byte	0x2
 1008 000a 7D       		.byte	0x7d
 1009 000b 00       		.sleb128 0
 1010 000c 02000000 		.4byte	.LCFI0
 1011 0010 04000000 		.4byte	.LCFI1
 1012 0014 0200     		.2byte	0x2
 1013 0016 7D       		.byte	0x7d
 1014 0017 04       		.sleb128 4
 1015 0018 04000000 		.4byte	.LCFI1
 1016 001c 14000000 		.4byte	.LFE56
 1017 0020 0200     		.2byte	0x2
 1018 0022 77       		.byte	0x77
 1019 0023 04       		.sleb128 4
 1020 0024 00000000 		.4byte	0
 1021 0028 00000000 		.4byte	0
 1022              	.LLST1:
 1023 002c 00000000 		.4byte	.LFB57
 1024 0030 02000000 		.4byte	.LCFI2
 1025 0034 0200     		.2byte	0x2
 1026 0036 7D       		.byte	0x7d
 1027 0037 00       		.sleb128 0
 1028 0038 02000000 		.4byte	.LCFI2
 1029 003c 04000000 		.4byte	.LCFI3
 1030 0040 0200     		.2byte	0x2
 1031 0042 7D       		.byte	0x7d
 1032 0043 04       		.sleb128 4
 1033 0044 04000000 		.4byte	.LCFI3
 1034 0048 0A000000 		.4byte	.LFE57
 1035 004c 0200     		.2byte	0x2
 1036 004e 77       		.byte	0x77
 1037 004f 04       		.sleb128 4
 1038 0050 00000000 		.4byte	0
ARM GAS  C:\Users\Robert\AppData\Local\Temp\ccGI9XoE.s 			page 24


 1039 0054 00000000 		.4byte	0
 1040              	.LLST2:
 1041 0058 00000000 		.4byte	.LFB58
 1042 005c 02000000 		.4byte	.LCFI4
 1043 0060 0200     		.2byte	0x2
 1044 0062 7D       		.byte	0x7d
 1045 0063 00       		.sleb128 0
 1046 0064 02000000 		.4byte	.LCFI4
 1047 0068 04000000 		.4byte	.LCFI5
 1048 006c 0200     		.2byte	0x2
 1049 006e 7D       		.byte	0x7d
 1050 006f 08       		.sleb128 8
 1051 0070 04000000 		.4byte	.LCFI5
 1052 0074 1A000000 		.4byte	.LFE58
 1053 0078 0200     		.2byte	0x2
 1054 007a 77       		.byte	0x77
 1055 007b 08       		.sleb128 8
 1056 007c 00000000 		.4byte	0
 1057 0080 00000000 		.4byte	0
 1058              	.LLST3:
 1059 0084 00000000 		.4byte	.LFB59
 1060 0088 02000000 		.4byte	.LCFI6
 1061 008c 0200     		.2byte	0x2
 1062 008e 7D       		.byte	0x7d
 1063 008f 00       		.sleb128 0
 1064 0090 02000000 		.4byte	.LCFI6
 1065 0094 04000000 		.4byte	.LCFI7
 1066 0098 0200     		.2byte	0x2
 1067 009a 7D       		.byte	0x7d
 1068 009b 08       		.sleb128 8
 1069 009c 04000000 		.4byte	.LCFI7
 1070 00a0 06000000 		.4byte	.LCFI8
 1071 00a4 0200     		.2byte	0x2
 1072 00a6 7D       		.byte	0x7d
 1073 00a7 10       		.sleb128 16
 1074 00a8 06000000 		.4byte	.LCFI8
 1075 00ac A6010000 		.4byte	.LFE59
 1076 00b0 0200     		.2byte	0x2
 1077 00b2 77       		.byte	0x77
 1078 00b3 10       		.sleb128 16
 1079 00b4 00000000 		.4byte	0
 1080 00b8 00000000 		.4byte	0
 1081              	.LLST4:
 1082 00bc 00000000 		.4byte	.LFB60
 1083 00c0 02000000 		.4byte	.LCFI9
 1084 00c4 0200     		.2byte	0x2
 1085 00c6 7D       		.byte	0x7d
 1086 00c7 00       		.sleb128 0
 1087 00c8 02000000 		.4byte	.LCFI9
 1088 00cc 04000000 		.4byte	.LCFI10
 1089 00d0 0200     		.2byte	0x2
 1090 00d2 7D       		.byte	0x7d
 1091 00d3 08       		.sleb128 8
 1092 00d4 04000000 		.4byte	.LCFI10
 1093 00d8 06000000 		.4byte	.LCFI11
 1094 00dc 0200     		.2byte	0x2
 1095 00de 7D       		.byte	0x7d
ARM GAS  C:\Users\Robert\AppData\Local\Temp\ccGI9XoE.s 			page 25


 1096 00df 10       		.sleb128 16
 1097 00e0 06000000 		.4byte	.LCFI11
 1098 00e4 64010000 		.4byte	.LFE60
 1099 00e8 0200     		.2byte	0x2
 1100 00ea 77       		.byte	0x77
 1101 00eb 10       		.sleb128 16
 1102 00ec 00000000 		.4byte	0
 1103 00f0 00000000 		.4byte	0
 1104              		.section	.debug_aranges,"",%progbits
 1105 0000 3C000000 		.4byte	0x3c
 1106 0004 0200     		.2byte	0x2
 1107 0006 00000000 		.4byte	.Ldebug_info0
 1108 000a 04       		.byte	0x4
 1109 000b 00       		.byte	0
 1110 000c 0000     		.2byte	0
 1111 000e 0000     		.2byte	0
 1112 0010 00000000 		.4byte	.LFB56
 1113 0014 14000000 		.4byte	.LFE56-.LFB56
 1114 0018 00000000 		.4byte	.LFB57
 1115 001c 0A000000 		.4byte	.LFE57-.LFB57
 1116 0020 00000000 		.4byte	.LFB58
 1117 0024 1A000000 		.4byte	.LFE58-.LFB58
 1118 0028 00000000 		.4byte	.LFB59
 1119 002c A6010000 		.4byte	.LFE59-.LFB59
 1120 0030 00000000 		.4byte	.LFB60
 1121 0034 64010000 		.4byte	.LFE60-.LFB60
 1122 0038 00000000 		.4byte	0
 1123 003c 00000000 		.4byte	0
 1124              		.section	.debug_ranges,"",%progbits
 1125              	.Ldebug_ranges0:
 1126 0000 00000000 		.4byte	.LFB56
 1127 0004 14000000 		.4byte	.LFE56
 1128 0008 00000000 		.4byte	.LFB57
 1129 000c 0A000000 		.4byte	.LFE57
 1130 0010 00000000 		.4byte	.LFB58
 1131 0014 1A000000 		.4byte	.LFE58
 1132 0018 00000000 		.4byte	.LFB59
 1133 001c A6010000 		.4byte	.LFE59
 1134 0020 00000000 		.4byte	.LFB60
 1135 0024 64010000 		.4byte	.LFE60
 1136 0028 00000000 		.4byte	0
 1137 002c 00000000 		.4byte	0
 1138              		.section	.debug_line,"",%progbits
 1139              	.Ldebug_line0:
 1140 0000 A8010000 		.section	.debug_str,"MS",%progbits,1
 1140      02001F01 
 1140      00000201 
 1140      FB0E0D00 
 1140      01010101 
 1141              	.LASF26:
 1142 0000 55534255 		.ascii	"USBUART_1_RestoreConfig\000"
 1142      4152545F 
 1142      315F5265 
 1142      73746F72 
 1142      65436F6E 
 1143              	.LASF17:
 1144 0018 63686172 		.ascii	"char\000"
ARM GAS  C:\Users\Robert\AppData\Local\Temp\ccGI9XoE.s 			page 26


 1144      00
 1145              	.LASF25:
 1146 001d 55534255 		.ascii	"USBUART_1_SaveConfig\000"
 1146      4152545F 
 1146      315F5361 
 1146      7665436F 
 1146      6E666967 
 1147              	.LASF27:
 1148 0032 55534255 		.ascii	"USBUART_1_Suspend\000"
 1148      4152545F 
 1148      315F5375 
 1148      7370656E 
 1148      6400
 1149              	.LASF38:
 1150 0044 5F776964 		.ascii	"_width\000"
 1150      746800
 1151              	.LASF37:
 1152 004b 77726170 		.ascii	"wrap\000"
 1152      00
 1153              	.LASF16:
 1154 0050 646F7562 		.ascii	"double\000"
 1154      6C6500
 1155              	.LASF13:
 1156 0057 75696E74 		.ascii	"uint8\000"
 1156      3800
 1157              	.LASF15:
 1158 005d 666C6F61 		.ascii	"float\000"
 1158      7400
 1159              	.LASF1:
 1160 0063 756E7369 		.ascii	"unsigned char\000"
 1160      676E6564 
 1160      20636861 
 1160      7200
 1161              	.LASF18:
 1162 0071 72656738 		.ascii	"reg8\000"
 1162      00
 1163              	.LASF9:
 1164 0076 6C6F6E67 		.ascii	"long unsigned int\000"
 1164      20756E73 
 1164      69676E65 
 1164      6420696E 
 1164      7400
 1165              	.LASF6:
 1166 0088 73686F72 		.ascii	"short unsigned int\000"
 1166      7420756E 
 1166      7369676E 
 1166      65642069 
 1166      6E7400
 1167              	.LASF31:
 1168 009b 63757273 		.ascii	"cursor_x\000"
 1168      6F725F78 
 1168      00
 1169              	.LASF32:
 1170 00a4 63757273 		.ascii	"cursor_y\000"
 1170      6F725F79 
 1170      00
 1171              	.LASF41:
ARM GAS  C:\Users\Robert\AppData\Local\Temp\ccGI9XoE.s 			page 27


 1172 00ad 49544D5F 		.ascii	"ITM_RxBuffer\000"
 1172      52784275 
 1172      66666572 
 1172      00
 1173              	.LASF29:
 1174 00ba 656E6162 		.ascii	"enableInterrupts\000"
 1174      6C65496E 
 1174      74657272 
 1174      75707473 
 1174      00
 1175              	.LASF19:
 1176 00cb 72656733 		.ascii	"reg32\000"
 1176      3200
 1177              	.LASF33:
 1178 00d1 74657874 		.ascii	"textcolor\000"
 1178      636F6C6F 
 1178      7200
 1179              	.LASF40:
 1180 00db 55534255 		.ascii	"USBUART_1_configuration\000"
 1180      4152545F 
 1180      315F636F 
 1180      6E666967 
 1180      75726174 
 1181              	.LASF14:
 1182 00f3 75696E74 		.ascii	"uint32\000"
 1182      333200
 1183              	.LASF12:
 1184 00fa 756E7369 		.ascii	"unsigned int\000"
 1184      676E6564 
 1184      20696E74 
 1184      00
 1185              	.LASF36:
 1186 0107 726F7461 		.ascii	"rotation\000"
 1186      74696F6E 
 1186      00
 1187              	.LASF11:
 1188 0110 6C6F6E67 		.ascii	"long long unsigned int\000"
 1188      206C6F6E 
 1188      6720756E 
 1188      7369676E 
 1188      65642069 
 1189              	.LASF2:
 1190 0127 75696E74 		.ascii	"uint8_t\000"
 1190      385F7400 
 1191              	.LASF30:
 1192 012f 55534255 		.ascii	"USBUART_1_backup\000"
 1192      4152545F 
 1192      315F6261 
 1192      636B7570 
 1192      00
 1193              	.LASF22:
 1194 0140 6D6F6465 		.ascii	"mode\000"
 1194      00
 1195              	.LASF3:
 1196 0145 696E7431 		.ascii	"int16_t\000"
 1196      365F7400 
 1197              	.LASF7:
ARM GAS  C:\Users\Robert\AppData\Local\Temp\ccGI9XoE.s 			page 28


 1198 014d 696E7433 		.ascii	"int32_t\000"
 1198      325F7400 
 1199              	.LASF20:
 1200 0155 73697A65 		.ascii	"sizetype\000"
 1200      74797065 
 1200      00
 1201              	.LASF10:
 1202 015e 6C6F6E67 		.ascii	"long long int\000"
 1202      206C6F6E 
 1202      6720696E 
 1202      7400
 1203              	.LASF35:
 1204 016c 74657874 		.ascii	"textsize\000"
 1204      73697A65 
 1204      00
 1205              	.LASF44:
 1206 0175 433A5C55 		.ascii	"C:\\Users\\Robert\\Dropbox\\Classes\\capstone\\tft_"
 1206      73657273 
 1206      5C526F62 
 1206      6572745C 
 1206      44726F70 
 1207 01a2 74657374 		.ascii	"test.Bundle01_Rev_b - touch\\tft_test.cydsn\000"
 1207      2E42756E 
 1207      646C6530 
 1207      315F5265 
 1207      765F6220 
 1208              	.LASF39:
 1209 01cd 5F686569 		.ascii	"_height\000"
 1209      67687400 
 1210              	.LASF4:
 1211 01d5 73686F72 		.ascii	"short int\000"
 1211      7420696E 
 1211      7400
 1212              	.LASF28:
 1213 01df 55534255 		.ascii	"USBUART_1_Resume\000"
 1213      4152545F 
 1213      315F5265 
 1213      73756D65 
 1213      00
 1214              	.LASF5:
 1215 01f0 75696E74 		.ascii	"uint16_t\000"
 1215      31365F74 
 1215      00
 1216              	.LASF23:
 1217 01f9 55534255 		.ascii	"USBUART_1_BACKUP_STRUCT\000"
 1217      4152545F 
 1217      315F4241 
 1217      434B5550 
 1217      5F535452 
 1218              	.LASF34:
 1219 0211 74657874 		.ascii	"textbgcolor\000"
 1219      6267636F 
 1219      6C6F7200 
 1220              	.LASF8:
 1221 021d 6C6F6E67 		.ascii	"long int\000"
 1221      20696E74 
 1221      00
ARM GAS  C:\Users\Robert\AppData\Local\Temp\ccGI9XoE.s 			page 29


 1222              	.LASF21:
 1223 0226 656E6162 		.ascii	"enableState\000"
 1223      6C655374 
 1223      61746500 
 1224              	.LASF0:
 1225 0232 7369676E 		.ascii	"signed char\000"
 1225      65642063 
 1225      68617200 
 1226              	.LASF24:
 1227 023e 55534255 		.ascii	"USBUART_1_DP_ISR\000"
 1227      4152545F 
 1227      315F4450 
 1227      5F495352 
 1227      00
 1228              	.LASF42:
 1229 024f 474E5520 		.ascii	"GNU C 4.7.3 20130312 (release) [ARM/embedded-4_7-br"
 1229      4320342E 
 1229      372E3320 
 1229      32303133 
 1229      30333132 
 1230 0282 616E6368 		.ascii	"anch revision 196615]\000"
 1230      20726576 
 1230      6973696F 
 1230      6E203139 
 1230      36363135 
 1231              	.LASF43:
 1232 0298 2E5C4765 		.ascii	".\\Generated_Source\\PSoC5\\USBUART_1_pm.c\000"
 1232      6E657261 
 1232      7465645F 
 1232      536F7572 
 1232      63655C50 
 1233              		.ident	"GCC: (GNU Tools for ARM Embedded Processors) 4.7.3 20130312 (release) [ARM/embedded-4_7-br
