Archive member included because of file (symbol)

.\CortexM3\ARM_GCC_473\Debug\touch_buttons.a(cyfitter_cfg.o)
                              .\CortexM3\ARM_GCC_473\Debug\Cm3Start.o (cyfitter_cfg)
.\CortexM3\ARM_GCC_473\Debug\touch_buttons.a(Clock_1.o)
                              .\CortexM3\ARM_GCC_473\Debug\main.o (Clock_1_SetDividerRegister)
.\CortexM3\ARM_GCC_473\Debug\touch_buttons.a(TFTSHIELD_1.o)
                              .\CortexM3\ARM_GCC_473\Debug\main.o (TFTSHIELD_1_Start)
.\CortexM3\ARM_GCC_473\Debug\touch_buttons.a(TFTSHIELD_1_SPIM_1.o)
                              .\CortexM3\ARM_GCC_473\Debug\touch_buttons.a(TFTSHIELD_1.o) (TFTSHIELD_1_SPIM_1_Start)
.\CortexM3\ARM_GCC_473\Debug\touch_buttons.a(TFTSHIELD_1_SPIM_1_INT.o)
                              .\CortexM3\ARM_GCC_473\Debug\touch_buttons.a(TFTSHIELD_1_SPIM_1.o) (TFTSHIELD_1_SPIM_1_TX_ISR)
.\CortexM3\ARM_GCC_473\Debug\touch_buttons.a(TFTSHIELD_1_CR_1.o)
                              .\CortexM3\ARM_GCC_473\Debug\touch_buttons.a(TFTSHIELD_1.o) (TFTSHIELD_1_CR_1_Write)
.\CortexM3\ARM_GCC_473\Debug\touch_buttons.a(CyBootAsmGnu.o)
                              .\CortexM3\ARM_GCC_473\Debug\touch_buttons.a(cyfitter_cfg.o) (CyDelayCycles)
.\CortexM3\ARM_GCC_473\Debug\touch_buttons.a(CyLib.o)
                              .\CortexM3\ARM_GCC_473\Debug\Cm3Start.o (CyResetStatus)
.\CortexM3\ARM_GCC_473\Debug\touch_buttons.a(cyPm.o)
                              .\CortexM3\ARM_GCC_473\Debug\touch_buttons.a(CyLib.o) (CyPmReadStatus)
.\CortexM3\ARM_GCC_473\Debug\touch_buttons.a(CyFlash.o)
                              .\CortexM3\ARM_GCC_473\Debug\touch_buttons.a(cyPm.o) (CyFlash_SetWaitCycles)
.\CortexM3\ARM_GCC_473\Debug\touch_buttons.a(CySpc.o)
                              .\CortexM3\ARM_GCC_473\Debug\touch_buttons.a(CyFlash.o) (CySpcStart)
c:/program files (x86)/cypress/psoc creator/3.0/psoc creator/import/gnu_cs/arm/4.7.3/bin/../lib/gcc/arm-none-eabi/4.7.3/armv7-m\libgcc.a(_arm_addsubsf3.o)
                              .\CortexM3\ARM_GCC_473\Debug\touch_buttons.a(TFTSHIELD_1.o) (__aeabi_fadd)
c:/program files (x86)/cypress/psoc creator/3.0/psoc creator/import/gnu_cs/arm/4.7.3/bin/../lib/gcc/arm-none-eabi/4.7.3/armv7-m\libgcc.a(_arm_muldivsf3.o)
                              .\CortexM3\ARM_GCC_473\Debug\touch_buttons.a(TFTSHIELD_1.o) (__aeabi_fmul)
c:/program files (x86)/cypress/psoc creator/3.0/psoc creator/import/gnu_cs/arm/4.7.3/bin/../lib/gcc/arm-none-eabi/4.7.3/armv7-m\libgcc.a(_arm_fixsfsi.o)
                              .\CortexM3\ARM_GCC_473\Debug\touch_buttons.a(TFTSHIELD_1.o) (__aeabi_f2iz)
c:/program files (x86)/cypress/psoc creator/3.0/psoc creator/import/gnu_cs/arm/4.7.3/bin/../lib/gcc/arm-none-eabi/4.7.3/../../../../arm-none-eabi/lib/armv7-m\libc_s.a(lib_a-__atexit2.o)
                              c:/program files (x86)/cypress/psoc creator/3.0/psoc creator/import/gnu_cs/arm/4.7.3/bin/../lib/gcc/arm-none-eabi/4.7.3/../../../../arm-none-eabi/lib/armv7-m/crt0.o (__register_exitproc)
c:/program files (x86)/cypress/psoc creator/3.0/psoc creator/import/gnu_cs/arm/4.7.3/bin/../lib/gcc/arm-none-eabi/4.7.3/../../../../arm-none-eabi/lib/armv7-m\libc_s.a(lib_a-exit.o)
                              c:/program files (x86)/cypress/psoc creator/3.0/psoc creator/import/gnu_cs/arm/4.7.3/bin/../lib/gcc/arm-none-eabi/4.7.3/../../../../arm-none-eabi/lib/armv7-m/crt0.o (exit)
c:/program files (x86)/cypress/psoc creator/3.0/psoc creator/import/gnu_cs/arm/4.7.3/bin/../lib/gcc/arm-none-eabi/4.7.3/../../../../arm-none-eabi/lib/armv7-m\libc_s.a(lib_a-fini.o)
                              c:/program files (x86)/cypress/psoc creator/3.0/psoc creator/import/gnu_cs/arm/4.7.3/bin/../lib/gcc/arm-none-eabi/4.7.3/../../../../arm-none-eabi/lib/armv7-m/crt0.o (__libc_fini_array)
c:/program files (x86)/cypress/psoc creator/3.0/psoc creator/import/gnu_cs/arm/4.7.3/bin/../lib/gcc/arm-none-eabi/4.7.3/../../../../arm-none-eabi/lib/armv7-m\libc_s.a(lib_a-impure.o)
                              c:/program files (x86)/cypress/psoc creator/3.0/psoc creator/import/gnu_cs/arm/4.7.3/bin/../lib/gcc/arm-none-eabi/4.7.3/../../../../arm-none-eabi/lib/armv7-m\libc_s.a(lib_a-exit.o) (_global_impure_ptr)
c:/program files (x86)/cypress/psoc creator/3.0/psoc creator/import/gnu_cs/arm/4.7.3/bin/../lib/gcc/arm-none-eabi/4.7.3/../../../../arm-none-eabi/lib/armv7-m\libc_s.a(lib_a-init.o)
                              c:/program files (x86)/cypress/psoc creator/3.0/psoc creator/import/gnu_cs/arm/4.7.3/bin/../lib/gcc/arm-none-eabi/4.7.3/../../../../arm-none-eabi/lib/armv7-m/crt0.o (__libc_init_array)
c:/program files (x86)/cypress/psoc creator/3.0/psoc creator/import/gnu_cs/arm/4.7.3/bin/../lib/gcc/arm-none-eabi/4.7.3/../../../../arm-none-eabi/lib/armv7-m\libc_s.a(lib_a-memcpy.o)
                              .\CortexM3\ARM_GCC_473\Debug\touch_buttons.a(cyfitter_cfg.o) (memcpy)
[...]
Memory Configuration

Name             Origin             Length             Attributes
rom              0x00000000         0x00040000         xr
ram              0x1fff8000         0x00010000         xrw
*default*        0x00000000         0xffffffff

Linker script and memory map

LOAD c:/program files (x86)/cypress/psoc creator/3.0/psoc creator/import/gnu_cs/arm/4.7.3/bin/../lib/gcc/arm-none-eabi/4.7.3/armv7-m/crti.o
LOAD c:/program files (x86)/cypress/psoc creator/3.0/psoc creator/import/gnu_cs/arm/4.7.3/bin/../lib/gcc/arm-none-eabi/4.7.3/armv7-m/crtbegin.o
LOAD c:/program files (x86)/cypress/psoc creator/3.0/psoc creator/import/gnu_cs/arm/4.7.3/bin/../lib/gcc/arm-none-eabi/4.7.3/../../../../arm-none-eabi/lib/armv7-m/crt0.o
START GROUP
LOAD .\CortexM3\ARM_GCC_473\Debug\main.o
LOAD .\CortexM3\ARM_GCC_473\Debug\cymetadata.o
LOAD .\CortexM3\ARM_GCC_473\Debug\Cm3Start.o
LOAD .\CortexM3\ARM_GCC_473\Debug\touch_buttons.a
LOAD C:\Program Files (x86)\Cypress\PSoC Creator\3.0\PSoC Creator\psoc\content\cycomponentlibrary\CyComponentLibrary.cylib\CortexM3\ARM_GCC_473\Debug\CyComponentLibrary.a
END GROUP
START GROUP
LOAD c:/program files (x86)/cypress/psoc creator/3.0/psoc creator/import/gnu_cs/arm/4.7.3/bin/../lib/gcc/arm-none-eabi/4.7.3/armv7-m\libgcc.a
LOAD c:/program files (x86)/cypress/psoc creator/3.0/psoc creator/import/gnu_cs/arm/4.7.3/bin/../lib/gcc/arm-none-eabi/4.7.3/../../../../arm-none-eabi/lib/armv7-m\libc_s.a
END GROUP
LOAD c:/program files (x86)/cypress/psoc creator/3.0/psoc creator/import/gnu_cs/arm/4.7.3/bin/../lib/gcc/arm-none-eabi/4.7.3/armv7-m/crtend.o
LOAD c:/program files (x86)/cypress/psoc creator/3.0/psoc creator/import/gnu_cs/arm/4.7.3/bin/../lib/gcc/arm-none-eabi/4.7.3/armv7-m/crtn.o
START GROUP
LOAD c:/program files (x86)/cypress/psoc creator/3.0/psoc creator/import/gnu_cs/arm/4.7.3/bin/../lib/gcc/arm-none-eabi/4.7.3/armv7-m\libgcc.a
LOAD c:/program files (x86)/cypress/psoc creator/3.0/psoc creator/import/gnu_cs/arm/4.7.3/bin/../lib/gcc/arm-none-eabi/4.7.3/../../../../arm-none-eabi/lib/armv7-m\libc.a
LOAD c:/program files (x86)/cypress/psoc creator/3.0/psoc creator/import/gnu_cs/arm/4.7.3/bin/../lib/gcc/arm-none-eabi/4.7.3/../../../../arm-none-eabi/lib/armv7-m\libnosys.a
END GROUP
                0x00000000                CY_APPL_ORIGIN = 0x0
                0x00000100                CY_FLASH_ROW_SIZE = 0x100
                0x00000020                CY_ECC_ROW_SIZE = 0x20
                0x00000000                CY_EE_IN_BTLDR = 0x0
                0x00000000                CY_APPL_LOADABLE = 0x0
                0x00000800                CY_EE_SIZE = 0x800
                0x00000001                CY_APPL_NUM = 0x1
                0x00000001                CY_APPL_MAX = 0x1
                0x00000040                CY_METADATA_SIZE = 0x40
                0x1fff8160                PROVIDE (__cy_heap_start, _end)
                0x00000001                PROVIDE (__cy_region_num, ((__cy_regions_end - __cy_regions) / 0x10))
                0x20008000                PROVIDE (__cy_stack, (ORIGIN (ram) + 0x10000))
                0x20004000                PROVIDE (__cy_heap_end, (__cy_stack - 0x4000))

.cybootloader   0x00000000        0x0
 *(.cybootloader)
                0x00000000                appl1_start = CY_APPL_ORIGIN?CY_APPL_ORIGIN:ALIGN (CY_FLASH_ROW_SIZE)
                0x0001ff00                appl2_start = (appl1_start + ALIGN ((((0x40000 - appl1_start) - (0x2 * CY_FLASH_ROW_SIZE)) / 0x2), CY_FLASH_ROW_SIZE))
                0x00000000                appl_start = (CY_APPL_NUM == 0x1)?appl1_start:appl2_start
                0x00000000                ecc_offset = ((appl_start / CY_FLASH_ROW_SIZE) * CY_ECC_ROW_SIZE)
                0x00000000                ee_offset = (CY_APPL_LOADABLE && ! (CY_EE_IN_BTLDR))?((CY_EE_SIZE / CY_APPL_MAX) * (CY_APPL_NUM - 0x1)):0x0
                0x00000800                ee_size = (CY_APPL_LOADABLE && ! (CY_EE_IN_BTLDR))?(CY_EE_SIZE / CY_APPL_MAX):CY_EE_SIZE
                0x00000000                PROVIDE (CY_ECC_OFFSET, ecc_offset)

.text           0x00000000     0x1e2a
 CREATE_OBJECT_SYMBOLS
                0x00000000                PROVIDE (__cy_interrupt_vector, RomVectors)
 *(.romvectors)
 .romvectors    0x00000000       0x10 .\CortexM3\ARM_GCC_473\Debug\Cm3Start.o
                0x00000000                RomVectors
                0x00000001                ASSERT ((. != __cy_interrupt_vector), No interrupt vector)
                0x00000001                ASSERT (CY_APPL_ORIGIN?(SIZEOF (.cybootloader) <= CY_APPL_ORIGIN):0x1, Wrong image location)
                0x00000010                PROVIDE (__cy_reset, Reset)
 *(.text.Reset)
 .text.Reset    0x00000010       0x1c .\CortexM3\ARM_GCC_473\Debug\Cm3Start.o
                0x00000010                Reset
                0x00000001                ASSERT ((. != __cy_reset), No reset code)
 *(.dma_init)
                0x00000001                ASSERT ((((appl_start + .) <= 0x10000) || 0x1), DMA Init must be within the first 64k of flash)
 *(.text .text.* .gnu.linkonce.t.*)
 .text          0x0000002c       0x54 c:/program files (x86)/cypress/psoc creator/3.0/psoc creator/import/gnu_cs/arm/4.7.3/bin/../lib/gcc/arm-none-eabi/4.7.3/armv7-m/crtbegin.o
 .text.main     0x00000080      0x3cc .\CortexM3\ARM_GCC_473\Debug\main.o
                0x00000080                main
 .text.mapCoor  0x0000044c       0x38 .\CortexM3\ARM_GCC_473\Debug\main.o
                0x0000044c                mapCoor
 .text.IntDefaultHandler
                0x00000484        0x8 .\CortexM3\ARM_GCC_473\Debug\Cm3Start.o
                0x00000484                IntDefaultHandler
 .text.Start_c  0x0000048c       0xcc .\CortexM3\ARM_GCC_473\Debug\Cm3Start.o
                0x0000048c                Start_c
 .text.initialize_psoc
                0x00000558       0xb4 .\CortexM3\ARM_GCC_473\Debug\Cm3Start.o
                0x00000558                initialize_psoc
 .text.CYMEMZERO
                0x0000060c       0x20 .\CortexM3\ARM_GCC_473\Debug\touch_buttons.a(cyfitter_cfg.o)
 .text.CYCONFIGCPY
                0x0000062c       0x20 .\CortexM3\ARM_GCC_473\Debug\touch_buttons.a(cyfitter_cfg.o)
 .text.CyClockStartupError
                0x0000064c        0xc .\CortexM3\ARM_GCC_473\Debug\touch_buttons.a(cyfitter_cfg.o)
 .text.cfg_write_bytes32
                0x00000658       0x84 .\CortexM3\ARM_GCC_473\Debug\touch_buttons.a(cyfitter_cfg.o)
 .text.ClockSetup
                0x000006dc      0x150 .\CortexM3\ARM_GCC_473\Debug\touch_buttons.a(cyfitter_cfg.o)
 .text.AnalogSetDefault
                0x0000082c       0x50 .\CortexM3\ARM_GCC_473\Debug\touch_buttons.a(cyfitter_cfg.o)
 .text.cyfitter_cfg
                0x0000087c      0x1dc .\CortexM3\ARM_GCC_473\Debug\touch_buttons.a(cyfitter_cfg.o)
                0x0000087c                cyfitter_cfg
 .text.Clock_1_SetDividerRegister
                0x00000a58      0x1e8 .\CortexM3\ARM_GCC_473\Debug\touch_buttons.a(Clock_1.o)
                0x00000a58                Clock_1_SetDividerRegister
 .text.Clock_1_GetDividerRegister
                0x00000c40       0x18 .\CortexM3\ARM_GCC_473\Debug\touch_buttons.a(Clock_1.o)
                0x00000c40                Clock_1_GetDividerRegister
 .text.Clock_1_GetSourceRegister
                0x00000c58       0x20 .\CortexM3\ARM_GCC_473\Debug\touch_buttons.a(Clock_1.o)
                0x00000c58                Clock_1_GetSourceRegister
 .text.TFTSHIELD_1_Start
                0x00000c78      0x348 .\CortexM3\ARM_GCC_473\Debug\touch_buttons.a(TFTSHIELD_1.o)
                0x00000c78                TFTSHIELD_1_Start
 .text.TFTSHIELD_1_SetPage
                0x00000fc0       0x30 .\CortexM3\ARM_GCC_473\Debug\touch_buttons.a(TFTSHIELD_1.o)
                0x00000fc0                TFTSHIELD_1_SetPage
 .text.TFTSHIELD_1_SetAddrWindow
                0x00000ff0       0x50 .\CortexM3\ARM_GCC_473\Debug\touch_buttons.a(TFTSHIELD_1.o)
                0x00000ff0                TFTSHIELD_1_SetAddrWindow
 .text.TFTSHIELD_1_FillRect
                0x00001040      0x118 .\CortexM3\ARM_GCC_473\Debug\touch_buttons.a(TFTSHIELD_1.o)
                0x00001040                TFTSHIELD_1_FillRect
 .text.TFTSHIELD_1_FillScreen
                0x00001158       0x40 .\CortexM3\ARM_GCC_473\Debug\touch_buttons.a(TFTSHIELD_1.o)
                0x00001158                TFTSHIELD_1_FillScreen
 .text.TFTSHIELD_1_SetCol
                0x00001198       0x30 .\CortexM3\ARM_GCC_473\Debug\touch_buttons.a(TFTSHIELD_1.o)
                0x00001198                TFTSHIELD_1_SetCol
 .text.TFTSHIELD_1_SendData16
                0x000011c8       0x3c .\CortexM3\ARM_GCC_473\Debug\touch_buttons.a(TFTSHIELD_1.o)
                0x000011c8                TFTSHIELD_1_SendData16
 .text.TFTSHIELD_1_SendData
                0x00001204       0x28 .\CortexM3\ARM_GCC_473\Debug\touch_buttons.a(TFTSHIELD_1.o)
                0x00001204                TFTSHIELD_1_SendData
 .text.TFTSHIELD_1_SendCmd
                0x0000122c       0x28 .\CortexM3\ARM_GCC_473\Debug\touch_buttons.a(TFTSHIELD_1.o)
                0x0000122c                TFTSHIELD_1_SendCmd
 .text.TFTSHIELD_1_SPITransfer
                0x00001254       0x1c .\CortexM3\ARM_GCC_473\Debug\touch_buttons.a(TFTSHIELD_1.o)
                0x00001254                TFTSHIELD_1_SPITransfer
 .text.TFTSHIELD_1_DrawVLine
                0x00001270       0x7c .\CortexM3\ARM_GCC_473\Debug\touch_buttons.a(TFTSHIELD_1.o)
                0x00001270                TFTSHIELD_1_DrawVLine
 .text.TFTSHIELD_1_FillCircle
                0x000012ec       0x58 .\CortexM3\ARM_GCC_473\Debug\touch_buttons.a(TFTSHIELD_1.o)
                0x000012ec                TFTSHIELD_1_FillCircle
 .text.TFTSHIELD_1_FillCircleHelper
                0x00001344      0x150 .\CortexM3\ARM_GCC_473\Debug\touch_buttons.a(TFTSHIELD_1.o)
                0x00001344                TFTSHIELD_1_FillCircleHelper
 .text.TFTSHIELD_1_SetCursor
                0x00001494       0x30 .\CortexM3\ARM_GCC_473\Debug\touch_buttons.a(TFTSHIELD_1.o)
                0x00001494                TFTSHIELD_1_SetCursor
 .text.TFTSHIELD_1_SetTextSize
                0x000014c4       0x2c .\CortexM3\ARM_GCC_473\Debug\touch_buttons.a(TFTSHIELD_1.o)
                0x000014c4                TFTSHIELD_1_SetTextSize
 .text.TFTSHIELD_1_SetTextColor
                0x000014f0       0x34 .\CortexM3\ARM_GCC_473\Debug\touch_buttons.a(TFTSHIELD_1.o)
                0x000014f0                TFTSHIELD_1_SetTextColor
 .text.TFTSHIELD_1_CS_LOW
                0x00001524       0x28 .\CortexM3\ARM_GCC_473\Debug\touch_buttons.a(TFTSHIELD_1.o)
                0x00001524                TFTSHIELD_1_CS_LOW
 .text.TFTSHIELD_1_CS_HIGH
                0x0000154c       0x28 .\CortexM3\ARM_GCC_473\Debug\touch_buttons.a(TFTSHIELD_1.o)
                0x0000154c                TFTSHIELD_1_CS_HIGH
 .text.TFTSHIELD_1_DC_LOW
                0x00001574       0x28 .\CortexM3\ARM_GCC_473\Debug\touch_buttons.a(TFTSHIELD_1.o)
                0x00001574                TFTSHIELD_1_DC_LOW
 .text.TFTSHIELD_1_DC_HIGH
                0x0000159c       0x28 .\CortexM3\ARM_GCC_473\Debug\touch_buttons.a(TFTSHIELD_1.o)
                0x0000159c                TFTSHIELD_1_DC_HIGH
 .text.TFTSHIELD_1_RT_CS_LOW
                0x000015c4       0x28 .\CortexM3\ARM_GCC_473\Debug\touch_buttons.a(TFTSHIELD_1.o)
                0x000015c4                TFTSHIELD_1_RT_CS_LOW
 .text.TFTSHIELD_1_RT_CS_HIGH
                0x000015ec       0x28 .\CortexM3\ARM_GCC_473\Debug\touch_buttons.a(TFTSHIELD_1.o)
                0x000015ec                TFTSHIELD_1_RT_CS_HIGH
 .text.TFTSHIELD_1_StartTouch
                0x00001614      0x10c .\CortexM3\ARM_GCC_473\Debug\touch_buttons.a(TFTSHIELD_1.o)
                0x00001614                TFTSHIELD_1_StartTouch
 .text.TFTSHIELD_1_WriteRegister8
                0x00001720       0x4c .\CortexM3\ARM_GCC_473\Debug\touch_buttons.a(TFTSHIELD_1.o)
                0x00001720                TFTSHIELD_1_WriteRegister8
 .text.TFTSHIELD_1_ReadRegister8
                0x0000176c       0x84 .\CortexM3\ARM_GCC_473\Debug\touch_buttons.a(TFTSHIELD_1.o)
                0x0000176c                TFTSHIELD_1_ReadRegister8
 .text.TFTSHIELD_1_ReadData
                0x000017f0       0xb0 .\CortexM3\ARM_GCC_473\Debug\touch_buttons.a(TFTSHIELD_1.o)
                0x000017f0                TFTSHIELD_1_ReadData
 .text.TFTSHIELD_1_GetVersion
                0x000018a0       0x38 .\CortexM3\ARM_GCC_473\Debug\touch_buttons.a(TFTSHIELD_1.o)
                0x000018a0                TFTSHIELD_1_GetVersion
 .text.TFTSHIELD_1_ResetBuffer
                0x000018d8       0x3c .\CortexM3\ARM_GCC_473\Debug\touch_buttons.a(TFTSHIELD_1.o)
                0x000018d8                TFTSHIELD_1_ResetBuffer
 .text.TFTSHIELD_1_Touched
                0x00001914       0x30 .\CortexM3\ARM_GCC_473\Debug\touch_buttons.a(TFTSHIELD_1.o)
                0x00001914                TFTSHIELD_1_Touched
 .text.TFTSHIELD_1_BufferEmpty
                0x00001944       0x20 .\CortexM3\ARM_GCC_473\Debug\touch_buttons.a(TFTSHIELD_1.o)
                0x00001944                TFTSHIELD_1_BufferEmpty
 .text.TFTSHIELD_1_SPIM_1_Init
                0x00001964       0x90 .\CortexM3\ARM_GCC_473\Debug\touch_buttons.a(TFTSHIELD_1_SPIM_1.o)
                0x00001964                TFTSHIELD_1_SPIM_1_Init
 .text.TFTSHIELD_1_SPIM_1_Enable
                0x000019f4       0x7c .\CortexM3\ARM_GCC_473\Debug\touch_buttons.a(TFTSHIELD_1_SPIM_1.o)
                0x000019f4                TFTSHIELD_1_SPIM_1_Enable
 .text.TFTSHIELD_1_SPIM_1_Start
                0x00001a70       0x2c .\CortexM3\ARM_GCC_473\Debug\touch_buttons.a(TFTSHIELD_1_SPIM_1.o)
                0x00001a70                TFTSHIELD_1_SPIM_1_Start
 .text.TFTSHIELD_1_SPIM_1_EnableTxInt
                0x00001a9c       0x18 .\CortexM3\ARM_GCC_473\Debug\touch_buttons.a(TFTSHIELD_1_SPIM_1.o)
                0x00001a9c                TFTSHIELD_1_SPIM_1_EnableTxInt
 .text.TFTSHIELD_1_SPIM_1_EnableRxInt
                0x00001ab4       0x18 .\CortexM3\ARM_GCC_473\Debug\touch_buttons.a(TFTSHIELD_1_SPIM_1.o)
                0x00001ab4                TFTSHIELD_1_SPIM_1_EnableRxInt
 .text.TFTSHIELD_1_SPIM_1_ReadTxStatus
                0x00001acc       0x20 .\CortexM3\ARM_GCC_473\Debug\touch_buttons.a(TFTSHIELD_1_SPIM_1.o)
                0x00001acc                TFTSHIELD_1_SPIM_1_ReadTxStatus
 .text.TFTSHIELD_1_SPIM_1_ReadRxStatus
                0x00001aec       0x20 .\CortexM3\ARM_GCC_473\Debug\touch_buttons.a(TFTSHIELD_1_SPIM_1.o)
                0x00001aec                TFTSHIELD_1_SPIM_1_ReadRxStatus
 .text.TFTSHIELD_1_SPIM_1_WriteTxData
                0x00001b0c       0x38 .\CortexM3\ARM_GCC_473\Debug\touch_buttons.a(TFTSHIELD_1_SPIM_1.o)
                0x00001b0c                TFTSHIELD_1_SPIM_1_WriteTxData
 .text.TFTSHIELD_1_SPIM_1_ReadRxData
                0x00001b44       0x20 .\CortexM3\ARM_GCC_473\Debug\touch_buttons.a(TFTSHIELD_1_SPIM_1.o)
                0x00001b44                TFTSHIELD_1_SPIM_1_ReadRxData
 .text.TFTSHIELD_1_SPIM_1_GetRxBufferSize
                0x00001b64       0x34 .\CortexM3\ARM_GCC_473\Debug\touch_buttons.a(TFTSHIELD_1_SPIM_1.o)
                0x00001b64                TFTSHIELD_1_SPIM_1_GetRxBufferSize
 .text.TFTSHIELD_1_SPIM_1_ClearFIFO
                0x00001b98       0x78 .\CortexM3\ARM_GCC_473\Debug\touch_buttons.a(TFTSHIELD_1_SPIM_1.o)
                0x00001b98                TFTSHIELD_1_SPIM_1_ClearFIFO
 .text.TFTSHIELD_1_SPIM_1_TX_ISR
                0x00001c10        0xc .\CortexM3\ARM_GCC_473\Debug\touch_buttons.a(TFTSHIELD_1_SPIM_1_INT.o)
                0x00001c10                TFTSHIELD_1_SPIM_1_TX_ISR
 .text.TFTSHIELD_1_SPIM_1_RX_ISR
                0x00001c1c        0xc .\CortexM3\ARM_GCC_473\Debug\touch_buttons.a(TFTSHIELD_1_SPIM_1_INT.o)
                0x00001c1c                TFTSHIELD_1_SPIM_1_RX_ISR
 .text.TFTSHIELD_1_CR_1_Write
                0x00001c28       0x20 .\CortexM3\ARM_GCC_473\Debug\touch_buttons.a(TFTSHIELD_1_CR_1.o)
                0x00001c28                TFTSHIELD_1_CR_1_Write
 .text.TFTSHIELD_1_CR_1_Read
                0x00001c48       0x18 .\CortexM3\ARM_GCC_473\Debug\touch_buttons.a(TFTSHIELD_1_CR_1.o)
                0x00001c48                TFTSHIELD_1_CR_1_Read
 .text          0x00001c60       0x28 .\CortexM3\ARM_GCC_473\Debug\touch_buttons.a(CyBootAsmGnu.o)
                0x00001c60                CyDelayCycles
                0x00001c74                CyEnterCriticalSection
                0x00001c7c                CyExitCriticalSection
 .text.CyHalt   0x00001c88       0x18 .\CortexM3\ARM_GCC_473\Debug\touch_buttons.a(CyLib.o)
                0x00001c88                CyHalt
 .text.CyDelay  0x00001ca0       0x48 .\CortexM3\ARM_GCC_473\Debug\touch_buttons.a(CyLib.o)
                0x00001ca0                CyDelay
 .text.CyDelayUs
                0x00001ce8       0x28 .\CortexM3\ARM_GCC_473\Debug\touch_buttons.a(CyLib.o)
                0x00001ce8                CyDelayUs
 .text.CyIntSetVector
                0x00001d10       0x60 .\CortexM3\ARM_GCC_473\Debug\touch_buttons.a(CyLib.o)
                0x00001d10                CyIntSetVector
 .text.CyIntSetPriority
                0x00001d70       0x4c .\CortexM3\ARM_GCC_473\Debug\touch_buttons.a(CyLib.o)
                0x00001d70                CyIntSetPriority
 .text.__libc_init_array
                0x00001dbc       0x4c c:/program files (x86)/cypress/psoc creator/3.0/psoc creator/import/gnu_cs/arm/4.7.3/bin/../lib/gcc/arm-none-eabi/4.7.3/../../../../arm-none-eabi/lib/armv7-m\libc_s.a(lib_a-init.o)
                0x00001dbc                __libc_init_array
 .text.memcpy   0x00001e08       0x12 c:/program files (x86)/cypress/psoc creator/3.0/psoc creator/import/gnu_cs/arm/4.7.3/bin/../lib/gcc/arm-none-eabi/4.7.3/../../../../arm-none-eabi/lib/armv7-m\libc_s.a(lib_a-memcpy.o)
                0x00001e08                memcpy
 .text.memset   0x00001e1a       0x10 c:/program files (x86)/cypress/psoc creator/3.0/psoc creator/import/gnu_cs/arm/4.7.3/bin/../lib/gcc/arm-none-eabi/4.7.3/../../../../arm-none-eabi/lib/armv7-m\libc_s.a(lib_a-memset.o)
                0x00001e1a                memset
 *(.plt)
 *(.gnu.warning)
 *(.glue_7t)
 .glue_7t       0x00000000        0x0 linker stubs
 *(.glue_7)
 .glue_7        0x00000000        0x0 linker stubs
 *(.vfp11_veneer)
 .vfp11_veneer  0x00000000        0x0 linker stubs
 *(.bootloader)
 *(.ARM.extab* .gnu.linkonce.armextab.*)
 *(.gcc_except_table)

.v4_bx          0x00001e2c        0x0
 .v4_bx         0x00000000        0x0 linker stubs

.iplt           0x00001e2c        0x0
 .iplt          0x00000000        0x0 c:/program files (x86)/cypress/psoc creator/3.0/psoc creator/import/gnu_cs/arm/4.7.3/bin/../lib/gcc/arm-none-eabi/4.7.3/armv7-m/crtbegin.o

.eh_frame_hdr
 *(.eh_frame_hdr)

.eh_frame       0x00001e2c        0x4
 *(.eh_frame)
 .eh_frame      0x00001e2c        0x0 c:/program files (x86)/cypress/psoc creator/3.0/psoc creator/import/gnu_cs/arm/4.7.3/bin/../lib/gcc/arm-none-eabi/4.7.3/armv7-m/crtbegin.o
 .eh_frame      0x00001e2c        0x4 c:/program files (x86)/cypress/psoc creator/3.0/psoc creator/import/gnu_cs/arm/4.7.3/bin/../lib/gcc/arm-none-eabi/4.7.3/armv7-m/crtend.o
                0x00001e30                PROVIDE (__exidx_start, .)

.ARM.exidx
 *(.ARM.exidx* .gnu.linkonce.armexidx.*)
                0x00001e30                __exidx_end = .

.rodata         0x00001e30       0x70
 *(.rodata .rodata.* .gnu.linkonce.r.*)
 .rodata        0x00001e30       0x3c .\CortexM3\ARM_GCC_473\Debug\touch_buttons.a(cyfitter_cfg.o)
                0x00001e6c                . = ALIGN (0x4)
 *(.init)
 .init          0x00001e6c        0x4 c:/program files (x86)/cypress/psoc creator/3.0/psoc creator/import/gnu_cs/arm/4.7.3/bin/../lib/gcc/arm-none-eabi/4.7.3/armv7-m/crti.o
                0x00001e6c                _init
 .init          0x00001e70        0x8 c:/program files (x86)/cypress/psoc creator/3.0/psoc creator/import/gnu_cs/arm/4.7.3/bin/../lib/gcc/arm-none-eabi/4.7.3/armv7-m/crtn.o
                0x00001e78                . = ALIGN (0x4)
                0x00001e78                __preinit_array_start = .
 *(.preinit_array)
                0x00001e78                __preinit_array_end = .
                0x00001e78                . = ALIGN (0x4)
                0x00001e78                __init_array_start = .
 *(SORT(.init_array.*))
 *(.init_array)
 .init_array    0x00001e78        0x4 c:/program files (x86)/cypress/psoc creator/3.0/psoc creator/import/gnu_cs/arm/4.7.3/bin/../lib/gcc/arm-none-eabi/4.7.3/armv7-m/crtbegin.o
 .init_array    0x00001e7c        0x4 .\CortexM3\ARM_GCC_473\Debug\Cm3Start.o
                0x00001e80                __init_array_end = .
                0x00001e80                . = ALIGN (0x4)
 *(.fini)
 .fini          0x00001e80        0x4 c:/program files (x86)/cypress/psoc creator/3.0/psoc creator/import/gnu_cs/arm/4.7.3/bin/../lib/gcc/arm-none-eabi/4.7.3/armv7-m/crti.o
                0x00001e80                _fini
 .fini          0x00001e84        0x8 c:/program files (x86)/cypress/psoc creator/3.0/psoc creator/import/gnu_cs/arm/4.7.3/bin/../lib/gcc/arm-none-eabi/4.7.3/armv7-m/crtn.o
                0x00001e8c                . = ALIGN (0x4)
                0x00001e8c                __fini_array_start = .
 *(.fini_array)
 .fini_array    0x00001e8c        0x4 c:/program files (x86)/cypress/psoc creator/3.0/psoc creator/import/gnu_cs/arm/4.7.3/bin/../lib/gcc/arm-none-eabi/4.7.3/armv7-m/crtbegin.o
 *(SORT(.fini_array.*))
                0x00001e90                __fini_array_end = .
                0x00001e90                . = ALIGN (0x4)
 *crtbegin.o(.ctors)
 *(EXCLUDE_FILE(*crtend.o) .ctors)
 *(SORT(.ctors.*))
 *crtend.o(.ctors)
                0x00001e90                . = ALIGN (0x4)
 *crtbegin.o(.dtors)
 *(EXCLUDE_FILE(*crtend.o) .dtors)
 *(SORT(.dtors.*))
 *crtend.o(.dtors)
                0x00001e90                . = ALIGN (0x4)
                0x00001e90                __cy_regions = .
                0x00001e90        0x4 LONG 0x1ea0 __cy_region_init_ram
                0x00001e94        0x4 LONG 0x1fff8108 __cy_region_start_data
                0x00001e98        0x4 LONG 0x18 __cy_region_init_size_ram
                0x00001e9c        0x4 LONG 0x40 __cy_region_zero_size_ram
                0x00001ea0                __cy_regions_end = .
                0x00001ea0                . = ALIGN (0x8)
                0x00001ea0                _etext = .

.ramvectors     0x1fff8000      0x100
                0x1fff8000                __cy_region_start_ram = .
 *(.ramvectors)
 .ramvectors    0x1fff8000      0x100 .\CortexM3\ARM_GCC_473\Debug\Cm3Start.o
                0x1fff8000                CyRamVectors

.noinit         0x1fff8100        0x5
 *(.noinit)
 .noinit        0x1fff8100        0x4 .\CortexM3\ARM_GCC_473\Debug\Cm3Start.o
 .noinit        0x1fff8104        0x1 .\CortexM3\ARM_GCC_473\Debug\touch_buttons.a(CyLib.o)
                0x1fff8104                CyResetStatus

.data           0x1fff8108       0x18 load address 0x00001ea0
                0x1fff8108                __cy_region_start_data = .
 *(.jcr)
 .jcr           0x1fff8108        0x0 c:/program files (x86)/cypress/psoc creator/3.0/psoc creator/import/gnu_cs/arm/4.7.3/bin/../lib/gcc/arm-none-eabi/4.7.3/armv7-m/crtbegin.o
 .jcr           0x1fff8108        0x4 c:/program files (x86)/cypress/psoc creator/3.0/psoc creator/import/gnu_cs/arm/4.7.3/bin/../lib/gcc/arm-none-eabi/4.7.3/armv7-m/crtend.o
 *(.got.plt)
 *(.got)
 *(.shdata)
 *(.data .data.* .gnu.linkonce.d.*)
 .data          0x1fff810c       0x10 .\CortexM3\ARM_GCC_473\Debug\touch_buttons.a(CyLib.o)
                0x1fff810c                cydelay_freq_hz
                0x1fff8110                cydelay_freq_khz
                0x1fff8114                cydelay_freq_mhz
                0x1fff8118                cydelay_32k_ms
                0x1fff8120                . = ALIGN (0x8)
 *fill*         0x1fff811c        0x4 00
 *(.ram)
                0x1fff8120                _edata = .

.igot.plt       0x1fff8120        0x0 load address 0x00001eb8
 .igot.plt      0x00000000        0x0 c:/program files (x86)/cypress/psoc creator/3.0/psoc creator/import/gnu_cs/arm/4.7.3/bin/../lib/gcc/arm-none-eabi/4.7.3/armv7-m/crtbegin.o

.bss            0x1fff8120       0x40 load address 0x00001eb8
                0x1fff8120                PROVIDE (__bss_start__, .)
 *(.shbss)
 *(.bss .bss.* .gnu.linkonce.b.*)
 .bss           0x1fff8120       0x1c c:/program files (x86)/cypress/psoc creator/3.0/psoc creator/import/gnu_cs/arm/4.7.3/bin/../lib/gcc/arm-none-eabi/4.7.3/armv7-m/crtbegin.o
 .bss           0x1fff813c        0x1 .\CortexM3\ARM_GCC_473\Debug\touch_buttons.a(TFTSHIELD_1_SPIM_1.o)
                0x1fff813c                TFTSHIELD_1_SPIM_1_initVar
 *(COMMON)
 *fill*         0x1fff813d        0x3 00
 COMMON         0x1fff8140       0x20 .\CortexM3\ARM_GCC_473\Debug\main.o
                0x1fff8140                cursor_y
                0x1fff8144                oldcolor
                0x1fff8148                rotation
                0x1fff814c                _width
                0x1fff8150                cursor_x
                0x1fff8152                wrap
                0x1fff8153                textsize
                0x1fff8154                _height
                0x1fff8158                currentcolor
                0x1fff815c                textbgcolor
                0x1fff815e                textcolor
                0x1fff8160                . = ALIGN (0x8)
 *(.ram.b)
                0x1fff8160                _end = .
                0x1fff8160                __end = .
                0x1fff8160                PROVIDE (end, .)
                0x1fff8160                PROVIDE (__bss_end__, .)
                0x00001ea0                __cy_region_init_ram = LOADADDR (.data)
                0x00000018                __cy_region_init_size_ram = (_edata - ADDR (.data))
                0x00000040                __cy_region_zero_size_ram = (_end - _edata)

.heap           0x1fff8160     0x1000 load address 0x00001eb8
                0x1fff8160                . = _end
                0x1fff9160                . = (. + 0x1000)
 *fill*         0x1fff8160     0x1000 00
                0x1fff9160                __cy_heap_limit = .

.stack          0x20004000     0x4000
                0x20004000                __cy_stack_limit = .
                0x20008000                . = (. + 0x4000)
 *fill*         0x20004000     0x4000 00
                0x00000001                ASSERT ((__cy_stack_limit >= __cy_heap_limit), region RAM overflowed with stack)

.cyloadermeta
 *(.cyloadermeta)

.cyloadablemeta
 *(.cyloadablemeta)

.cyconfigecc    0x80000000      0x290
 *(.cyconfigecc)
 .cyconfigecc   0x80000000      0x290 .\CortexM3\ARM_GCC_473\Debug\cymetadata.o
                0x80000000                cy_meta_configecc

.cycustnvl      0x90000000        0x4
 *(.cycustnvl)
 .cycustnvl     0x90000000        0x4 .\CortexM3\ARM_GCC_473\Debug\cymetadata.o
                0x90000000                cy_meta_custnvl

.cywolatch      0x90100000        0x4
 *(.cywolatch)
 .cywolatch     0x90100000        0x4 .\CortexM3\ARM_GCC_473\Debug\cymetadata.o
                0x90100000                cy_meta_wonvl

.cyeeprom       0x90200000        0x0
 *(.cyeeprom)
                0x00000001                ASSERT ((. <= ((0x90200000 + ee_offset) + ee_size)), .cyeeprom data will not fit in EEPROM)

.cyflashprotect
                0x90400000      0x100
 *(.cyflashprotect)
 .cyflashprotect
                0x90400000      0x100 .\CortexM3\ARM_GCC_473\Debug\cymetadata.o
                0x90400000                cy_meta_flashprotect

.cymeta         0x90500000        0xc
 *(.cymeta)
 .cymeta        0x90500000        0xc .\CortexM3\ARM_GCC_473\Debug\cymetadata.o
                0x90500000                cy_metadata

.rel.dyn        0x00001eb8        0x0 load address 0x9050000c
 .rel.iplt      0x00000000        0x0 c:/program files (x86)/cypress/psoc creator/3.0/psoc creator/import/gnu_cs/arm/4.7.3/bin/../lib/gcc/arm-none-eabi/4.7.3/armv7-m/crtbegin.o

.stab
 *(.stab)

.stabstr
 *(.stabstr)

.debug
 *(.debug)

.line
 *(.line)

.debug_srcinfo
 *(.debug_srcinfo)

.debug_sfnames
 *(.debug_sfnames)

.debug_aranges  0x00000000      0x7d0
 *(.debug_aranges)
 .debug_aranges
                0x00000000       0x28 .\CortexM3\ARM_GCC_473\Debug\main.o
 .debug_aranges
                0x00000028       0x18 .\CortexM3\ARM_GCC_473\Debug\cymetadata.o
 .debug_aranges
                0x00000040       0x40 .\CortexM3\ARM_GCC_473\Debug\Cm3Start.o
 .debug_aranges
                0x00000080       0x60 .\CortexM3\ARM_GCC_473\Debug\touch_buttons.a(cyfitter_cfg.o)
 .debug_aranges
                0x000000e0       0x70 .\CortexM3\ARM_GCC_473\Debug\touch_buttons.a(Clock_1.o)
 .debug_aranges
                0x00000150      0x1b0 .\CortexM3\ARM_GCC_473\Debug\touch_buttons.a(TFTSHIELD_1.o)
 .debug_aranges
                0x00000300       0xd8 .\CortexM3\ARM_GCC_473\Debug\touch_buttons.a(TFTSHIELD_1_SPIM_1.o)
 .debug_aranges
                0x000003d8       0x28 .\CortexM3\ARM_GCC_473\Debug\touch_buttons.a(TFTSHIELD_1_SPIM_1_INT.o)
 .debug_aranges
                0x00000400       0x28 .\CortexM3\ARM_GCC_473\Debug\touch_buttons.a(TFTSHIELD_1_CR_1.o)
 .debug_aranges
                0x00000428       0x20 .\CortexM3\ARM_GCC_473\Debug\touch_buttons.a(CyBootAsmGnu.o)
 .debug_aranges
                0x00000448      0x218 .\CortexM3\ARM_GCC_473\Debug\touch_buttons.a(CyLib.o)
 .debug_aranges
                0x00000660       0x90 .\CortexM3\ARM_GCC_473\Debug\touch_buttons.a(cyPm.o)
 .debug_aranges
                0x000006f0       0x78 .\CortexM3\ARM_GCC_473\Debug\touch_buttons.a(CyFlash.o)
 .debug_aranges
                0x00000768       0x68 .\CortexM3\ARM_GCC_473\Debug\touch_buttons.a(CySpc.o)

.debug_pubnames
 *(.debug_pubnames)

.debug_info     0x00000000     0x4221
 *(.debug_info .gnu.linkonce.wi.*)
 .debug_info    0x00000000      0x27b .\CortexM3\ARM_GCC_473\Debug\main.o
 .debug_info    0x0000027b      0x13f .\CortexM3\ARM_GCC_473\Debug\cymetadata.o
 .debug_info    0x000003ba      0x2ea .\CortexM3\ARM_GCC_473\Debug\Cm3Start.o
 .debug_info    0x000006a4      0x47e .\CortexM3\ARM_GCC_473\Debug\touch_buttons.a(cyfitter_cfg.o)
 .debug_info    0x00000b22      0x294 .\CortexM3\ARM_GCC_473\Debug\touch_buttons.a(Clock_1.o)
 .debug_info    0x00000db6     0x13d9 .\CortexM3\ARM_GCC_473\Debug\touch_buttons.a(TFTSHIELD_1.o)
 .debug_info    0x0000218f      0x485 .\CortexM3\ARM_GCC_473\Debug\touch_buttons.a(TFTSHIELD_1_SPIM_1.o)
 .debug_info    0x00002614       0xb8 .\CortexM3\ARM_GCC_473\Debug\touch_buttons.a(TFTSHIELD_1_SPIM_1_INT.o)
 .debug_info    0x000026cc       0xe3 .\CortexM3\ARM_GCC_473\Debug\touch_buttons.a(TFTSHIELD_1_CR_1.o)
 .debug_info    0x000027af       0xab .\CortexM3\ARM_GCC_473\Debug\touch_buttons.a(CyBootAsmGnu.o)
 .debug_info    0x0000285a      0xcd7 .\CortexM3\ARM_GCC_473\Debug\touch_buttons.a(CyLib.o)
 .debug_info    0x00003531      0x5c3 .\CortexM3\ARM_GCC_473\Debug\touch_buttons.a(cyPm.o)
 .debug_info    0x00003af4      0x354 .\CortexM3\ARM_GCC_473\Debug\touch_buttons.a(CyFlash.o)
 .debug_info    0x00003e48      0x3d9 .\CortexM3\ARM_GCC_473\Debug\touch_buttons.a(CySpc.o)

.debug_abbrev   0x00000000      0xff3
 *(.debug_abbrev)
 .debug_abbrev  0x00000000       0xfa .\CortexM3\ARM_GCC_473\Debug\main.o
 .debug_abbrev  0x000000fa       0x66 .\CortexM3\ARM_GCC_473\Debug\cymetadata.o
 .debug_abbrev  0x00000160      0x175 .\CortexM3\ARM_GCC_473\Debug\Cm3Start.o
 .debug_abbrev  0x000002d5      0x1b9 .\CortexM3\ARM_GCC_473\Debug\touch_buttons.a(cyfitter_cfg.o)
 .debug_abbrev  0x0000048e      0x11f .\CortexM3\ARM_GCC_473\Debug\touch_buttons.a(Clock_1.o)
 .debug_abbrev  0x000005ad      0x1cb .\CortexM3\ARM_GCC_473\Debug\touch_buttons.a(TFTSHIELD_1.o)
 .debug_abbrev  0x00000778      0x158 .\CortexM3\ARM_GCC_473\Debug\touch_buttons.a(TFTSHIELD_1_SPIM_1.o)
 .debug_abbrev  0x000008d0       0x44 .\CortexM3\ARM_GCC_473\Debug\touch_buttons.a(TFTSHIELD_1_SPIM_1_INT.o)
 .debug_abbrev  0x00000914       0x83 .\CortexM3\ARM_GCC_473\Debug\touch_buttons.a(TFTSHIELD_1_CR_1.o)
 .debug_abbrev  0x00000997       0x14 .\CortexM3\ARM_GCC_473\Debug\touch_buttons.a(CyBootAsmGnu.o)
 .debug_abbrev  0x000009ab      0x207 .\CortexM3\ARM_GCC_473\Debug\touch_buttons.a(CyLib.o)
 .debug_abbrev  0x00000bb2      0x170 .\CortexM3\ARM_GCC_473\Debug\touch_buttons.a(cyPm.o)
 .debug_abbrev  0x00000d22      0x172 .\CortexM3\ARM_GCC_473\Debug\touch_buttons.a(CyFlash.o)
 .debug_abbrev  0x00000e94      0x15f .\CortexM3\ARM_GCC_473\Debug\touch_buttons.a(CySpc.o)

.debug_line     0x00000000     0x20f1
 *(.debug_line)
 .debug_line    0x00000000      0x197 .\CortexM3\ARM_GCC_473\Debug\main.o
 .debug_line    0x00000197       0x53 .\CortexM3\ARM_GCC_473\Debug\cymetadata.o
 .debug_line    0x000001ea      0x1b0 .\CortexM3\ARM_GCC_473\Debug\Cm3Start.o
 .debug_line    0x0000039a      0x21f .\CortexM3\ARM_GCC_473\Debug\touch_buttons.a(cyfitter_cfg.o)
 .debug_line    0x000005b9      0x19e .\CortexM3\ARM_GCC_473\Debug\touch_buttons.a(Clock_1.o)
 .debug_line    0x00000757      0x7c1 .\CortexM3\ARM_GCC_473\Debug\touch_buttons.a(TFTSHIELD_1.o)
 .debug_line    0x00000f18      0x284 .\CortexM3\ARM_GCC_473\Debug\touch_buttons.a(TFTSHIELD_1_SPIM_1.o)
 .debug_line    0x0000119c       0x77 .\CortexM3\ARM_GCC_473\Debug\touch_buttons.a(TFTSHIELD_1_SPIM_1_INT.o)
 .debug_line    0x00001213       0x7b .\CortexM3\ARM_GCC_473\Debug\touch_buttons.a(TFTSHIELD_1_CR_1.o)
 .debug_line    0x0000128e       0x68 .\CortexM3\ARM_GCC_473\Debug\touch_buttons.a(CyBootAsmGnu.o)
 .debug_line    0x000012f6      0x73b .\CortexM3\ARM_GCC_473\Debug\touch_buttons.a(CyLib.o)
 .debug_line    0x00001a31      0x370 .\CortexM3\ARM_GCC_473\Debug\touch_buttons.a(cyPm.o)
 .debug_line    0x00001da1      0x1a9 .\CortexM3\ARM_GCC_473\Debug\touch_buttons.a(CyFlash.o)
 .debug_line    0x00001f4a      0x1a7 .\CortexM3\ARM_GCC_473\Debug\touch_buttons.a(CySpc.o)

.debug_frame    0x00000000     0x1bf4
 *(.debug_frame)
 .debug_frame   0x00000000       0x4c .\CortexM3\ARM_GCC_473\Debug\main.o
 .debug_frame   0x0000004c       0xa4 .\CortexM3\ARM_GCC_473\Debug\Cm3Start.o
 .debug_frame   0x000000f0      0x120 .\CortexM3\ARM_GCC_473\Debug\touch_buttons.a(cyfitter_cfg.o)
 .debug_frame   0x00000210      0x14c .\CortexM3\ARM_GCC_473\Debug\touch_buttons.a(Clock_1.o)
 .debug_frame   0x0000035c      0x670 .\CortexM3\ARM_GCC_473\Debug\touch_buttons.a(TFTSHIELD_1.o)
 .debug_frame   0x000009cc      0x2c4 .\CortexM3\ARM_GCC_473\Debug\touch_buttons.a(TFTSHIELD_1_SPIM_1.o)
 .debug_frame   0x00000c90       0x48 .\CortexM3\ARM_GCC_473\Debug\touch_buttons.a(TFTSHIELD_1_SPIM_1_INT.o)
 .debug_frame   0x00000cd8       0x48 .\CortexM3\ARM_GCC_473\Debug\touch_buttons.a(TFTSHIELD_1_CR_1.o)
 .debug_frame   0x00000d20      0x778 .\CortexM3\ARM_GCC_473\Debug\touch_buttons.a(CyLib.o)
 .debug_frame   0x00001498      0x1d0 .\CortexM3\ARM_GCC_473\Debug\touch_buttons.a(cyPm.o)
 .debug_frame   0x00001668      0x178 .\CortexM3\ARM_GCC_473\Debug\touch_buttons.a(CyFlash.o)
 .debug_frame   0x000017e0      0x13c .\CortexM3\ARM_GCC_473\Debug\touch_buttons.a(CySpc.o)
 .debug_frame   0x0000191c       0x28 c:/program files (x86)/cypress/psoc creator/3.0/psoc creator/import/gnu_cs/arm/4.7.3/bin/../lib/gcc/arm-none-eabi/4.7.3/../../../../arm-none-eabi/lib/armv7-m\libc_s.a(lib_a-__atexit2.o)
 .debug_frame   0x00001944       0x28 c:/program files (x86)/cypress/psoc creator/3.0/psoc creator/import/gnu_cs/arm/4.7.3/bin/../lib/gcc/arm-none-eabi/4.7.3/../../../../arm-none-eabi/lib/armv7-m\libc_s.a(lib_a-exit.o)
 .debug_frame   0x0000196c       0x2c c:/program files (x86)/cypress/psoc creator/3.0/psoc creator/import/gnu_cs/arm/4.7.3/bin/../lib/gcc/arm-none-eabi/4.7.3/../../../../arm-none-eabi/lib/armv7-m\libc_s.a(lib_a-fini.o)
 .debug_frame   0x00001998       0x2c c:/program files (x86)/cypress/psoc creator/3.0/psoc creator/import/gnu_cs/arm/4.7.3/bin/../lib/gcc/arm-none-eabi/4.7.3/../../../../arm-none-eabi/lib/armv7-m\libc_s.a(lib_a-init.o)
 .debug_frame   0x000019c4       0x28 c:/program files (x86)/cypress/psoc creator/3.0/psoc creator/import/gnu_cs/arm/4.7.3/bin/../lib/gcc/arm-none-eabi/4.7.3/../../../../arm-none-eabi/lib/armv7-m\libc_s.a(lib_a-memcpy.o)
 .debug_frame   0x000019ec       0x20 c:/program files (x86)/cypress/psoc creator/3.0/psoc creator/import/gnu_cs/arm/4.7.3/bin/../lib/gcc/arm-none-eabi/4.7.3/../../../../arm-none-eabi/lib/armv7-m\libc_s.a(lib_a-memset.o)
 .debug_frame   0x00001a0c       0x20 c:/program files (x86)/cypress/psoc creator/3.0/psoc creator/import/gnu_cs/arm/4.7.3/bin/../lib/gcc/arm-none-eabi/4.7.3/../../../../arm-none-eabi/lib/armv7-m\libc_s.a(lib_a-strcpy.o)
 .debug_frame   0x00001a2c       0x20 c:/program files (x86)/cypress/psoc creator/3.0/psoc creator/import/gnu_cs/arm/4.7.3/bin/../lib/gcc/arm-none-eabi/4.7.3/../../../../arm-none-eabi/lib/armv7-m\libc_s.a(lib_a-strlen.o)
 .debug_frame   0x00001a4c       0x30 c:/program files (x86)/cypress/psoc creator/3.0/psoc creator/import/gnu_cs/arm/4.7.3/bin/../lib/gcc/arm-none-eabi/4.7.3/../../../../arm-none-eabi/lib/armv7-m\libc_s.a(lib_a-strtok.o)
 .debug_frame   0x00001a7c       0x40 c:/program files (x86)/cypress/psoc creator/3.0/psoc creator/import/gnu_cs/arm/4.7.3/bin/../lib/gcc/arm-none-eabi/4.7.3/../../../../arm-none-eabi/lib/armv7-m\libc_s.a(lib_a-strtok_r.o)
 .debug_frame   0x00001abc       0x30 c:/program files (x86)/cypress/psoc creator/3.0/psoc creator/import/gnu_cs/arm/4.7.3/bin/../lib/gcc/arm-none-eabi/4.7.3/../../../../arm-none-eabi/lib/armv7-m\libc_s.a(lib_a-malloc.o)
 .debug_frame   0x00001aec       0x2c c:/program files (x86)/cypress/psoc creator/3.0/psoc creator/import/gnu_cs/arm/4.7.3/bin/../lib/gcc/arm-none-eabi/4.7.3/../../../../arm-none-eabi/lib/armv7-m\libc_s.a(lib_a-mallocr.o)
 .debug_frame   0x00001b18       0x2c c:/program files (x86)/cypress/psoc creator/3.0/psoc creator/import/gnu_cs/arm/4.7.3/bin/../lib/gcc/arm-none-eabi/4.7.3/../../../../arm-none-eabi/lib/armv7-m\libc_s.a(lib_a-sbrkr.o)
 .debug_frame   0x00001b44       0x2c c:/program files (x86)/cypress/psoc creator/3.0/psoc creator/import/gnu_cs/arm/4.7.3/bin/../lib/gcc/arm-none-eabi/4.7.3/../../../../arm-none-eabi/lib/armv7-m\libc_s.a(lib_a-freer.o)
 .debug_frame   0x00001b70       0x64 c:/program files (x86)/cypress/psoc creator/3.0/psoc creator/import/gnu_cs/arm/4.7.3/bin/../lib/gcc/arm-none-eabi/4.7.3/../../../../arm-none-eabi/lib/armv7-m\libc_s.a(lib_a-reent.o)
 .debug_frame   0x00001bd4       0x20 c:/program files (x86)/cypress/psoc creator/3.0/psoc creator/import/gnu_cs/arm/4.7.3/bin/../lib/gcc/arm-none-eabi/4.7.3/../../../../arm-none-eabi/lib/armv7-m\libnosys.a(sbrk.o)

.debug_str      0x00000000     0x1c5e
 *(.debug_str)
 .debug_str     0x00000000      0x1d7 .\CortexM3\ARM_GCC_473\Debug\main.o
                                0x21f (size before relaxing)
 .debug_str     0x000001d7       0x7d .\CortexM3\ARM_GCC_473\Debug\cymetadata.o
                                0x1c0 (size before relaxing)
 .debug_str     0x00000254      0x119 .\CortexM3\ARM_GCC_473\Debug\Cm3Start.o
                                0x27c (size before relaxing)
 .debug_str     0x0000036d      0x193 .\CortexM3\ARM_GCC_473\Debug\touch_buttons.a(cyfitter_cfg.o)
                                0x302 (size before relaxing)
 .debug_str     0x00000500      0x16a .\CortexM3\ARM_GCC_473\Debug\touch_buttons.a(Clock_1.o)
                                0x2c4 (size before relaxing)
 .debug_str     0x0000066a      0x661 .\CortexM3\ARM_GCC_473\Debug\touch_buttons.a(TFTSHIELD_1.o)
                                0x84c (size before relaxing)
 .debug_str     0x00000ccb      0x337 .\CortexM3\ARM_GCC_473\Debug\touch_buttons.a(TFTSHIELD_1_SPIM_1.o)
                                0x517 (size before relaxing)
 .debug_str     0x00001002       0x66 .\CortexM3\ARM_GCC_473\Debug\touch_buttons.a(TFTSHIELD_1_SPIM_1_INT.o)
                                0x1a9 (size before relaxing)
 .debug_str     0x00001068       0x34 .\CortexM3\ARM_GCC_473\Debug\touch_buttons.a(TFTSHIELD_1_CR_1.o)
                                0x1a6 (size before relaxing)
 .debug_str     0x0000109c      0x634 .\CortexM3\ARM_GCC_473\Debug\touch_buttons.a(CyLib.o)
                                0x7e2 (size before relaxing)
 .debug_str     0x000016d0      0x367 .\CortexM3\ARM_GCC_473\Debug\touch_buttons.a(cyPm.o)
                                0x4f1 (size before relaxing)
 .debug_str     0x00001a37      0x129 .\CortexM3\ARM_GCC_473\Debug\touch_buttons.a(CyFlash.o)
                                0x2b7 (size before relaxing)
 .debug_str     0x00001b60       0xfe .\CortexM3\ARM_GCC_473\Debug\touch_buttons.a(CySpc.o)
                                0x293 (size before relaxing)

.debug_loc      0x00000000     0x2a70
 *(.debug_loc)
 .debug_loc     0x00000000       0x72 .\CortexM3\ARM_GCC_473\Debug\main.o
 .debug_loc     0x00000072      0x100 .\CortexM3\ARM_GCC_473\Debug\Cm3Start.o
 .debug_loc     0x00000172      0x1f8 .\CortexM3\ARM_GCC_473\Debug\touch_buttons.a(cyfitter_cfg.o)
 .debug_loc     0x0000036a      0x22c .\CortexM3\ARM_GCC_473\Debug\touch_buttons.a(Clock_1.o)
 .debug_loc     0x00000596      0xafa .\CortexM3\ARM_GCC_473\Debug\touch_buttons.a(TFTSHIELD_1.o)
 .debug_loc     0x00001090      0x4d4 .\CortexM3\ARM_GCC_473\Debug\touch_buttons.a(TFTSHIELD_1_SPIM_1.o)
 .debug_loc     0x00001564       0x58 .\CortexM3\ARM_GCC_473\Debug\touch_buttons.a(TFTSHIELD_1_SPIM_1_INT.o)
 .debug_loc     0x000015bc       0x64 .\CortexM3\ARM_GCC_473\Debug\touch_buttons.a(TFTSHIELD_1_CR_1.o)
 .debug_loc     0x00001620      0xce0 .\CortexM3\ARM_GCC_473\Debug\touch_buttons.a(CyLib.o)
 .debug_loc     0x00002300      0x2e8 .\CortexM3\ARM_GCC_473\Debug\touch_buttons.a(cyPm.o)
 .debug_loc     0x000025e8      0x258 .\CortexM3\ARM_GCC_473\Debug\touch_buttons.a(CyFlash.o)
 .debug_loc     0x00002840      0x230 .\CortexM3\ARM_GCC_473\Debug\touch_buttons.a(CySpc.o)

.debug_macinfo
 *(.debug_macinfo)

.debug_ranges   0x00000000      0x6f0
 *(.debug_ranges)
 .debug_ranges  0x00000000       0x30 .\CortexM3\ARM_GCC_473\Debug\main.o
 .debug_ranges  0x00000030       0x30 .\CortexM3\ARM_GCC_473\Debug\Cm3Start.o
 .debug_ranges  0x00000060       0x50 .\CortexM3\ARM_GCC_473\Debug\touch_buttons.a(cyfitter_cfg.o)
 .debug_ranges  0x000000b0       0x60 .\CortexM3\ARM_GCC_473\Debug\touch_buttons.a(Clock_1.o)
 .debug_ranges  0x00000110      0x1a0 .\CortexM3\ARM_GCC_473\Debug\touch_buttons.a(TFTSHIELD_1.o)
 .debug_ranges  0x000002b0       0xc8 .\CortexM3\ARM_GCC_473\Debug\touch_buttons.a(TFTSHIELD_1_SPIM_1.o)
 .debug_ranges  0x00000378       0x18 .\CortexM3\ARM_GCC_473\Debug\touch_buttons.a(TFTSHIELD_1_SPIM_1_INT.o)
 .debug_ranges  0x00000390       0x18 .\CortexM3\ARM_GCC_473\Debug\touch_buttons.a(TFTSHIELD_1_CR_1.o)
 .debug_ranges  0x000003a8      0x208 .\CortexM3\ARM_GCC_473\Debug\touch_buttons.a(CyLib.o)
 .debug_ranges  0x000005b0       0x80 .\CortexM3\ARM_GCC_473\Debug\touch_buttons.a(cyPm.o)
 .debug_ranges  0x00000630       0x68 .\CortexM3\ARM_GCC_473\Debug\touch_buttons.a(CyFlash.o)
 .debug_ranges  0x00000698       0x58 .\CortexM3\ARM_GCC_473\Debug\touch_buttons.a(CySpc.o)

.comment        0x00000000       0x70
 .comment       0x00000000       0x70 .\CortexM3\ARM_GCC_473\Debug\main.o
                                 0x71 (size before relaxing)
 .comment       0x00000000       0x71 .\CortexM3\ARM_GCC_473\Debug\cymetadata.o
 .comment       0x00000000       0x71 .\CortexM3\ARM_GCC_473\Debug\Cm3Start.o
 .comment       0x00000000       0x71 .\CortexM3\ARM_GCC_473\Debug\touch_buttons.a(cyfitter_cfg.o)
 .comment       0x00000000       0x71 .\CortexM3\ARM_GCC_473\Debug\touch_buttons.a(Clock_1.o)
 .comment       0x00000000       0x71 .\CortexM3\ARM_GCC_473\Debug\touch_buttons.a(TFTSHIELD_1.o)
 .comment       0x00000000       0x71 .\CortexM3\ARM_GCC_473\Debug\touch_buttons.a(TFTSHIELD_1_SPIM_1.o)
 .comment       0x00000000       0x71 .\CortexM3\ARM_GCC_473\Debug\touch_buttons.a(TFTSHIELD_1_SPIM_1_INT.o)
 .comment       0x00000000       0x71 .\CortexM3\ARM_GCC_473\Debug\touch_buttons.a(TFTSHIELD_1_CR_1.o)
 .comment       0x00000000       0x71 .\CortexM3\ARM_GCC_473\Debug\touch_buttons.a(CyLib.o)
 .comment       0x00000000       0x71 .\CortexM3\ARM_GCC_473\Debug\touch_buttons.a(cyPm.o)
 .comment       0x00000000       0x71 .\CortexM3\ARM_GCC_473\Debug\touch_buttons.a(CyFlash.o)
 .comment       0x00000000       0x71 .\CortexM3\ARM_GCC_473\Debug\touch_buttons.a(CySpc.o)

.debug_weaknames
 *(.debug_weaknames)

.debug_funcnames
 *(.debug_funcnames)

.debug_typenames
 *(.debug_typenames)

.debug_varnames
 *(.debug_varnames)

.note.gnu.arm.ident
 *(.note.gnu.arm.ident)

.ARM.attributes
                0x00000000       0x29
 *(.ARM.attributes)
 .ARM.attributes
                0x00000000       0x1d c:/program files (x86)/cypress/psoc creator/3.0/psoc creator/import/gnu_cs/arm/4.7.3/bin/../lib/gcc/arm-none-eabi/4.7.3/armv7-m/crti.o
 .ARM.attributes
                0x0000001d       0x2d c:/program files (x86)/cypress/psoc creator/3.0/psoc creator/import/gnu_cs/arm/4.7.3/bin/../lib/gcc/arm-none-eabi/4.7.3/armv7-m/crtbegin.o
 .ARM.attributes
                0x0000004a       0x1b c:/program files (x86)/cypress/psoc creator/3.0/psoc creator/import/gnu_cs/arm/4.7.3/bin/../lib/gcc/arm-none-eabi/4.7.3/../../../../arm-none-eabi/lib/armv7-m/crt0.o
 .ARM.attributes
                0x00000065       0x33 .\CortexM3\ARM_GCC_473\Debug\main.o
 .ARM.attributes
                0x00000098       0x33 .\CortexM3\ARM_GCC_473\Debug\cymetadata.o
 .ARM.attributes
                0x000000cb       0x33 .\CortexM3\ARM_GCC_473\Debug\Cm3Start.o
 .ARM.attributes
                0x000000fe       0x33 .\CortexM3\ARM_GCC_473\Debug\touch_buttons.a(cyfitter_cfg.o)
 .ARM.attributes
                0x00000131       0x33 .\CortexM3\ARM_GCC_473\Debug\touch_buttons.a(Clock_1.o)
 .ARM.attributes
                0x00000164       0x33 .\CortexM3\ARM_GCC_473\Debug\touch_buttons.a(TFTSHIELD_1.o)
 .ARM.attributes
                0x00000197       0x33 .\CortexM3\ARM_GCC_473\Debug\touch_buttons.a(TFTSHIELD_1_SPIM_1.o)
 .ARM.attributes
                0x000001ca       0x33 .\CortexM3\ARM_GCC_473\Debug\touch_buttons.a(TFTSHIELD_1_SPIM_1_INT.o)
 .ARM.attributes
                0x000001fd       0x33 .\CortexM3\ARM_GCC_473\Debug\touch_buttons.a(TFTSHIELD_1_CR_1.o)
 .ARM.attributes
                0x00000230       0x21 .\CortexM3\ARM_GCC_473\Debug\touch_buttons.a(CyBootAsmGnu.o)
 .ARM.attributes
                0x00000251       0x33 .\CortexM3\ARM_GCC_473\Debug\touch_buttons.a(CyLib.o)
 .ARM.attributes
                0x00000284       0x33 .\CortexM3\ARM_GCC_473\Debug\touch_buttons.a(cyPm.o)
 .ARM.attributes
                0x000002b7       0x33 .\CortexM3\ARM_GCC_473\Debug\touch_buttons.a(CyFlash.o)
 .ARM.attributes
                0x000002ea       0x33 .\CortexM3\ARM_GCC_473\Debug\touch_buttons.a(CySpc.o)
 .ARM.attributes
                0x0000031d       0x1d c:/program files (x86)/cypress/psoc creator/3.0/psoc creator/import/gnu_cs/arm/4.7.3/bin/../lib/gcc/arm-none-eabi/4.7.3/armv7-m\libgcc.a(_arm_addsubsf3.o)
 .ARM.attributes
                0x0000033a       0x1d c:/program files (x86)/cypress/psoc creator/3.0/psoc creator/import/gnu_cs/arm/4.7.3/bin/../lib/gcc/arm-none-eabi/4.7.3/armv7-m\libgcc.a(_arm_muldivsf3.o)
 .ARM.attributes
                0x00000357       0x1d c:/program files (x86)/cypress/psoc creator/3.0/psoc creator/import/gnu_cs/arm/4.7.3/bin/../lib/gcc/arm-none-eabi/4.7.3/armv7-m\libgcc.a(_arm_fixsfsi.o)
 .ARM.attributes
                0x00000374       0x2d c:/program files (x86)/cypress/psoc creator/3.0/psoc creator/import/gnu_cs/arm/4.7.3/bin/../lib/gcc/arm-none-eabi/4.7.3/../../../../arm-none-eabi/lib/armv7-m\libc_s.a(lib_a-__atexit2.o)
 .ARM.attributes
                0x000003a1       0x2d c:/program files (x86)/cypress/psoc creator/3.0/psoc creator/import/gnu_cs/arm/4.7.3/bin/../lib/gcc/arm-none-eabi/4.7.3/../../../../arm-none-eabi/lib/armv7-m\libc_s.a(lib_a-exit.o)
 .ARM.attributes
                0x000003ce       0x2d c:/program files (x86)/cypress/psoc creator/3.0/psoc creator/import/gnu_cs/arm/4.7.3/bin/../lib/gcc/arm-none-eabi/4.7.3/../../../../arm-none-eabi/lib/armv7-m\libc_s.a(lib_a-fini.o)
 .ARM.attributes
                0x000003fb       0x2d c:/program files (x86)/cypress/psoc creator/3.0/psoc creator/import/gnu_cs/arm/4.7.3/bin/../lib/gcc/arm-none-eabi/4.7.3/../../../../arm-none-eabi/lib/armv7-m\libc_s.a(lib_a-impure.o)
 .ARM.attributes
                0x00000428       0x2d c:/program files (x86)/cypress/psoc creator/3.0/psoc creator/import/gnu_cs/arm/4.7.3/bin/../lib/gcc/arm-none-eabi/4.7.3/../../../../arm-none-eabi/lib/armv7-m\libc_s.a(lib_a-init.o)
 .ARM.attributes
                0x00000455       0x2d c:/program files (x86)/cypress/psoc creator/3.0/psoc creator/import/gnu_cs/arm/4.7.3/bin/../lib/gcc/arm-none-eabi/4.7.3/../../../../arm-none-eabi/lib/armv7-m\libc_s.a(lib_a-memcpy.o)
 .ARM.attributes
                0x00000482       0x2d c:/program files (x86)/cypress/psoc creator/3.0/psoc creator/import/gnu_cs/arm/4.7.3/bin/../lib/gcc/arm-none-eabi/4.7.3/../../../../arm-none-eabi/lib/armv7-m\libc_s.a(lib_a-memset.o)
 .ARM.attributes
                0x000004af       0x2d c:/program files (x86)/cypress/psoc creator/3.0/psoc creator/import/gnu_cs/arm/4.7.3/bin/../lib/gcc/arm-none-eabi/4.7.3/../../../../arm-none-eabi/lib/armv7-m\libc_s.a(lib_a-strcpy.o)
 .ARM.attributes
                0x000004dc       0x2d c:/program files (x86)/cypress/psoc creator/3.0/psoc creator/import/gnu_cs/arm/4.7.3/bin/../lib/gcc/arm-none-eabi/4.7.3/../../../../arm-none-eabi/lib/armv7-m\libc_s.a(lib_a-strlen.o)
 .ARM.attributes
                0x00000509       0x2d c:/program files (x86)/cypress/psoc creator/3.0/psoc creator/import/gnu_cs/arm/4.7.3/bin/../lib/gcc/arm-none-eabi/4.7.3/../../../../arm-none-eabi/lib/armv7-m\libc_s.a(lib_a-strtok.o)
 .ARM.attributes
                0x00000536       0x2d c:/program files (x86)/cypress/psoc creator/3.0/psoc creator/import/gnu_cs/arm/4.7.3/bin/../lib/gcc/arm-none-eabi/4.7.3/../../../../arm-none-eabi/lib/armv7-m\libc_s.a(lib_a-strtok_r.o)
 .ARM.attributes
                0x00000563       0x2d c:/program files (x86)/cypress/psoc creator/3.0/psoc creator/import/gnu_cs/arm/4.7.3/bin/../lib/gcc/arm-none-eabi/4.7.3/../../../../arm-none-eabi/lib/armv7-m\libc_s.a(lib_a-malloc.o)
 .ARM.attributes
                0x00000590       0x2d c:/program files (x86)/cypress/psoc creator/3.0/psoc creator/import/gnu_cs/arm/4.7.3/bin/../lib/gcc/arm-none-eabi/4.7.3/../../../../arm-none-eabi/lib/armv7-m\libc_s.a(lib_a-mallocr.o)
 .ARM.attributes
                0x000005bd       0x2d c:/program files (x86)/cypress/psoc creator/3.0/psoc creator/import/gnu_cs/arm/4.7.3/bin/../lib/gcc/arm-none-eabi/4.7.3/../../../../arm-none-eabi/lib/armv7-m\libc_s.a(lib_a-sbrkr.o)
 .ARM.attributes
                0x000005ea       0x2d c:/program files (x86)/cypress/psoc creator/3.0/psoc creator/import/gnu_cs/arm/4.7.3/bin/../lib/gcc/arm-none-eabi/4.7.3/../../../../arm-none-eabi/lib/armv7-m\libc_s.a(lib_a-freer.o)
 .ARM.attributes
                0x00000617       0x2d c:/program files (x86)/cypress/psoc creator/3.0/psoc creator/import/gnu_cs/arm/4.7.3/bin/../lib/gcc/arm-none-eabi/4.7.3/../../../../arm-none-eabi/lib/armv7-m\libc_s.a(lib_a-reent.o)
 .ARM.attributes
                0x00000644       0x2d c:/program files (x86)/cypress/psoc creator/3.0/psoc creator/import/gnu_cs/arm/4.7.3/bin/../lib/gcc/arm-none-eabi/4.7.3/armv7-m/crtend.o
 .ARM.attributes
                0x00000671       0x1d c:/program files (x86)/cypress/psoc creator/3.0/psoc creator/import/gnu_cs/arm/4.7.3/bin/../lib/gcc/arm-none-eabi/4.7.3/armv7-m/crtn.o
 .ARM.attributes
                0x0000068e       0x2d c:/program files (x86)/cypress/psoc creator/3.0/psoc creator/import/gnu_cs/arm/4.7.3/bin/../lib/gcc/arm-none-eabi/4.7.3/../../../../arm-none-eabi/lib/armv7-m\libnosys.a(sbrk.o)

/DISCARD/
 *(.note.GNU-stack)
OUTPUT(.\CortexM3\ARM_GCC_473\Debug\touch_buttons.elf elf32-littlearm)
