ARM GAS  C:\Users\barror2\AppData\Local\Temp\ccERipRo.s 			page 1


   1              		.syntax unified
   2              		.cpu cortex-m3
   3              		.fpu softvfp
   4              		.eabi_attribute 20, 1
   5              		.eabi_attribute 21, 1
   6              		.eabi_attribute 23, 3
   7              		.eabi_attribute 24, 1
   8              		.eabi_attribute 25, 1
   9              		.eabi_attribute 26, 1
  10              		.eabi_attribute 30, 6
  11              		.eabi_attribute 34, 1
  12              		.eabi_attribute 18, 4
  13              		.thumb
  14              		.file	"TFTSHIELD_1_SPIM_1_PM.c"
  15              		.text
  16              	.Ltext0:
  17              		.cfi_sections	.debug_frame
  18              		.data
  19              		.align	2
  20              		.type	TFTSHIELD_1_SPIM_1_backup, %object
  21              		.size	TFTSHIELD_1_SPIM_1_backup, 2
  22              	TFTSHIELD_1_SPIM_1_backup:
  23 0000 00       		.byte	0
  24 0001 0F       		.byte	15
  25 0002 0000     		.section	.text.TFTSHIELD_1_SPIM_1_SaveConfig,"ax",%progbits
  26              		.align	2
  27              		.global	TFTSHIELD_1_SPIM_1_SaveConfig
  28              		.thumb
  29              		.thumb_func
  30              		.type	TFTSHIELD_1_SPIM_1_SaveConfig, %function
  31              	TFTSHIELD_1_SPIM_1_SaveConfig:
  32              	.LFB0:
  33              		.file 1 ".\\Generated_Source\\PSoC5\\TFTSHIELD_1_SPIM_1_PM.c"
   1:.\Generated_Source\PSoC5/TFTSHIELD_1_SPIM_1_PM.c **** /*******************************************************************************
   2:.\Generated_Source\PSoC5/TFTSHIELD_1_SPIM_1_PM.c **** * File Name: TFTSHIELD_1_SPIM_1_PM.c
   3:.\Generated_Source\PSoC5/TFTSHIELD_1_SPIM_1_PM.c **** * Version 2.40
   4:.\Generated_Source\PSoC5/TFTSHIELD_1_SPIM_1_PM.c **** *
   5:.\Generated_Source\PSoC5/TFTSHIELD_1_SPIM_1_PM.c **** * Description:
   6:.\Generated_Source\PSoC5/TFTSHIELD_1_SPIM_1_PM.c **** *  This file contains the setup, control and status commands to support
   7:.\Generated_Source\PSoC5/TFTSHIELD_1_SPIM_1_PM.c **** *  component operations in low power mode.
   8:.\Generated_Source\PSoC5/TFTSHIELD_1_SPIM_1_PM.c **** *
   9:.\Generated_Source\PSoC5/TFTSHIELD_1_SPIM_1_PM.c **** * Note:
  10:.\Generated_Source\PSoC5/TFTSHIELD_1_SPIM_1_PM.c **** *
  11:.\Generated_Source\PSoC5/TFTSHIELD_1_SPIM_1_PM.c **** ********************************************************************************
  12:.\Generated_Source\PSoC5/TFTSHIELD_1_SPIM_1_PM.c **** * Copyright 2008-2012, Cypress Semiconductor Corporation.  All rights reserved.
  13:.\Generated_Source\PSoC5/TFTSHIELD_1_SPIM_1_PM.c **** * You may use this file only in accordance with the license, terms, conditions,
  14:.\Generated_Source\PSoC5/TFTSHIELD_1_SPIM_1_PM.c **** * disclaimers, and limitations in the end user license agreement accompanying
  15:.\Generated_Source\PSoC5/TFTSHIELD_1_SPIM_1_PM.c **** * the software package with which this file was provided.
  16:.\Generated_Source\PSoC5/TFTSHIELD_1_SPIM_1_PM.c **** *******************************************************************************/
  17:.\Generated_Source\PSoC5/TFTSHIELD_1_SPIM_1_PM.c **** 
  18:.\Generated_Source\PSoC5/TFTSHIELD_1_SPIM_1_PM.c **** #include "TFTSHIELD_1_SPIM_1_PVT.h"
  19:.\Generated_Source\PSoC5/TFTSHIELD_1_SPIM_1_PM.c **** 
  20:.\Generated_Source\PSoC5/TFTSHIELD_1_SPIM_1_PM.c **** static TFTSHIELD_1_SPIM_1_BACKUP_STRUCT TFTSHIELD_1_SPIM_1_backup =
  21:.\Generated_Source\PSoC5/TFTSHIELD_1_SPIM_1_PM.c **** {
  22:.\Generated_Source\PSoC5/TFTSHIELD_1_SPIM_1_PM.c ****     TFTSHIELD_1_SPIM_1_DISABLED,
  23:.\Generated_Source\PSoC5/TFTSHIELD_1_SPIM_1_PM.c ****     TFTSHIELD_1_SPIM_1_BITCTR_INIT,
  24:.\Generated_Source\PSoC5/TFTSHIELD_1_SPIM_1_PM.c ****     #if(CY_UDB_V0)
ARM GAS  C:\Users\barror2\AppData\Local\Temp\ccERipRo.s 			page 2


  25:.\Generated_Source\PSoC5/TFTSHIELD_1_SPIM_1_PM.c ****         TFTSHIELD_1_SPIM_1_TX_INIT_INTERRUPTS_MASK,
  26:.\Generated_Source\PSoC5/TFTSHIELD_1_SPIM_1_PM.c ****         TFTSHIELD_1_SPIM_1_RX_INIT_INTERRUPTS_MASK
  27:.\Generated_Source\PSoC5/TFTSHIELD_1_SPIM_1_PM.c ****     #endif /* CY_UDB_V0 */
  28:.\Generated_Source\PSoC5/TFTSHIELD_1_SPIM_1_PM.c **** };
  29:.\Generated_Source\PSoC5/TFTSHIELD_1_SPIM_1_PM.c **** 
  30:.\Generated_Source\PSoC5/TFTSHIELD_1_SPIM_1_PM.c **** 
  31:.\Generated_Source\PSoC5/TFTSHIELD_1_SPIM_1_PM.c **** /*******************************************************************************
  32:.\Generated_Source\PSoC5/TFTSHIELD_1_SPIM_1_PM.c **** * Function Name: TFTSHIELD_1_SPIM_1_SaveConfig
  33:.\Generated_Source\PSoC5/TFTSHIELD_1_SPIM_1_PM.c **** ********************************************************************************
  34:.\Generated_Source\PSoC5/TFTSHIELD_1_SPIM_1_PM.c **** *
  35:.\Generated_Source\PSoC5/TFTSHIELD_1_SPIM_1_PM.c **** * Summary:
  36:.\Generated_Source\PSoC5/TFTSHIELD_1_SPIM_1_PM.c **** *  Saves SPIM configuration.
  37:.\Generated_Source\PSoC5/TFTSHIELD_1_SPIM_1_PM.c **** *
  38:.\Generated_Source\PSoC5/TFTSHIELD_1_SPIM_1_PM.c **** * Parameters:
  39:.\Generated_Source\PSoC5/TFTSHIELD_1_SPIM_1_PM.c **** *  None.
  40:.\Generated_Source\PSoC5/TFTSHIELD_1_SPIM_1_PM.c **** *
  41:.\Generated_Source\PSoC5/TFTSHIELD_1_SPIM_1_PM.c **** * Return:
  42:.\Generated_Source\PSoC5/TFTSHIELD_1_SPIM_1_PM.c **** *  None.
  43:.\Generated_Source\PSoC5/TFTSHIELD_1_SPIM_1_PM.c **** *
  44:.\Generated_Source\PSoC5/TFTSHIELD_1_SPIM_1_PM.c **** * Global Variables:
  45:.\Generated_Source\PSoC5/TFTSHIELD_1_SPIM_1_PM.c **** *  TFTSHIELD_1_SPIM_1_backup - modified when non-retention registers are saved.
  46:.\Generated_Source\PSoC5/TFTSHIELD_1_SPIM_1_PM.c **** *
  47:.\Generated_Source\PSoC5/TFTSHIELD_1_SPIM_1_PM.c **** * Reentrant:
  48:.\Generated_Source\PSoC5/TFTSHIELD_1_SPIM_1_PM.c **** *  No.
  49:.\Generated_Source\PSoC5/TFTSHIELD_1_SPIM_1_PM.c **** *
  50:.\Generated_Source\PSoC5/TFTSHIELD_1_SPIM_1_PM.c **** *******************************************************************************/
  51:.\Generated_Source\PSoC5/TFTSHIELD_1_SPIM_1_PM.c **** void TFTSHIELD_1_SPIM_1_SaveConfig(void) 
  52:.\Generated_Source\PSoC5/TFTSHIELD_1_SPIM_1_PM.c **** {
  34              		.loc 1 52 0
  35              		.cfi_startproc
  36              		@ args = 0, pretend = 0, frame = 0
  37              		@ frame_needed = 1, uses_anonymous_args = 0
  38              		@ link register save eliminated.
  39 0000 80B4     		push	{r7}
  40              	.LCFI0:
  41              		.cfi_def_cfa_offset 4
  42              		.cfi_offset 7, -4
  43 0002 00AF     		add	r7, sp, #0
  44              	.LCFI1:
  45              		.cfi_def_cfa_register 7
  53:.\Generated_Source\PSoC5/TFTSHIELD_1_SPIM_1_PM.c ****     /* Store Status Mask registers */
  54:.\Generated_Source\PSoC5/TFTSHIELD_1_SPIM_1_PM.c ****     #if(CY_UDB_V0)
  55:.\Generated_Source\PSoC5/TFTSHIELD_1_SPIM_1_PM.c ****        TFTSHIELD_1_SPIM_1_backup.cntrPeriod      = TFTSHIELD_1_SPIM_1_COUNTER_PERIOD_REG;
  56:.\Generated_Source\PSoC5/TFTSHIELD_1_SPIM_1_PM.c ****        TFTSHIELD_1_SPIM_1_backup.saveSrTxIntMask = TFTSHIELD_1_SPIM_1_TX_STATUS_MASK_REG;
  57:.\Generated_Source\PSoC5/TFTSHIELD_1_SPIM_1_PM.c ****        TFTSHIELD_1_SPIM_1_backup.saveSrRxIntMask = TFTSHIELD_1_SPIM_1_RX_STATUS_MASK_REG;
  58:.\Generated_Source\PSoC5/TFTSHIELD_1_SPIM_1_PM.c ****     #endif /* (CY_UDB_V0) */
  59:.\Generated_Source\PSoC5/TFTSHIELD_1_SPIM_1_PM.c **** }
  46              		.loc 1 59 0
  47 0004 BD46     		mov	sp, r7
  48 0006 80BC     		pop	{r7}
  49 0008 7047     		bx	lr
  50              		.cfi_endproc
  51              	.LFE0:
  52              		.size	TFTSHIELD_1_SPIM_1_SaveConfig, .-TFTSHIELD_1_SPIM_1_SaveConfig
  53 000a 00BF     		.section	.text.TFTSHIELD_1_SPIM_1_RestoreConfig,"ax",%progbits
  54              		.align	2
  55              		.global	TFTSHIELD_1_SPIM_1_RestoreConfig
ARM GAS  C:\Users\barror2\AppData\Local\Temp\ccERipRo.s 			page 3


  56              		.thumb
  57              		.thumb_func
  58              		.type	TFTSHIELD_1_SPIM_1_RestoreConfig, %function
  59              	TFTSHIELD_1_SPIM_1_RestoreConfig:
  60              	.LFB1:
  60:.\Generated_Source\PSoC5/TFTSHIELD_1_SPIM_1_PM.c **** 
  61:.\Generated_Source\PSoC5/TFTSHIELD_1_SPIM_1_PM.c **** 
  62:.\Generated_Source\PSoC5/TFTSHIELD_1_SPIM_1_PM.c **** /*******************************************************************************
  63:.\Generated_Source\PSoC5/TFTSHIELD_1_SPIM_1_PM.c **** * Function Name: TFTSHIELD_1_SPIM_1_RestoreConfig
  64:.\Generated_Source\PSoC5/TFTSHIELD_1_SPIM_1_PM.c **** ********************************************************************************
  65:.\Generated_Source\PSoC5/TFTSHIELD_1_SPIM_1_PM.c **** *
  66:.\Generated_Source\PSoC5/TFTSHIELD_1_SPIM_1_PM.c **** * Summary:
  67:.\Generated_Source\PSoC5/TFTSHIELD_1_SPIM_1_PM.c **** *  Restores SPIM configuration.
  68:.\Generated_Source\PSoC5/TFTSHIELD_1_SPIM_1_PM.c **** *
  69:.\Generated_Source\PSoC5/TFTSHIELD_1_SPIM_1_PM.c **** * Parameters:
  70:.\Generated_Source\PSoC5/TFTSHIELD_1_SPIM_1_PM.c **** *  None.
  71:.\Generated_Source\PSoC5/TFTSHIELD_1_SPIM_1_PM.c **** *
  72:.\Generated_Source\PSoC5/TFTSHIELD_1_SPIM_1_PM.c **** * Return:
  73:.\Generated_Source\PSoC5/TFTSHIELD_1_SPIM_1_PM.c **** *  None.
  74:.\Generated_Source\PSoC5/TFTSHIELD_1_SPIM_1_PM.c **** *
  75:.\Generated_Source\PSoC5/TFTSHIELD_1_SPIM_1_PM.c **** * Global Variables:
  76:.\Generated_Source\PSoC5/TFTSHIELD_1_SPIM_1_PM.c **** *  TFTSHIELD_1_SPIM_1_backup - used when non-retention registers are restored.
  77:.\Generated_Source\PSoC5/TFTSHIELD_1_SPIM_1_PM.c **** *
  78:.\Generated_Source\PSoC5/TFTSHIELD_1_SPIM_1_PM.c **** * Side Effects:
  79:.\Generated_Source\PSoC5/TFTSHIELD_1_SPIM_1_PM.c **** *  If this API is called without first calling SaveConfig then in the following
  80:.\Generated_Source\PSoC5/TFTSHIELD_1_SPIM_1_PM.c **** *  registers will be default values from Customizer:
  81:.\Generated_Source\PSoC5/TFTSHIELD_1_SPIM_1_PM.c **** *  TFTSHIELD_1_SPIM_1_STATUS_MASK_REG and TFTSHIELD_1_SPIM_1_COUNTER_PERIOD_REG.
  82:.\Generated_Source\PSoC5/TFTSHIELD_1_SPIM_1_PM.c **** *
  83:.\Generated_Source\PSoC5/TFTSHIELD_1_SPIM_1_PM.c **** *******************************************************************************/
  84:.\Generated_Source\PSoC5/TFTSHIELD_1_SPIM_1_PM.c **** void TFTSHIELD_1_SPIM_1_RestoreConfig(void) 
  85:.\Generated_Source\PSoC5/TFTSHIELD_1_SPIM_1_PM.c **** {
  61              		.loc 1 85 0
  62              		.cfi_startproc
  63              		@ args = 0, pretend = 0, frame = 0
  64              		@ frame_needed = 1, uses_anonymous_args = 0
  65              		@ link register save eliminated.
  66 0000 80B4     		push	{r7}
  67              	.LCFI2:
  68              		.cfi_def_cfa_offset 4
  69              		.cfi_offset 7, -4
  70 0002 00AF     		add	r7, sp, #0
  71              	.LCFI3:
  72              		.cfi_def_cfa_register 7
  86:.\Generated_Source\PSoC5/TFTSHIELD_1_SPIM_1_PM.c ****     /* Restore the data, saved by SaveConfig() function */
  87:.\Generated_Source\PSoC5/TFTSHIELD_1_SPIM_1_PM.c ****     #if(CY_UDB_V0)
  88:.\Generated_Source\PSoC5/TFTSHIELD_1_SPIM_1_PM.c ****         TFTSHIELD_1_SPIM_1_COUNTER_PERIOD_REG = TFTSHIELD_1_SPIM_1_backup.cntrPeriod;
  89:.\Generated_Source\PSoC5/TFTSHIELD_1_SPIM_1_PM.c ****         TFTSHIELD_1_SPIM_1_TX_STATUS_MASK_REG = ((uint8) TFTSHIELD_1_SPIM_1_backup.saveSrTxIntMask)
  90:.\Generated_Source\PSoC5/TFTSHIELD_1_SPIM_1_PM.c ****         TFTSHIELD_1_SPIM_1_RX_STATUS_MASK_REG = ((uint8) TFTSHIELD_1_SPIM_1_backup.saveSrRxIntMask)
  91:.\Generated_Source\PSoC5/TFTSHIELD_1_SPIM_1_PM.c ****     #endif /* (CY_UDB_V0) */
  92:.\Generated_Source\PSoC5/TFTSHIELD_1_SPIM_1_PM.c **** }
  73              		.loc 1 92 0
  74 0004 BD46     		mov	sp, r7
  75 0006 80BC     		pop	{r7}
  76 0008 7047     		bx	lr
  77              		.cfi_endproc
  78              	.LFE1:
  79              		.size	TFTSHIELD_1_SPIM_1_RestoreConfig, .-TFTSHIELD_1_SPIM_1_RestoreConfig
ARM GAS  C:\Users\barror2\AppData\Local\Temp\ccERipRo.s 			page 4


  80 000a 00BF     		.section	.text.TFTSHIELD_1_SPIM_1_Sleep,"ax",%progbits
  81              		.align	2
  82              		.global	TFTSHIELD_1_SPIM_1_Sleep
  83              		.thumb
  84              		.thumb_func
  85              		.type	TFTSHIELD_1_SPIM_1_Sleep, %function
  86              	TFTSHIELD_1_SPIM_1_Sleep:
  87              	.LFB2:
  93:.\Generated_Source\PSoC5/TFTSHIELD_1_SPIM_1_PM.c **** 
  94:.\Generated_Source\PSoC5/TFTSHIELD_1_SPIM_1_PM.c **** 
  95:.\Generated_Source\PSoC5/TFTSHIELD_1_SPIM_1_PM.c **** /*******************************************************************************
  96:.\Generated_Source\PSoC5/TFTSHIELD_1_SPIM_1_PM.c **** * Function Name: TFTSHIELD_1_SPIM_1_Sleep
  97:.\Generated_Source\PSoC5/TFTSHIELD_1_SPIM_1_PM.c **** ********************************************************************************
  98:.\Generated_Source\PSoC5/TFTSHIELD_1_SPIM_1_PM.c **** *
  99:.\Generated_Source\PSoC5/TFTSHIELD_1_SPIM_1_PM.c **** * Summary:
 100:.\Generated_Source\PSoC5/TFTSHIELD_1_SPIM_1_PM.c **** *  Prepare SPIM Component goes to sleep.
 101:.\Generated_Source\PSoC5/TFTSHIELD_1_SPIM_1_PM.c **** *
 102:.\Generated_Source\PSoC5/TFTSHIELD_1_SPIM_1_PM.c **** * Parameters:
 103:.\Generated_Source\PSoC5/TFTSHIELD_1_SPIM_1_PM.c **** *  None.
 104:.\Generated_Source\PSoC5/TFTSHIELD_1_SPIM_1_PM.c **** *
 105:.\Generated_Source\PSoC5/TFTSHIELD_1_SPIM_1_PM.c **** * Return:
 106:.\Generated_Source\PSoC5/TFTSHIELD_1_SPIM_1_PM.c **** *  None.
 107:.\Generated_Source\PSoC5/TFTSHIELD_1_SPIM_1_PM.c **** *
 108:.\Generated_Source\PSoC5/TFTSHIELD_1_SPIM_1_PM.c **** * Global Variables:
 109:.\Generated_Source\PSoC5/TFTSHIELD_1_SPIM_1_PM.c **** *  TFTSHIELD_1_SPIM_1_backup - modified when non-retention registers are saved.
 110:.\Generated_Source\PSoC5/TFTSHIELD_1_SPIM_1_PM.c **** *
 111:.\Generated_Source\PSoC5/TFTSHIELD_1_SPIM_1_PM.c **** * Reentrant:
 112:.\Generated_Source\PSoC5/TFTSHIELD_1_SPIM_1_PM.c **** *  No.
 113:.\Generated_Source\PSoC5/TFTSHIELD_1_SPIM_1_PM.c **** *
 114:.\Generated_Source\PSoC5/TFTSHIELD_1_SPIM_1_PM.c **** *******************************************************************************/
 115:.\Generated_Source\PSoC5/TFTSHIELD_1_SPIM_1_PM.c **** void TFTSHIELD_1_SPIM_1_Sleep(void) 
 116:.\Generated_Source\PSoC5/TFTSHIELD_1_SPIM_1_PM.c **** {
  88              		.loc 1 116 0
  89              		.cfi_startproc
  90              		@ args = 0, pretend = 0, frame = 0
  91              		@ frame_needed = 1, uses_anonymous_args = 0
  92 0000 80B5     		push	{r7, lr}
  93              	.LCFI4:
  94              		.cfi_def_cfa_offset 8
  95              		.cfi_offset 7, -8
  96              		.cfi_offset 14, -4
  97 0002 00AF     		add	r7, sp, #0
  98              	.LCFI5:
  99              		.cfi_def_cfa_register 7
 117:.\Generated_Source\PSoC5/TFTSHIELD_1_SPIM_1_PM.c ****     /* Save components enable state */
 118:.\Generated_Source\PSoC5/TFTSHIELD_1_SPIM_1_PM.c ****     TFTSHIELD_1_SPIM_1_backup.enableState = ((uint8) TFTSHIELD_1_SPIM_1_IS_ENABLED);
 100              		.loc 1 118 0
 101 0004 46F29D43 		movw	r3, #25757
 102 0008 C4F20003 		movt	r3, 16384
 103 000c 1B78     		ldrb	r3, [r3, #0]
 104 000e DBB2     		uxtb	r3, r3
 105 0010 03F01003 		and	r3, r3, #16
 106 0014 002B     		cmp	r3, #0
 107 0016 0CBF     		ite	eq
 108 0018 0023     		moveq	r3, #0
 109 001a 0123     		movne	r3, #1
 110 001c DBB2     		uxtb	r3, r3
ARM GAS  C:\Users\barror2\AppData\Local\Temp\ccERipRo.s 			page 5


 111 001e 1A46     		mov	r2, r3
 112 0020 40F20003 		movw	r3, #:lower16:TFTSHIELD_1_SPIM_1_backup
 113 0024 C0F20003 		movt	r3, #:upper16:TFTSHIELD_1_SPIM_1_backup
 114 0028 1A70     		strb	r2, [r3, #0]
 119:.\Generated_Source\PSoC5/TFTSHIELD_1_SPIM_1_PM.c **** 
 120:.\Generated_Source\PSoC5/TFTSHIELD_1_SPIM_1_PM.c ****     TFTSHIELD_1_SPIM_1_Stop();
 115              		.loc 1 120 0
 116 002a FFF7FEFF 		bl	TFTSHIELD_1_SPIM_1_Stop
 121:.\Generated_Source\PSoC5/TFTSHIELD_1_SPIM_1_PM.c ****     TFTSHIELD_1_SPIM_1_SaveConfig();
 117              		.loc 1 121 0
 118 002e FFF7FEFF 		bl	TFTSHIELD_1_SPIM_1_SaveConfig
 122:.\Generated_Source\PSoC5/TFTSHIELD_1_SPIM_1_PM.c **** }
 119              		.loc 1 122 0
 120 0032 80BD     		pop	{r7, pc}
 121              		.cfi_endproc
 122              	.LFE2:
 123              		.size	TFTSHIELD_1_SPIM_1_Sleep, .-TFTSHIELD_1_SPIM_1_Sleep
 124              		.section	.text.TFTSHIELD_1_SPIM_1_Wakeup,"ax",%progbits
 125              		.align	2
 126              		.global	TFTSHIELD_1_SPIM_1_Wakeup
 127              		.thumb
 128              		.thumb_func
 129              		.type	TFTSHIELD_1_SPIM_1_Wakeup, %function
 130              	TFTSHIELD_1_SPIM_1_Wakeup:
 131              	.LFB3:
 123:.\Generated_Source\PSoC5/TFTSHIELD_1_SPIM_1_PM.c **** 
 124:.\Generated_Source\PSoC5/TFTSHIELD_1_SPIM_1_PM.c **** 
 125:.\Generated_Source\PSoC5/TFTSHIELD_1_SPIM_1_PM.c **** /*******************************************************************************
 126:.\Generated_Source\PSoC5/TFTSHIELD_1_SPIM_1_PM.c **** * Function Name: TFTSHIELD_1_SPIM_1_Wakeup
 127:.\Generated_Source\PSoC5/TFTSHIELD_1_SPIM_1_PM.c **** ********************************************************************************
 128:.\Generated_Source\PSoC5/TFTSHIELD_1_SPIM_1_PM.c **** *
 129:.\Generated_Source\PSoC5/TFTSHIELD_1_SPIM_1_PM.c **** * Summary:
 130:.\Generated_Source\PSoC5/TFTSHIELD_1_SPIM_1_PM.c **** *  Prepare SPIM Component to wake up.
 131:.\Generated_Source\PSoC5/TFTSHIELD_1_SPIM_1_PM.c **** *
 132:.\Generated_Source\PSoC5/TFTSHIELD_1_SPIM_1_PM.c **** * Parameters:
 133:.\Generated_Source\PSoC5/TFTSHIELD_1_SPIM_1_PM.c **** *  None.
 134:.\Generated_Source\PSoC5/TFTSHIELD_1_SPIM_1_PM.c **** *
 135:.\Generated_Source\PSoC5/TFTSHIELD_1_SPIM_1_PM.c **** * Return:
 136:.\Generated_Source\PSoC5/TFTSHIELD_1_SPIM_1_PM.c **** *  None.
 137:.\Generated_Source\PSoC5/TFTSHIELD_1_SPIM_1_PM.c **** *
 138:.\Generated_Source\PSoC5/TFTSHIELD_1_SPIM_1_PM.c **** * Global Variables:
 139:.\Generated_Source\PSoC5/TFTSHIELD_1_SPIM_1_PM.c **** *  TFTSHIELD_1_SPIM_1_backup - used when non-retention registers are restored.
 140:.\Generated_Source\PSoC5/TFTSHIELD_1_SPIM_1_PM.c **** *  TFTSHIELD_1_SPIM_1_txBufferWrite - modified every function call - resets to
 141:.\Generated_Source\PSoC5/TFTSHIELD_1_SPIM_1_PM.c **** *  zero.
 142:.\Generated_Source\PSoC5/TFTSHIELD_1_SPIM_1_PM.c **** *  TFTSHIELD_1_SPIM_1_txBufferRead - modified every function call - resets to
 143:.\Generated_Source\PSoC5/TFTSHIELD_1_SPIM_1_PM.c **** *  zero.
 144:.\Generated_Source\PSoC5/TFTSHIELD_1_SPIM_1_PM.c **** *  TFTSHIELD_1_SPIM_1_rxBufferWrite - modified every function call - resets to
 145:.\Generated_Source\PSoC5/TFTSHIELD_1_SPIM_1_PM.c **** *  zero.
 146:.\Generated_Source\PSoC5/TFTSHIELD_1_SPIM_1_PM.c **** *  TFTSHIELD_1_SPIM_1_rxBufferRead - modified every function call - resets to
 147:.\Generated_Source\PSoC5/TFTSHIELD_1_SPIM_1_PM.c **** *  zero.
 148:.\Generated_Source\PSoC5/TFTSHIELD_1_SPIM_1_PM.c **** *
 149:.\Generated_Source\PSoC5/TFTSHIELD_1_SPIM_1_PM.c **** * Reentrant:
 150:.\Generated_Source\PSoC5/TFTSHIELD_1_SPIM_1_PM.c **** *  No.
 151:.\Generated_Source\PSoC5/TFTSHIELD_1_SPIM_1_PM.c **** *
 152:.\Generated_Source\PSoC5/TFTSHIELD_1_SPIM_1_PM.c **** *******************************************************************************/
 153:.\Generated_Source\PSoC5/TFTSHIELD_1_SPIM_1_PM.c **** void TFTSHIELD_1_SPIM_1_Wakeup(void) 
 154:.\Generated_Source\PSoC5/TFTSHIELD_1_SPIM_1_PM.c **** {
ARM GAS  C:\Users\barror2\AppData\Local\Temp\ccERipRo.s 			page 6


 132              		.loc 1 154 0
 133              		.cfi_startproc
 134              		@ args = 0, pretend = 0, frame = 0
 135              		@ frame_needed = 1, uses_anonymous_args = 0
 136 0000 80B5     		push	{r7, lr}
 137              	.LCFI6:
 138              		.cfi_def_cfa_offset 8
 139              		.cfi_offset 7, -8
 140              		.cfi_offset 14, -4
 141 0002 00AF     		add	r7, sp, #0
 142              	.LCFI7:
 143              		.cfi_def_cfa_register 7
 155:.\Generated_Source\PSoC5/TFTSHIELD_1_SPIM_1_PM.c ****     TFTSHIELD_1_SPIM_1_RestoreConfig();
 144              		.loc 1 155 0
 145 0004 FFF7FEFF 		bl	TFTSHIELD_1_SPIM_1_RestoreConfig
 156:.\Generated_Source\PSoC5/TFTSHIELD_1_SPIM_1_PM.c **** 
 157:.\Generated_Source\PSoC5/TFTSHIELD_1_SPIM_1_PM.c ****     #if(TFTSHIELD_1_SPIM_1_RX_SOFTWARE_BUF_ENABLED)
 158:.\Generated_Source\PSoC5/TFTSHIELD_1_SPIM_1_PM.c ****         TFTSHIELD_1_SPIM_1_rxBufferFull  = 0u;
 146              		.loc 1 158 0
 147 0008 40F20003 		movw	r3, #:lower16:TFTSHIELD_1_SPIM_1_rxBufferFull
 148 000c C0F20003 		movt	r3, #:upper16:TFTSHIELD_1_SPIM_1_rxBufferFull
 149 0010 4FF00002 		mov	r2, #0
 150 0014 1A70     		strb	r2, [r3, #0]
 159:.\Generated_Source\PSoC5/TFTSHIELD_1_SPIM_1_PM.c ****         TFTSHIELD_1_SPIM_1_rxBufferRead  = 0u;
 151              		.loc 1 159 0
 152 0016 40F20003 		movw	r3, #:lower16:TFTSHIELD_1_SPIM_1_rxBufferRead
 153 001a C0F20003 		movt	r3, #:upper16:TFTSHIELD_1_SPIM_1_rxBufferRead
 154 001e 4FF00002 		mov	r2, #0
 155 0022 1A70     		strb	r2, [r3, #0]
 160:.\Generated_Source\PSoC5/TFTSHIELD_1_SPIM_1_PM.c ****         TFTSHIELD_1_SPIM_1_rxBufferWrite = 0u;
 156              		.loc 1 160 0
 157 0024 40F20003 		movw	r3, #:lower16:TFTSHIELD_1_SPIM_1_rxBufferWrite
 158 0028 C0F20003 		movt	r3, #:upper16:TFTSHIELD_1_SPIM_1_rxBufferWrite
 159 002c 4FF00002 		mov	r2, #0
 160 0030 1A70     		strb	r2, [r3, #0]
 161:.\Generated_Source\PSoC5/TFTSHIELD_1_SPIM_1_PM.c ****     #endif /* (TFTSHIELD_1_SPIM_1_RX_SOFTWARE_BUF_ENABLED) */
 162:.\Generated_Source\PSoC5/TFTSHIELD_1_SPIM_1_PM.c **** 
 163:.\Generated_Source\PSoC5/TFTSHIELD_1_SPIM_1_PM.c ****     #if(TFTSHIELD_1_SPIM_1_TX_SOFTWARE_BUF_ENABLED)
 164:.\Generated_Source\PSoC5/TFTSHIELD_1_SPIM_1_PM.c ****         TFTSHIELD_1_SPIM_1_txBufferFull  = 0u;
 161              		.loc 1 164 0
 162 0032 40F20003 		movw	r3, #:lower16:TFTSHIELD_1_SPIM_1_txBufferFull
 163 0036 C0F20003 		movt	r3, #:upper16:TFTSHIELD_1_SPIM_1_txBufferFull
 164 003a 4FF00002 		mov	r2, #0
 165 003e 1A70     		strb	r2, [r3, #0]
 165:.\Generated_Source\PSoC5/TFTSHIELD_1_SPIM_1_PM.c ****         TFTSHIELD_1_SPIM_1_txBufferRead  = 0u;
 166              		.loc 1 165 0
 167 0040 40F20003 		movw	r3, #:lower16:TFTSHIELD_1_SPIM_1_txBufferRead
 168 0044 C0F20003 		movt	r3, #:upper16:TFTSHIELD_1_SPIM_1_txBufferRead
 169 0048 4FF00002 		mov	r2, #0
 170 004c 1A70     		strb	r2, [r3, #0]
 166:.\Generated_Source\PSoC5/TFTSHIELD_1_SPIM_1_PM.c ****         TFTSHIELD_1_SPIM_1_txBufferWrite = 0u;
 171              		.loc 1 166 0
 172 004e 40F20003 		movw	r3, #:lower16:TFTSHIELD_1_SPIM_1_txBufferWrite
 173 0052 C0F20003 		movt	r3, #:upper16:TFTSHIELD_1_SPIM_1_txBufferWrite
 174 0056 4FF00002 		mov	r2, #0
 175 005a 1A70     		strb	r2, [r3, #0]
 167:.\Generated_Source\PSoC5/TFTSHIELD_1_SPIM_1_PM.c ****     #endif /* (TFTSHIELD_1_SPIM_1_TX_SOFTWARE_BUF_ENABLED) */
ARM GAS  C:\Users\barror2\AppData\Local\Temp\ccERipRo.s 			page 7


 168:.\Generated_Source\PSoC5/TFTSHIELD_1_SPIM_1_PM.c **** 
 169:.\Generated_Source\PSoC5/TFTSHIELD_1_SPIM_1_PM.c ****     /* Clear any data from the RX and TX FIFO */
 170:.\Generated_Source\PSoC5/TFTSHIELD_1_SPIM_1_PM.c ****     TFTSHIELD_1_SPIM_1_ClearFIFO();
 176              		.loc 1 170 0
 177 005c FFF7FEFF 		bl	TFTSHIELD_1_SPIM_1_ClearFIFO
 171:.\Generated_Source\PSoC5/TFTSHIELD_1_SPIM_1_PM.c **** 
 172:.\Generated_Source\PSoC5/TFTSHIELD_1_SPIM_1_PM.c ****     /* Restore components block enable state */
 173:.\Generated_Source\PSoC5/TFTSHIELD_1_SPIM_1_PM.c ****     if(0u != TFTSHIELD_1_SPIM_1_backup.enableState)
 178              		.loc 1 173 0
 179 0060 40F20003 		movw	r3, #:lower16:TFTSHIELD_1_SPIM_1_backup
 180 0064 C0F20003 		movt	r3, #:upper16:TFTSHIELD_1_SPIM_1_backup
 181 0068 1B78     		ldrb	r3, [r3, #0]	@ zero_extendqisi2
 182 006a 002B     		cmp	r3, #0
 183 006c 01D0     		beq	.L4
 174:.\Generated_Source\PSoC5/TFTSHIELD_1_SPIM_1_PM.c ****     {
 175:.\Generated_Source\PSoC5/TFTSHIELD_1_SPIM_1_PM.c ****         TFTSHIELD_1_SPIM_1_Enable();
 184              		.loc 1 175 0
 185 006e FFF7FEFF 		bl	TFTSHIELD_1_SPIM_1_Enable
 186              	.L4:
 176:.\Generated_Source\PSoC5/TFTSHIELD_1_SPIM_1_PM.c ****     }
 177:.\Generated_Source\PSoC5/TFTSHIELD_1_SPIM_1_PM.c **** }
 187              		.loc 1 177 0
 188 0072 80BD     		pop	{r7, pc}
 189              		.cfi_endproc
 190              	.LFE3:
 191              		.size	TFTSHIELD_1_SPIM_1_Wakeup, .-TFTSHIELD_1_SPIM_1_Wakeup
 192              		.text
 193              	.Letext0:
 194              		.file 2 ".\\Generated_Source\\PSoC5\\cytypes.h"
 195              		.file 3 ".\\Generated_Source\\PSoC5\\TFTSHIELD_1_SPIM_1.h"
 196              		.file 4 ".\\Generated_Source\\PSoC5\\TFTSHIELD_1_SPIM_1_PVT.h"
 197              		.section	.debug_info,"",%progbits
 198              	.Ldebug_info0:
 199 0000 8A010000 		.4byte	0x18a
 200 0004 0200     		.2byte	0x2
 201 0006 00000000 		.4byte	.Ldebug_abbrev0
 202 000a 04       		.byte	0x4
 203 000b 01       		.uleb128 0x1
 204 000c 3E020000 		.4byte	.LASF28
 205 0010 01       		.byte	0x1
 206 0011 00000000 		.4byte	.LASF29
 207 0015 6F010000 		.4byte	.LASF30
 208 0019 00000000 		.4byte	.Ldebug_ranges0+0
 209 001d 00000000 		.4byte	0
 210 0021 00000000 		.4byte	0
 211 0025 00000000 		.4byte	.Ldebug_line0
 212 0029 02       		.uleb128 0x2
 213 002a 01       		.byte	0x1
 214 002b 06       		.byte	0x6
 215 002c BD020000 		.4byte	.LASF0
 216 0030 02       		.uleb128 0x2
 217 0031 01       		.byte	0x1
 218 0032 08       		.byte	0x8
 219 0033 03010000 		.4byte	.LASF1
 220 0037 02       		.uleb128 0x2
 221 0038 02       		.byte	0x2
 222 0039 05       		.byte	0x5
ARM GAS  C:\Users\barror2\AppData\Local\Temp\ccERipRo.s 			page 8


 223 003a 34020000 		.4byte	.LASF2
 224 003e 02       		.uleb128 0x2
 225 003f 02       		.byte	0x2
 226 0040 07       		.byte	0x7
 227 0041 8F000000 		.4byte	.LASF3
 228 0045 02       		.uleb128 0x2
 229 0046 04       		.byte	0x4
 230 0047 05       		.byte	0x5
 231 0048 A8020000 		.4byte	.LASF4
 232 004c 02       		.uleb128 0x2
 233 004d 04       		.byte	0x4
 234 004e 07       		.byte	0x7
 235 004f 16010000 		.4byte	.LASF5
 236 0053 02       		.uleb128 0x2
 237 0054 08       		.byte	0x8
 238 0055 05       		.byte	0x5
 239 0056 01020000 		.4byte	.LASF6
 240 005a 02       		.uleb128 0x2
 241 005b 08       		.byte	0x8
 242 005c 07       		.byte	0x7
 243 005d E1010000 		.4byte	.LASF7
 244 0061 03       		.uleb128 0x3
 245 0062 04       		.byte	0x4
 246 0063 05       		.byte	0x5
 247 0064 696E7400 		.ascii	"int\000"
 248 0068 02       		.uleb128 0x2
 249 0069 04       		.byte	0x4
 250 006a 07       		.byte	0x7
 251 006b D4010000 		.4byte	.LASF8
 252 006f 04       		.uleb128 0x4
 253 0070 28010000 		.4byte	.LASF12
 254 0074 02       		.byte	0x2
 255 0075 5B       		.byte	0x5b
 256 0076 30000000 		.4byte	0x30
 257 007a 02       		.uleb128 0x2
 258 007b 04       		.byte	0x4
 259 007c 04       		.byte	0x4
 260 007d C2000000 		.4byte	.LASF9
 261 0081 02       		.uleb128 0x2
 262 0082 08       		.byte	0x8
 263 0083 04       		.byte	0x4
 264 0084 68010000 		.4byte	.LASF10
 265 0088 02       		.uleb128 0x2
 266 0089 01       		.byte	0x1
 267 008a 08       		.byte	0x8
 268 008b 0F020000 		.4byte	.LASF11
 269 008f 04       		.uleb128 0x4
 270 0090 11010000 		.4byte	.LASF13
 271 0094 02       		.byte	0x2
 272 0095 F0       		.byte	0xf0
 273 0096 9A000000 		.4byte	0x9a
 274 009a 05       		.uleb128 0x5
 275 009b 6F000000 		.4byte	0x6f
 276 009f 02       		.uleb128 0x2
 277 00a0 04       		.byte	0x4
 278 00a1 07       		.byte	0x7
 279 00a2 F8010000 		.4byte	.LASF14
ARM GAS  C:\Users\barror2\AppData\Local\Temp\ccERipRo.s 			page 9


 280 00a6 06       		.uleb128 0x6
 281 00a7 02       		.byte	0x2
 282 00a8 03       		.byte	0x3
 283 00a9 46       		.byte	0x46
 284 00aa CB000000 		.4byte	0xcb
 285 00ae 07       		.uleb128 0x7
 286 00af B1020000 		.4byte	.LASF15
 287 00b3 03       		.byte	0x3
 288 00b4 48       		.byte	0x48
 289 00b5 6F000000 		.4byte	0x6f
 290 00b9 02       		.byte	0x2
 291 00ba 23       		.byte	0x23
 292 00bb 00       		.uleb128 0
 293 00bc 07       		.uleb128 0x7
 294 00bd C9010000 		.4byte	.LASF16
 295 00c1 03       		.byte	0x3
 296 00c2 49       		.byte	0x49
 297 00c3 6F000000 		.4byte	0x6f
 298 00c7 02       		.byte	0x2
 299 00c8 23       		.byte	0x23
 300 00c9 01       		.uleb128 0x1
 301 00ca 00       		.byte	0
 302 00cb 04       		.uleb128 0x4
 303 00cc 87020000 		.4byte	.LASF17
 304 00d0 03       		.byte	0x3
 305 00d1 4F       		.byte	0x4f
 306 00d2 A6000000 		.4byte	0xa6
 307 00d6 08       		.uleb128 0x8
 308 00d7 01       		.byte	0x1
 309 00d8 31000000 		.4byte	.LASF18
 310 00dc 01       		.byte	0x1
 311 00dd 33       		.byte	0x33
 312 00de 01       		.byte	0x1
 313 00df 00000000 		.4byte	.LFB0
 314 00e3 0A000000 		.4byte	.LFE0
 315 00e7 00000000 		.4byte	.LLST0
 316 00eb 01       		.byte	0x1
 317 00ec 08       		.uleb128 0x8
 318 00ed 01       		.byte	0x1
 319 00ee 2E010000 		.4byte	.LASF19
 320 00f2 01       		.byte	0x1
 321 00f3 54       		.byte	0x54
 322 00f4 01       		.byte	0x1
 323 00f5 00000000 		.4byte	.LFB1
 324 00f9 0A000000 		.4byte	.LFE1
 325 00fd 2C000000 		.4byte	.LLST1
 326 0101 01       		.byte	0x1
 327 0102 09       		.uleb128 0x9
 328 0103 01       		.byte	0x1
 329 0104 4F010000 		.4byte	.LASF20
 330 0108 01       		.byte	0x1
 331 0109 73       		.byte	0x73
 332 010a 01       		.byte	0x1
 333 010b 00000000 		.4byte	.LFB2
 334 010f 34000000 		.4byte	.LFE2
 335 0113 58000000 		.4byte	.LLST2
 336 0117 01       		.byte	0x1
ARM GAS  C:\Users\barror2\AppData\Local\Temp\ccERipRo.s 			page 10


 337 0118 09       		.uleb128 0x9
 338 0119 01       		.byte	0x1
 339 011a AF010000 		.4byte	.LASF21
 340 011e 01       		.byte	0x1
 341 011f 99       		.byte	0x99
 342 0120 01       		.byte	0x1
 343 0121 00000000 		.4byte	.LFB3
 344 0125 74000000 		.4byte	.LFE3
 345 0129 84000000 		.4byte	.LLST3
 346 012d 01       		.byte	0x1
 347 012e 0A       		.uleb128 0xa
 348 012f E9000000 		.4byte	.LASF31
 349 0133 01       		.byte	0x1
 350 0134 14       		.byte	0x14
 351 0135 CB000000 		.4byte	0xcb
 352 0139 05       		.byte	0x5
 353 013a 03       		.byte	0x3
 354 013b 00000000 		.4byte	TFTSHIELD_1_SPIM_1_backup
 355 013f 0B       		.uleb128 0xb
 356 0140 A2000000 		.4byte	.LASF22
 357 0144 04       		.byte	0x4
 358 0145 26       		.byte	0x26
 359 0146 9A000000 		.4byte	0x9a
 360 014a 01       		.byte	0x1
 361 014b 01       		.byte	0x1
 362 014c 0B       		.uleb128 0xb
 363 014d C8000000 		.4byte	.LASF23
 364 0151 04       		.byte	0x4
 365 0152 27       		.byte	0x27
 366 0153 9A000000 		.4byte	0x9a
 367 0157 01       		.byte	0x1
 368 0158 01       		.byte	0x1
 369 0159 0B       		.uleb128 0xb
 370 015a 4F000000 		.4byte	.LASF24
 371 015e 04       		.byte	0x4
 372 015f 28       		.byte	0x28
 373 0160 9A000000 		.4byte	0x9a
 374 0164 01       		.byte	0x1
 375 0165 01       		.byte	0x1
 376 0166 0B       		.uleb128 0xb
 377 0167 14020000 		.4byte	.LASF25
 378 016b 04       		.byte	0x4
 379 016c 2D       		.byte	0x2d
 380 016d 9A000000 		.4byte	0x9a
 381 0171 01       		.byte	0x1
 382 0172 01       		.byte	0x1
 383 0173 0B       		.uleb128 0xb
 384 0174 C9020000 		.4byte	.LASF26
 385 0178 04       		.byte	0x4
 386 0179 2E       		.byte	0x2e
 387 017a 9A000000 		.4byte	0x9a
 388 017e 01       		.byte	0x1
 389 017f 01       		.byte	0x1
 390 0180 0B       		.uleb128 0xb
 391 0181 6F000000 		.4byte	.LASF27
 392 0185 04       		.byte	0x4
 393 0186 2F       		.byte	0x2f
ARM GAS  C:\Users\barror2\AppData\Local\Temp\ccERipRo.s 			page 11


 394 0187 9A000000 		.4byte	0x9a
 395 018b 01       		.byte	0x1
 396 018c 01       		.byte	0x1
 397 018d 00       		.byte	0
 398              		.section	.debug_abbrev,"",%progbits
 399              	.Ldebug_abbrev0:
 400 0000 01       		.uleb128 0x1
 401 0001 11       		.uleb128 0x11
 402 0002 01       		.byte	0x1
 403 0003 25       		.uleb128 0x25
 404 0004 0E       		.uleb128 0xe
 405 0005 13       		.uleb128 0x13
 406 0006 0B       		.uleb128 0xb
 407 0007 03       		.uleb128 0x3
 408 0008 0E       		.uleb128 0xe
 409 0009 1B       		.uleb128 0x1b
 410 000a 0E       		.uleb128 0xe
 411 000b 55       		.uleb128 0x55
 412 000c 06       		.uleb128 0x6
 413 000d 11       		.uleb128 0x11
 414 000e 01       		.uleb128 0x1
 415 000f 52       		.uleb128 0x52
 416 0010 01       		.uleb128 0x1
 417 0011 10       		.uleb128 0x10
 418 0012 06       		.uleb128 0x6
 419 0013 00       		.byte	0
 420 0014 00       		.byte	0
 421 0015 02       		.uleb128 0x2
 422 0016 24       		.uleb128 0x24
 423 0017 00       		.byte	0
 424 0018 0B       		.uleb128 0xb
 425 0019 0B       		.uleb128 0xb
 426 001a 3E       		.uleb128 0x3e
 427 001b 0B       		.uleb128 0xb
 428 001c 03       		.uleb128 0x3
 429 001d 0E       		.uleb128 0xe
 430 001e 00       		.byte	0
 431 001f 00       		.byte	0
 432 0020 03       		.uleb128 0x3
 433 0021 24       		.uleb128 0x24
 434 0022 00       		.byte	0
 435 0023 0B       		.uleb128 0xb
 436 0024 0B       		.uleb128 0xb
 437 0025 3E       		.uleb128 0x3e
 438 0026 0B       		.uleb128 0xb
 439 0027 03       		.uleb128 0x3
 440 0028 08       		.uleb128 0x8
 441 0029 00       		.byte	0
 442 002a 00       		.byte	0
 443 002b 04       		.uleb128 0x4
 444 002c 16       		.uleb128 0x16
 445 002d 00       		.byte	0
 446 002e 03       		.uleb128 0x3
 447 002f 0E       		.uleb128 0xe
 448 0030 3A       		.uleb128 0x3a
 449 0031 0B       		.uleb128 0xb
 450 0032 3B       		.uleb128 0x3b
ARM GAS  C:\Users\barror2\AppData\Local\Temp\ccERipRo.s 			page 12


 451 0033 0B       		.uleb128 0xb
 452 0034 49       		.uleb128 0x49
 453 0035 13       		.uleb128 0x13
 454 0036 00       		.byte	0
 455 0037 00       		.byte	0
 456 0038 05       		.uleb128 0x5
 457 0039 35       		.uleb128 0x35
 458 003a 00       		.byte	0
 459 003b 49       		.uleb128 0x49
 460 003c 13       		.uleb128 0x13
 461 003d 00       		.byte	0
 462 003e 00       		.byte	0
 463 003f 06       		.uleb128 0x6
 464 0040 13       		.uleb128 0x13
 465 0041 01       		.byte	0x1
 466 0042 0B       		.uleb128 0xb
 467 0043 0B       		.uleb128 0xb
 468 0044 3A       		.uleb128 0x3a
 469 0045 0B       		.uleb128 0xb
 470 0046 3B       		.uleb128 0x3b
 471 0047 0B       		.uleb128 0xb
 472 0048 01       		.uleb128 0x1
 473 0049 13       		.uleb128 0x13
 474 004a 00       		.byte	0
 475 004b 00       		.byte	0
 476 004c 07       		.uleb128 0x7
 477 004d 0D       		.uleb128 0xd
 478 004e 00       		.byte	0
 479 004f 03       		.uleb128 0x3
 480 0050 0E       		.uleb128 0xe
 481 0051 3A       		.uleb128 0x3a
 482 0052 0B       		.uleb128 0xb
 483 0053 3B       		.uleb128 0x3b
 484 0054 0B       		.uleb128 0xb
 485 0055 49       		.uleb128 0x49
 486 0056 13       		.uleb128 0x13
 487 0057 38       		.uleb128 0x38
 488 0058 0A       		.uleb128 0xa
 489 0059 00       		.byte	0
 490 005a 00       		.byte	0
 491 005b 08       		.uleb128 0x8
 492 005c 2E       		.uleb128 0x2e
 493 005d 00       		.byte	0
 494 005e 3F       		.uleb128 0x3f
 495 005f 0C       		.uleb128 0xc
 496 0060 03       		.uleb128 0x3
 497 0061 0E       		.uleb128 0xe
 498 0062 3A       		.uleb128 0x3a
 499 0063 0B       		.uleb128 0xb
 500 0064 3B       		.uleb128 0x3b
 501 0065 0B       		.uleb128 0xb
 502 0066 27       		.uleb128 0x27
 503 0067 0C       		.uleb128 0xc
 504 0068 11       		.uleb128 0x11
 505 0069 01       		.uleb128 0x1
 506 006a 12       		.uleb128 0x12
 507 006b 01       		.uleb128 0x1
ARM GAS  C:\Users\barror2\AppData\Local\Temp\ccERipRo.s 			page 13


 508 006c 40       		.uleb128 0x40
 509 006d 06       		.uleb128 0x6
 510 006e 9742     		.uleb128 0x2117
 511 0070 0C       		.uleb128 0xc
 512 0071 00       		.byte	0
 513 0072 00       		.byte	0
 514 0073 09       		.uleb128 0x9
 515 0074 2E       		.uleb128 0x2e
 516 0075 00       		.byte	0
 517 0076 3F       		.uleb128 0x3f
 518 0077 0C       		.uleb128 0xc
 519 0078 03       		.uleb128 0x3
 520 0079 0E       		.uleb128 0xe
 521 007a 3A       		.uleb128 0x3a
 522 007b 0B       		.uleb128 0xb
 523 007c 3B       		.uleb128 0x3b
 524 007d 0B       		.uleb128 0xb
 525 007e 27       		.uleb128 0x27
 526 007f 0C       		.uleb128 0xc
 527 0080 11       		.uleb128 0x11
 528 0081 01       		.uleb128 0x1
 529 0082 12       		.uleb128 0x12
 530 0083 01       		.uleb128 0x1
 531 0084 40       		.uleb128 0x40
 532 0085 06       		.uleb128 0x6
 533 0086 9642     		.uleb128 0x2116
 534 0088 0C       		.uleb128 0xc
 535 0089 00       		.byte	0
 536 008a 00       		.byte	0
 537 008b 0A       		.uleb128 0xa
 538 008c 34       		.uleb128 0x34
 539 008d 00       		.byte	0
 540 008e 03       		.uleb128 0x3
 541 008f 0E       		.uleb128 0xe
 542 0090 3A       		.uleb128 0x3a
 543 0091 0B       		.uleb128 0xb
 544 0092 3B       		.uleb128 0x3b
 545 0093 0B       		.uleb128 0xb
 546 0094 49       		.uleb128 0x49
 547 0095 13       		.uleb128 0x13
 548 0096 02       		.uleb128 0x2
 549 0097 0A       		.uleb128 0xa
 550 0098 00       		.byte	0
 551 0099 00       		.byte	0
 552 009a 0B       		.uleb128 0xb
 553 009b 34       		.uleb128 0x34
 554 009c 00       		.byte	0
 555 009d 03       		.uleb128 0x3
 556 009e 0E       		.uleb128 0xe
 557 009f 3A       		.uleb128 0x3a
 558 00a0 0B       		.uleb128 0xb
 559 00a1 3B       		.uleb128 0x3b
 560 00a2 0B       		.uleb128 0xb
 561 00a3 49       		.uleb128 0x49
 562 00a4 13       		.uleb128 0x13
 563 00a5 3F       		.uleb128 0x3f
 564 00a6 0C       		.uleb128 0xc
ARM GAS  C:\Users\barror2\AppData\Local\Temp\ccERipRo.s 			page 14


 565 00a7 3C       		.uleb128 0x3c
 566 00a8 0C       		.uleb128 0xc
 567 00a9 00       		.byte	0
 568 00aa 00       		.byte	0
 569 00ab 00       		.byte	0
 570              		.section	.debug_loc,"",%progbits
 571              	.Ldebug_loc0:
 572              	.LLST0:
 573 0000 00000000 		.4byte	.LFB0
 574 0004 02000000 		.4byte	.LCFI0
 575 0008 0200     		.2byte	0x2
 576 000a 7D       		.byte	0x7d
 577 000b 00       		.sleb128 0
 578 000c 02000000 		.4byte	.LCFI0
 579 0010 04000000 		.4byte	.LCFI1
 580 0014 0200     		.2byte	0x2
 581 0016 7D       		.byte	0x7d
 582 0017 04       		.sleb128 4
 583 0018 04000000 		.4byte	.LCFI1
 584 001c 0A000000 		.4byte	.LFE0
 585 0020 0200     		.2byte	0x2
 586 0022 77       		.byte	0x77
 587 0023 04       		.sleb128 4
 588 0024 00000000 		.4byte	0
 589 0028 00000000 		.4byte	0
 590              	.LLST1:
 591 002c 00000000 		.4byte	.LFB1
 592 0030 02000000 		.4byte	.LCFI2
 593 0034 0200     		.2byte	0x2
 594 0036 7D       		.byte	0x7d
 595 0037 00       		.sleb128 0
 596 0038 02000000 		.4byte	.LCFI2
 597 003c 04000000 		.4byte	.LCFI3
 598 0040 0200     		.2byte	0x2
 599 0042 7D       		.byte	0x7d
 600 0043 04       		.sleb128 4
 601 0044 04000000 		.4byte	.LCFI3
 602 0048 0A000000 		.4byte	.LFE1
 603 004c 0200     		.2byte	0x2
 604 004e 77       		.byte	0x77
 605 004f 04       		.sleb128 4
 606 0050 00000000 		.4byte	0
 607 0054 00000000 		.4byte	0
 608              	.LLST2:
 609 0058 00000000 		.4byte	.LFB2
 610 005c 02000000 		.4byte	.LCFI4
 611 0060 0200     		.2byte	0x2
 612 0062 7D       		.byte	0x7d
 613 0063 00       		.sleb128 0
 614 0064 02000000 		.4byte	.LCFI4
 615 0068 04000000 		.4byte	.LCFI5
 616 006c 0200     		.2byte	0x2
 617 006e 7D       		.byte	0x7d
 618 006f 08       		.sleb128 8
 619 0070 04000000 		.4byte	.LCFI5
 620 0074 34000000 		.4byte	.LFE2
 621 0078 0200     		.2byte	0x2
ARM GAS  C:\Users\barror2\AppData\Local\Temp\ccERipRo.s 			page 15


 622 007a 77       		.byte	0x77
 623 007b 08       		.sleb128 8
 624 007c 00000000 		.4byte	0
 625 0080 00000000 		.4byte	0
 626              	.LLST3:
 627 0084 00000000 		.4byte	.LFB3
 628 0088 02000000 		.4byte	.LCFI6
 629 008c 0200     		.2byte	0x2
 630 008e 7D       		.byte	0x7d
 631 008f 00       		.sleb128 0
 632 0090 02000000 		.4byte	.LCFI6
 633 0094 04000000 		.4byte	.LCFI7
 634 0098 0200     		.2byte	0x2
 635 009a 7D       		.byte	0x7d
 636 009b 08       		.sleb128 8
 637 009c 04000000 		.4byte	.LCFI7
 638 00a0 74000000 		.4byte	.LFE3
 639 00a4 0200     		.2byte	0x2
 640 00a6 77       		.byte	0x77
 641 00a7 08       		.sleb128 8
 642 00a8 00000000 		.4byte	0
 643 00ac 00000000 		.4byte	0
 644              		.section	.debug_aranges,"",%progbits
 645 0000 34000000 		.4byte	0x34
 646 0004 0200     		.2byte	0x2
 647 0006 00000000 		.4byte	.Ldebug_info0
 648 000a 04       		.byte	0x4
 649 000b 00       		.byte	0
 650 000c 0000     		.2byte	0
 651 000e 0000     		.2byte	0
 652 0010 00000000 		.4byte	.LFB0
 653 0014 0A000000 		.4byte	.LFE0-.LFB0
 654 0018 00000000 		.4byte	.LFB1
 655 001c 0A000000 		.4byte	.LFE1-.LFB1
 656 0020 00000000 		.4byte	.LFB2
 657 0024 34000000 		.4byte	.LFE2-.LFB2
 658 0028 00000000 		.4byte	.LFB3
 659 002c 74000000 		.4byte	.LFE3-.LFB3
 660 0030 00000000 		.4byte	0
 661 0034 00000000 		.4byte	0
 662              		.section	.debug_ranges,"",%progbits
 663              	.Ldebug_ranges0:
 664 0000 00000000 		.4byte	.LFB0
 665 0004 0A000000 		.4byte	.LFE0
 666 0008 00000000 		.4byte	.LFB1
 667 000c 0A000000 		.4byte	.LFE1
 668 0010 00000000 		.4byte	.LFB2
 669 0014 34000000 		.4byte	.LFE2
 670 0018 00000000 		.4byte	.LFB3
 671 001c 74000000 		.4byte	.LFE3
 672 0020 00000000 		.4byte	0
 673 0024 00000000 		.4byte	0
 674              		.section	.debug_line,"",%progbits
 675              	.Ldebug_line0:
 676 0000 DF000000 		.section	.debug_str,"MS",%progbits,1
 676      02008800 
 676      00000201 
ARM GAS  C:\Users\barror2\AppData\Local\Temp\ccERipRo.s 			page 16


 676      FB0E0D00 
 676      01010101 
 677              	.LASF29:
 678 0000 2E5C4765 		.ascii	".\\Generated_Source\\PSoC5\\TFTSHIELD_1_SPIM_1_PM.c"
 678      6E657261 
 678      7465645F 
 678      536F7572 
 678      63655C50 
 679 0030 00       		.ascii	"\000"
 680              	.LASF18:
 681 0031 54465453 		.ascii	"TFTSHIELD_1_SPIM_1_SaveConfig\000"
 681      4849454C 
 681      445F315F 
 681      5350494D 
 681      5F315F53 
 682              	.LASF24:
 683 004f 54465453 		.ascii	"TFTSHIELD_1_SPIM_1_txBufferFull\000"
 683      4849454C 
 683      445F315F 
 683      5350494D 
 683      5F315F74 
 684              	.LASF27:
 685 006f 54465453 		.ascii	"TFTSHIELD_1_SPIM_1_rxBufferFull\000"
 685      4849454C 
 685      445F315F 
 685      5350494D 
 685      5F315F72 
 686              	.LASF3:
 687 008f 73686F72 		.ascii	"short unsigned int\000"
 687      7420756E 
 687      7369676E 
 687      65642069 
 687      6E7400
 688              	.LASF22:
 689 00a2 54465453 		.ascii	"TFTSHIELD_1_SPIM_1_txBufferRead\000"
 689      4849454C 
 689      445F315F 
 689      5350494D 
 689      5F315F74 
 690              	.LASF9:
 691 00c2 666C6F61 		.ascii	"float\000"
 691      7400
 692              	.LASF23:
 693 00c8 54465453 		.ascii	"TFTSHIELD_1_SPIM_1_txBufferWrite\000"
 693      4849454C 
 693      445F315F 
 693      5350494D 
 693      5F315F74 
 694              	.LASF31:
 695 00e9 54465453 		.ascii	"TFTSHIELD_1_SPIM_1_backup\000"
 695      4849454C 
 695      445F315F 
 695      5350494D 
 695      5F315F62 
 696              	.LASF1:
 697 0103 756E7369 		.ascii	"unsigned char\000"
 697      676E6564 
ARM GAS  C:\Users\barror2\AppData\Local\Temp\ccERipRo.s 			page 17


 697      20636861 
 697      7200
 698              	.LASF13:
 699 0111 72656738 		.ascii	"reg8\000"
 699      00
 700              	.LASF5:
 701 0116 6C6F6E67 		.ascii	"long unsigned int\000"
 701      20756E73 
 701      69676E65 
 701      6420696E 
 701      7400
 702              	.LASF12:
 703 0128 75696E74 		.ascii	"uint8\000"
 703      3800
 704              	.LASF19:
 705 012e 54465453 		.ascii	"TFTSHIELD_1_SPIM_1_RestoreConfig\000"
 705      4849454C 
 705      445F315F 
 705      5350494D 
 705      5F315F52 
 706              	.LASF20:
 707 014f 54465453 		.ascii	"TFTSHIELD_1_SPIM_1_Sleep\000"
 707      4849454C 
 707      445F315F 
 707      5350494D 
 707      5F315F53 
 708              	.LASF10:
 709 0168 646F7562 		.ascii	"double\000"
 709      6C6500
 710              	.LASF30:
 711 016f 433A5C55 		.ascii	"C:\\Users\\barror2\\Documents\\PSoC Creator\\tft_te"
 711      73657273 
 711      5C626172 
 711      726F7232 
 711      5C446F63 
 712 019d 73745C74 		.ascii	"st\\tft_test.cydsn\000"
 712      66745F74 
 712      6573742E 
 712      63796473 
 712      6E00
 713              	.LASF21:
 714 01af 54465453 		.ascii	"TFTSHIELD_1_SPIM_1_Wakeup\000"
 714      4849454C 
 714      445F315F 
 714      5350494D 
 714      5F315F57 
 715              	.LASF16:
 716 01c9 636E7472 		.ascii	"cntrPeriod\000"
 716      50657269 
 716      6F6400
 717              	.LASF8:
 718 01d4 756E7369 		.ascii	"unsigned int\000"
 718      676E6564 
 718      20696E74 
 718      00
 719              	.LASF7:
 720 01e1 6C6F6E67 		.ascii	"long long unsigned int\000"
ARM GAS  C:\Users\barror2\AppData\Local\Temp\ccERipRo.s 			page 18


 720      206C6F6E 
 720      6720756E 
 720      7369676E 
 720      65642069 
 721              	.LASF14:
 722 01f8 73697A65 		.ascii	"sizetype\000"
 722      74797065 
 722      00
 723              	.LASF6:
 724 0201 6C6F6E67 		.ascii	"long long int\000"
 724      206C6F6E 
 724      6720696E 
 724      7400
 725              	.LASF11:
 726 020f 63686172 		.ascii	"char\000"
 726      00
 727              	.LASF25:
 728 0214 54465453 		.ascii	"TFTSHIELD_1_SPIM_1_rxBufferRead\000"
 728      4849454C 
 728      445F315F 
 728      5350494D 
 728      5F315F72 
 729              	.LASF2:
 730 0234 73686F72 		.ascii	"short int\000"
 730      7420696E 
 730      7400
 731              	.LASF28:
 732 023e 474E5520 		.ascii	"GNU C 4.7.3 20130312 (release) [ARM/embedded-4_7-br"
 732      4320342E 
 732      372E3320 
 732      32303133 
 732      30333132 
 733 0271 616E6368 		.ascii	"anch revision 196615]\000"
 733      20726576 
 733      6973696F 
 733      6E203139 
 733      36363135 
 734              	.LASF17:
 735 0287 54465453 		.ascii	"TFTSHIELD_1_SPIM_1_BACKUP_STRUCT\000"
 735      4849454C 
 735      445F315F 
 735      5350494D 
 735      5F315F42 
 736              	.LASF4:
 737 02a8 6C6F6E67 		.ascii	"long int\000"
 737      20696E74 
 737      00
 738              	.LASF15:
 739 02b1 656E6162 		.ascii	"enableState\000"
 739      6C655374 
 739      61746500 
 740              	.LASF0:
 741 02bd 7369676E 		.ascii	"signed char\000"
 741      65642063 
 741      68617200 
 742              	.LASF26:
 743 02c9 54465453 		.ascii	"TFTSHIELD_1_SPIM_1_rxBufferWrite\000"
ARM GAS  C:\Users\barror2\AppData\Local\Temp\ccERipRo.s 			page 19


 743      4849454C 
 743      445F315F 
 743      5350494D 
 743      5F315F72 
 744              		.ident	"GCC: (GNU Tools for ARM Embedded Processors) 4.7.3 20130312 (release) [ARM/embedded-4_7-br
