Archive member included because of file (symbol)

.\ARM_GCC_493\Debug\Inputs_outputs.a(cyfitter_cfg.o)
                              .\ARM_GCC_493\Debug\Cm3Start.o (cyfitter_cfg)
.\ARM_GCC_493\Debug\Inputs_outputs.a(Clock_1.o)
                              .\ARM_GCC_493\Debug\main.o (Clock_1_SetDividerRegister)
.\ARM_GCC_493\Debug\Inputs_outputs.a(TFTSHIELD_1.o)
                              .\ARM_GCC_493\Debug\main.o (TFTSHIELD_1_Start)
.\ARM_GCC_493\Debug\Inputs_outputs.a(TFTSHIELD_1_SPIM_1.o)
                              .\ARM_GCC_493\Debug\Inputs_outputs.a(TFTSHIELD_1.o) (TFTSHIELD_1_SPIM_1_Start)
.\ARM_GCC_493\Debug\Inputs_outputs.a(TFTSHIELD_1_SPIM_1_INT.o)
                              .\ARM_GCC_493\Debug\Inputs_outputs.a(TFTSHIELD_1_SPIM_1.o) (TFTSHIELD_1_SPIM_1_TX_ISR)
.\ARM_GCC_493\Debug\Inputs_outputs.a(TFTSHIELD_1_CR_1.o)
                              .\ARM_GCC_493\Debug\Inputs_outputs.a(TFTSHIELD_1.o) (TFTSHIELD_1_CR_1_Write)
.\ARM_GCC_493\Debug\Inputs_outputs.a(CyLib.o)
                              .\ARM_GCC_493\Debug\Cm3Start.o (CyResetStatus)
.\ARM_GCC_493\Debug\Inputs_outputs.a(cyPm.o)
                              .\ARM_GCC_493\Debug\Inputs_outputs.a(CyLib.o) (CyPmReadStatus)
.\ARM_GCC_493\Debug\Inputs_outputs.a(Seven_Segment_Register.o)
                              .\ARM_GCC_493\Debug\main.o (Seven_Segment_Register_Read)
.\ARM_GCC_493\Debug\Inputs_outputs.a(PushButton_Register.o)
                              .\ARM_GCC_493\Debug\main.o (PushButton_Register_Write)
.\ARM_GCC_493\Debug\Inputs_outputs.a(Switch_Register.o)
                              .\ARM_GCC_493\Debug\main.o (Switch_Register_Write)
.\ARM_GCC_493\Debug\Inputs_outputs.a(LED_Register.o)
                              .\ARM_GCC_493\Debug\main.o (LED_Register_Read)
.\ARM_GCC_493\Debug\Inputs_outputs.a(CyBootAsmGnu.o)
                              .\ARM_GCC_493\Debug\Inputs_outputs.a(cyfitter_cfg.o) (CyDelayCycles)
.\ARM_GCC_493\Debug\Inputs_outputs.a(CyFlash.o)
                              .\ARM_GCC_493\Debug\Inputs_outputs.a(cyPm.o) (CyFlash_SetWaitCycles)
.\ARM_GCC_493\Debug\Inputs_outputs.a(CySpc.o)
                              .\ARM_GCC_493\Debug\Inputs_outputs.a(CyFlash.o) (CySpcStart)
c:/program files (x86)/cypress/psoc creator/4.0/psoc creator/import/gnu/arm/4.9.3/bin/../lib/gcc/arm-none-eabi/4.9.3/armv7-m\libgcc.a(_arm_addsubdf3.o)
                              .\ARM_GCC_493\Debug\main.o (__aeabi_dsub)
c:/program files (x86)/cypress/psoc creator/4.0/psoc creator/import/gnu/arm/4.9.3/bin/../lib/gcc/arm-none-eabi/4.9.3/armv7-m\libgcc.a(_arm_muldivdf3.o)
                              .\ARM_GCC_493\Debug\main.o (__aeabi_dmul)
c:/program files (x86)/cypress/psoc creator/4.0/psoc creator/import/gnu/arm/4.9.3/bin/../lib/gcc/arm-none-eabi/4.9.3/armv7-m\libgcc.a(_arm_cmpdf2.o)
                              .\ARM_GCC_493\Debug\main.o (__aeabi_dcmplt)
c:/program files (x86)/cypress/psoc creator/4.0/psoc creator/import/gnu/arm/4.9.3/bin/../lib/gcc/arm-none-eabi/4.9.3/armv7-m\libgcc.a(_arm_fixdfsi.o)
                              .\ARM_GCC_493\Debug\main.o (__aeabi_d2iz)
c:/program files (x86)/cypress/psoc creator/4.0/psoc creator/import/gnu/arm/4.9.3/bin/../lib/gcc/arm-none-eabi/4.9.3/armv7-m\libgcc.a(_arm_addsubsf3.o)
                              .\ARM_GCC_493\Debug\Inputs_outputs.a(TFTSHIELD_1.o) (__aeabi_fadd)
c:/program files (x86)/cypress/psoc creator/4.0/psoc creator/import/gnu/arm/4.9.3/bin/../lib/gcc/arm-none-eabi/4.9.3/armv7-m\libgcc.a(_arm_muldivsf3.o)
                              .\ARM_GCC_493\Debug\Inputs_outputs.a(TFTSHIELD_1.o) (__aeabi_fmul)
c:/program files (x86)/cypress/psoc creator/4.0/psoc creator/import/gnu/arm/4.9.3/bin/../lib/gcc/arm-none-eabi/4.9.3/armv7-m\libgcc.a(_arm_fixsfsi.o)
                              .\ARM_GCC_493\Debug\Inputs_outputs.a(TFTSHIELD_1.o) (__aeabi_f2iz)
c:/program files (x86)/cypress/psoc creator/4.0/psoc creator/import/gnu/arm/4.9.3/bin/../lib/gcc/arm-none-eabi/4.9.3/../../../../arm-none-eabi/lib/armv7-m\libg_nano.a(lib_a-exit.o)
                              c:/program files (x86)/cypress/psoc creator/4.0/psoc creator/import/gnu/arm/4.9.3/bin/../lib/gcc/arm-none-eabi/4.9.3/../../../../arm-none-eabi/lib/armv7-m/crt0.o (exit)
c:/program files (x86)/cypress/psoc creator/4.0/psoc creator/import/gnu/arm/4.9.3/bin/../lib/gcc/arm-none-eabi/4.9.3/../../../../arm-none-eabi/lib/armv7-m\libg_nano.a(lib_a-impure.o)
                              c:/program files (x86)/cypress/psoc creator/4.0/psoc creator/import/gnu/arm/4.9.3/bin/../lib/gcc/arm-none-eabi/4.9.3/../../../../arm-none-eabi/lib/armv7-m\libg_nano.a(lib_a-exit.o) (_global_impure_ptr)
c:/program files (x86)/cypress/psoc creator/4.0/psoc creator/import/gnu/arm/4.9.3/bin/../lib/gcc/arm-none-eabi/4.9.3/../../../../arm-none-eabi/lib/armv7-m\libg_nano.a(lib_a-init.o)
[...]
Memory Configuration

Name             Origin             Length             Attributes
rom              0x00000000         0x00040000         xr
ram              0x1fff8000         0x00010000         xrw
*default*        0x00000000         0xffffffff

Linker script and memory map

LOAD c:/program files (x86)/cypress/psoc creator/4.0/psoc creator/import/gnu/arm/4.9.3/bin/../lib/gcc/arm-none-eabi/4.9.3/armv7-m/crti.o
LOAD c:/program files (x86)/cypress/psoc creator/4.0/psoc creator/import/gnu/arm/4.9.3/bin/../lib/gcc/arm-none-eabi/4.9.3/armv7-m/crtbegin.o
LOAD c:/program files (x86)/cypress/psoc creator/4.0/psoc creator/import/gnu/arm/4.9.3/bin/../lib/gcc/arm-none-eabi/4.9.3/../../../../arm-none-eabi/lib/armv7-m/crt0.o
START GROUP
LOAD .\ARM_GCC_493\Debug\main.o
LOAD .\ARM_GCC_493\Debug\cymetadata.o
LOAD .\ARM_GCC_493\Debug\Cm3Start.o
LOAD .\ARM_GCC_493\Debug\Inputs_outputs.a
LOAD C:\Program Files (x86)\Cypress\PSoC Creator\4.0\PSoC Creator\psoc\content\cycomponentlibrary\CyComponentLibrary.cylib\CortexM3\ARM_GCC_493\Debug\CyComponentLibrary.a
END GROUP
START GROUP
LOAD c:/program files (x86)/cypress/psoc creator/4.0/psoc creator/import/gnu/arm/4.9.3/bin/../lib/gcc/arm-none-eabi/4.9.3/armv7-m\libgcc.a
LOAD c:/program files (x86)/cypress/psoc creator/4.0/psoc creator/import/gnu/arm/4.9.3/bin/../lib/gcc/arm-none-eabi/4.9.3/../../../../arm-none-eabi/lib/armv7-m\libg_nano.a
LOAD c:/program files (x86)/cypress/psoc creator/4.0/psoc creator/import/gnu/arm/4.9.3/bin/../lib/gcc/arm-none-eabi/4.9.3/../../../../arm-none-eabi/lib/armv7-m\libc_nano.a
END GROUP
START GROUP
LOAD c:/program files (x86)/cypress/psoc creator/4.0/psoc creator/import/gnu/arm/4.9.3/bin/../lib/gcc/arm-none-eabi/4.9.3/armv7-m\libgcc.a
LOAD c:/program files (x86)/cypress/psoc creator/4.0/psoc creator/import/gnu/arm/4.9.3/bin/../lib/gcc/arm-none-eabi/4.9.3/../../../../arm-none-eabi/lib/armv7-m\libc_nano.a
END GROUP
LOAD c:/program files (x86)/cypress/psoc creator/4.0/psoc creator/import/gnu/arm/4.9.3/bin/../lib/gcc/arm-none-eabi/4.9.3/armv7-m/crtend.o
LOAD c:/program files (x86)/cypress/psoc creator/4.0/psoc creator/import/gnu/arm/4.9.3/bin/../lib/gcc/arm-none-eabi/4.9.3/armv7-m/crtn.o
START GROUP
LOAD c:/program files (x86)/cypress/psoc creator/4.0/psoc creator/import/gnu/arm/4.9.3/bin/../lib/gcc/arm-none-eabi/4.9.3/armv7-m\libgcc.a
LOAD c:/program files (x86)/cypress/psoc creator/4.0/psoc creator/import/gnu/arm/4.9.3/bin/../lib/gcc/arm-none-eabi/4.9.3/../../../../arm-none-eabi/lib/armv7-m\libc.a
LOAD c:/program files (x86)/cypress/psoc creator/4.0/psoc creator/import/gnu/arm/4.9.3/bin/../lib/gcc/arm-none-eabi/4.9.3/../../../../arm-none-eabi/lib/armv7-m\libnosys.a
END GROUP
                0x00000000                CY_APPL_ORIGIN = 0x0
                0x00000100                CY_FLASH_ROW_SIZE = 0x100
                0x00000020                CY_ECC_ROW_SIZE = 0x20
                0x00000000                CY_EE_IN_BTLDR = 0x0
                0x00000000                CY_APPL_LOADABLE = 0x0
                0x00000800                CY_EE_SIZE = 0x800
                0x00000001                CY_APPL_NUM = 0x1
                0x00000001                CY_APPL_MAX = 0x1
                0x00000040                CY_METADATA_SIZE = 0x40
                0x1fff8158                PROVIDE (__cy_heap_start, _end)
                0x00000001                PROVIDE (__cy_region_num, ((__cy_regions_end - __cy_regions) / 0x10))
                0x20008000                PROVIDE (__cy_stack, (ORIGIN (ram) + 0x10000))
                0x20004000                PROVIDE (__cy_heap_end, (__cy_stack - 0x4000))

.cybootloader   0x00000000        0x0
 *(.cybootloader)
                0x00000000                appl1_start = CY_APPL_ORIGIN?CY_APPL_ORIGIN:ALIGN (CY_FLASH_ROW_SIZE)
                0x0001ff00                appl2_start = (appl1_start + ALIGN ((((0x40000 - appl1_start) - (0x2 * CY_FLASH_ROW_SIZE)) / 0x2), CY_FLASH_ROW_SIZE))
                0x00000000                appl_start = (CY_APPL_NUM == 0x1)?appl1_start:appl2_start
                0x00000000                ecc_offset = ((appl_start / CY_FLASH_ROW_SIZE) * CY_ECC_ROW_SIZE)
                0x00000000                ee_offset = (CY_APPL_LOADABLE && ! (CY_EE_IN_BTLDR))?((CY_EE_SIZE / CY_APPL_MAX) * (CY_APPL_NUM - 0x1)):0x0
                0x00000800                ee_size = (CY_APPL_LOADABLE && ! (CY_EE_IN_BTLDR))?(CY_EE_SIZE / CY_APPL_MAX):CY_EE_SIZE
                0x00000000                PROVIDE (CY_ECC_OFFSET, ecc_offset)

.text           0x00000000     0x5fee
 CREATE_OBJECT_SYMBOLS
                0x00000000                PROVIDE (__cy_interrupt_vector, RomVectors)
 *(.romvectors)
 .romvectors    0x00000000       0x10 .\ARM_GCC_493\Debug\Cm3Start.o
                0x00000000                RomVectors
                0x00000001                ASSERT ((. != __cy_interrupt_vector), No interrupt vector)
                0x00000001                ASSERT (CY_APPL_ORIGIN?(SIZEOF (.cybootloader) <= CY_APPL_ORIGIN):0x1, Wrong image location)
                0x00000010                PROVIDE (__cy_reset, Reset)
 *(.text.Reset)
 .text.Reset    0x00000010       0x18 .\ARM_GCC_493\Debug\Cm3Start.o
                0x00000010                Reset
                0x00000001                ASSERT ((. != __cy_reset), No reset code)
 *(.dma_init)
                0x00000001                ASSERT ((((appl_start + .) <= 0x10000) || 0x1), DMA Init must be within the first 64k of flash)
 *(.text .text.* .gnu.linkonce.t.*)
 .text          0x00000028       0x5c c:/program files (x86)/cypress/psoc creator/4.0/psoc creator/import/gnu/arm/4.9.3/bin/../lib/gcc/arm-none-eabi/4.9.3/armv7-m/crtbegin.o
 .text.main     0x00000084      0x290 .\ARM_GCC_493\Debug\main.o
                0x00000084                main
 *fill*         0x00000314        0x4 
 .text.DrawPushbutton
                0x00000318      0x1a0 .\ARM_GCC_493\Debug\main.o
                0x00000318                DrawPushbutton
 .text.waiting  0x000004b8       0x2c .\ARM_GCC_493\Debug\main.o
                0x000004b8                waiting
 *fill*         0x000004e4        0x4 
 .text.DrawSlideSwitch
                0x000004e8     0x1658 .\ARM_GCC_493\Debug\main.o
                0x000004e8                DrawSlideSwitch
 .text.DrawLED  0x00001b40      0x148 .\ARM_GCC_493\Debug\main.o
                0x00001b40                DrawLED
 .text.DrawHEX_a
                0x00001c88      0x258 .\ARM_GCC_493\Debug\main.o
                0x00001c88                DrawHEX_a
 .text.DrawHEX_b
                0x00001ee0      0x2a8 .\ARM_GCC_493\Debug\main.o
                0x00001ee0                DrawHEX_b
 .text.DrawHEX_c
                0x00002188      0x2e0 .\ARM_GCC_493\Debug\main.o
                0x00002188                DrawHEX_c
 .text.DrawHEX_d
                0x00002468      0x290 .\ARM_GCC_493\Debug\main.o
                0x00002468                DrawHEX_d
 .text.DrawHEX_e
                0x000026f8      0x348 .\ARM_GCC_493\Debug\main.o
                0x000026f8                DrawHEX_e
 .text.DrawHEX_f
                0x00002a40      0x310 .\ARM_GCC_493\Debug\main.o
                0x00002a40                DrawHEX_f
 .text.DrawHEX_g
                0x00002d50      0x228 .\ARM_GCC_493\Debug\main.o
                0x00002d50                DrawHEX_g
 .text.DrawHex  0x00002f78      0x288 .\ARM_GCC_493\Debug\main.o
                0x00002f78                DrawHex
 .text.InputTouched
                0x00003200      0x1c4 .\ARM_GCC_493\Debug\main.o
                0x00003200                InputTouched
 .text.TFT_INIT
                0x000033c4       0x6c .\ARM_GCC_493\Debug\main.o
                0x000033c4                TFT_INIT
 .text.mapCoor  0x00003430       0x38 .\ARM_GCC_493\Debug\main.o
                0x00003430                mapCoor
 .text.DrawInputs
                0x00003468       0x68 .\ARM_GCC_493\Debug\main.o
                0x00003468                DrawInputs
 .text.DrawOutputs
                0x000034d0       0x4c .\ARM_GCC_493\Debug\main.o
                0x000034d0                DrawOutputs
 .text.IntDefaultHandler
                0x0000351c        0x8 .\ARM_GCC_493\Debug\Cm3Start.o
                0x0000351c                IntDefaultHandler
 .text.Start_c  0x00003524       0x94 .\ARM_GCC_493\Debug\Cm3Start.o
                0x00003524                Start_c
 .text.initialize_psoc
                0x000035b8       0x8c .\ARM_GCC_493\Debug\Cm3Start.o
                0x000035b8                initialize_psoc
 .text.CYMEMZERO
                0x00003644       0x1c .\ARM_GCC_493\Debug\Inputs_outputs.a(cyfitter_cfg.o)
 .text.CYCONFIGCPY
                0x00003660       0x1c .\ARM_GCC_493\Debug\Inputs_outputs.a(cyfitter_cfg.o)
 .text.CyClockStartupError
                0x0000367c        0xc .\ARM_GCC_493\Debug\Inputs_outputs.a(cyfitter_cfg.o)
 .text.cfg_write_bytes32
                0x00003688       0x74 .\ARM_GCC_493\Debug\Inputs_outputs.a(cyfitter_cfg.o)
 .text.ClockSetup
                0x000036fc      0x114 .\ARM_GCC_493\Debug\Inputs_outputs.a(cyfitter_cfg.o)
 .text.AnalogSetDefault
                0x00003810       0x44 .\ARM_GCC_493\Debug\Inputs_outputs.a(cyfitter_cfg.o)
 .text.cyfitter_cfg
                0x00003854      0x17c .\ARM_GCC_493\Debug\Inputs_outputs.a(cyfitter_cfg.o)
                0x00003854                cyfitter_cfg
 .text.Clock_1_SetDividerRegister
                0x000039d0      0x160 .\ARM_GCC_493\Debug\Inputs_outputs.a(Clock_1.o)
                0x000039d0                Clock_1_SetDividerRegister
 .text.Clock_1_GetDividerRegister
                0x00003b30       0x18 .\ARM_GCC_493\Debug\Inputs_outputs.a(Clock_1.o)
                0x00003b30                Clock_1_GetDividerRegister
 .text.Clock_1_GetSourceRegister
                0x00003b48       0x20 .\ARM_GCC_493\Debug\Inputs_outputs.a(Clock_1.o)
                0x00003b48                Clock_1_GetSourceRegister
 .text.TFTSHIELD_1_Start
                0x00003b68      0x278 .\ARM_GCC_493\Debug\Inputs_outputs.a(TFTSHIELD_1.o)
                0x00003b68                TFTSHIELD_1_Start
 .text.TFTSHIELD_1_SetPixel
                0x00003de0       0x2c .\ARM_GCC_493\Debug\Inputs_outputs.a(TFTSHIELD_1.o)
                0x00003de0                TFTSHIELD_1_SetPixel
 .text.TFTSHIELD_1_GotoXY
                0x00003e0c       0x34 .\ARM_GCC_493\Debug\Inputs_outputs.a(TFTSHIELD_1.o)
                0x00003e0c                TFTSHIELD_1_GotoXY
 .text.TFTSHIELD_1_SetPage
                0x00003e40       0x2c .\ARM_GCC_493\Debug\Inputs_outputs.a(TFTSHIELD_1.o)
                0x00003e40                TFTSHIELD_1_SetPage
 .text.TFTSHIELD_1_SetAddrWindow
                0x00003e6c       0x58 .\ARM_GCC_493\Debug\Inputs_outputs.a(TFTSHIELD_1.o)
                0x00003e6c                TFTSHIELD_1_SetAddrWindow
 .text.TFTSHIELD_1_FillRect
                0x00003ec4      0x104 .\ARM_GCC_493\Debug\Inputs_outputs.a(TFTSHIELD_1.o)
                0x00003ec4                TFTSHIELD_1_FillRect
 .text.TFTSHIELD_1_FillScreen
                0x00003fc8       0x38 .\ARM_GCC_493\Debug\Inputs_outputs.a(TFTSHIELD_1.o)
                0x00003fc8                TFTSHIELD_1_FillScreen
 .text.TFTSHIELD_1_SetCol
                0x00004000       0x2c .\ARM_GCC_493\Debug\Inputs_outputs.a(TFTSHIELD_1.o)
                0x00004000                TFTSHIELD_1_SetCol
 .text.TFTSHIELD_1_SendData16
                0x0000402c       0x38 .\ARM_GCC_493\Debug\Inputs_outputs.a(TFTSHIELD_1.o)
                0x0000402c                TFTSHIELD_1_SendData16
 .text.TFTSHIELD_1_SendData
                0x00004064       0x24 .\ARM_GCC_493\Debug\Inputs_outputs.a(TFTSHIELD_1.o)
                0x00004064                TFTSHIELD_1_SendData
 .text.TFTSHIELD_1_SendCmd
                0x00004088       0x24 .\ARM_GCC_493\Debug\Inputs_outputs.a(TFTSHIELD_1.o)
                0x00004088                TFTSHIELD_1_SendCmd
 .text.TFTSHIELD_1_SPITransfer
                0x000040ac       0x18 .\ARM_GCC_493\Debug\Inputs_outputs.a(TFTSHIELD_1.o)
                0x000040ac                TFTSHIELD_1_SPITransfer
 .text.TFTSHIELD_1_DrawVLine
                0x000040c4       0x80 .\ARM_GCC_493\Debug\Inputs_outputs.a(TFTSHIELD_1.o)
                0x000040c4                TFTSHIELD_1_DrawVLine
 .text.TFTSHIELD_1_DrawHLine
                0x00004144       0x40 .\ARM_GCC_493\Debug\Inputs_outputs.a(TFTSHIELD_1.o)
                0x00004144                TFTSHIELD_1_DrawHLine
 .text.TFTSHIELD_1_DrawLine
                0x00004184      0x1c8 .\ARM_GCC_493\Debug\Inputs_outputs.a(TFTSHIELD_1.o)
                0x00004184                TFTSHIELD_1_DrawLine
 .text.TFTSHIELD_1_DrawCircleHelper
                0x0000434c      0x1a0 .\ARM_GCC_493\Debug\Inputs_outputs.a(TFTSHIELD_1.o)
                0x0000434c                TFTSHIELD_1_DrawCircleHelper
 .text.TFTSHIELD_1_FillCircle
                0x000044ec       0x58 .\ARM_GCC_493\Debug\Inputs_outputs.a(TFTSHIELD_1.o)
                0x000044ec                TFTSHIELD_1_FillCircle
 .text.TFTSHIELD_1_FillCircleHelper
                0x00004544      0x144 .\ARM_GCC_493\Debug\Inputs_outputs.a(TFTSHIELD_1.o)
                0x00004544                TFTSHIELD_1_FillCircleHelper
 .text.TFTSHIELD_1_DrawRoundRect
                0x00004688      0x198 .\ARM_GCC_493\Debug\Inputs_outputs.a(TFTSHIELD_1.o)
                0x00004688                TFTSHIELD_1_DrawRoundRect
 .text.TFTSHIELD_1_FillRoundRect
                0x00004820       0xe8 .\ARM_GCC_493\Debug\Inputs_outputs.a(TFTSHIELD_1.o)
                0x00004820                TFTSHIELD_1_FillRoundRect
 .text.TFTSHIELD_1_SetCursor
                0x00004908       0x30 .\ARM_GCC_493\Debug\Inputs_outputs.a(TFTSHIELD_1.o)
                0x00004908                TFTSHIELD_1_SetCursor
 .text.TFTSHIELD_1_SetTextSize
                0x00004938       0x28 .\ARM_GCC_493\Debug\Inputs_outputs.a(TFTSHIELD_1.o)
                0x00004938                TFTSHIELD_1_SetTextSize
 .text.TFTSHIELD_1_SetTextColor
                0x00004960       0x2c .\ARM_GCC_493\Debug\Inputs_outputs.a(TFTSHIELD_1.o)
                0x00004960                TFTSHIELD_1_SetTextColor
 .text.TFTSHIELD_1_CS_LOW
                0x0000498c       0x24 .\ARM_GCC_493\Debug\Inputs_outputs.a(TFTSHIELD_1.o)
                0x0000498c                TFTSHIELD_1_CS_LOW
 .text.TFTSHIELD_1_CS_HIGH
                0x000049b0       0x24 .\ARM_GCC_493\Debug\Inputs_outputs.a(TFTSHIELD_1.o)
                0x000049b0                TFTSHIELD_1_CS_HIGH
 .text.TFTSHIELD_1_DC_LOW
                0x000049d4       0x24 .\ARM_GCC_493\Debug\Inputs_outputs.a(TFTSHIELD_1.o)
                0x000049d4                TFTSHIELD_1_DC_LOW
 .text.TFTSHIELD_1_DC_HIGH
                0x000049f8       0x24 .\ARM_GCC_493\Debug\Inputs_outputs.a(TFTSHIELD_1.o)
                0x000049f8                TFTSHIELD_1_DC_HIGH
 .text.TFTSHIELD_1_RT_CS_LOW
                0x00004a1c       0x24 .\ARM_GCC_493\Debug\Inputs_outputs.a(TFTSHIELD_1.o)
                0x00004a1c                TFTSHIELD_1_RT_CS_LOW
 .text.TFTSHIELD_1_RT_CS_HIGH
                0x00004a40       0x24 .\ARM_GCC_493\Debug\Inputs_outputs.a(TFTSHIELD_1.o)
                0x00004a40                TFTSHIELD_1_RT_CS_HIGH
 .text.TFTSHIELD_1_StartTouch
                0x00004a64       0xc4 .\ARM_GCC_493\Debug\Inputs_outputs.a(TFTSHIELD_1.o)
                0x00004a64                TFTSHIELD_1_StartTouch
 .text.TFTSHIELD_1_WriteRegister8
                0x00004b28       0x44 .\ARM_GCC_493\Debug\Inputs_outputs.a(TFTSHIELD_1.o)
                0x00004b28                TFTSHIELD_1_WriteRegister8
 .text.TFTSHIELD_1_ReadRegister8
                0x00004b6c       0x74 .\ARM_GCC_493\Debug\Inputs_outputs.a(TFTSHIELD_1.o)
                0x00004b6c                TFTSHIELD_1_ReadRegister8
 .text.TFTSHIELD_1_ReadData
                0x00004be0       0xa4 .\ARM_GCC_493\Debug\Inputs_outputs.a(TFTSHIELD_1.o)
                0x00004be0                TFTSHIELD_1_ReadData
 .text.TFTSHIELD_1_GetVersion
                0x00004c84       0x30 .\ARM_GCC_493\Debug\Inputs_outputs.a(TFTSHIELD_1.o)
                0x00004c84                TFTSHIELD_1_GetVersion
 .text.TFTSHIELD_1_ResetBuffer
                0x00004cb4       0x38 .\ARM_GCC_493\Debug\Inputs_outputs.a(TFTSHIELD_1.o)
                0x00004cb4                TFTSHIELD_1_ResetBuffer
 .text.TFTSHIELD_1_Touched
                0x00004cec       0x2c .\ARM_GCC_493\Debug\Inputs_outputs.a(TFTSHIELD_1.o)
                0x00004cec                TFTSHIELD_1_Touched
 .text.TFTSHIELD_1_BufferEmpty
                0x00004d18       0x20 .\ARM_GCC_493\Debug\Inputs_outputs.a(TFTSHIELD_1.o)
                0x00004d18                TFTSHIELD_1_BufferEmpty
 .text.TFTSHIELD_1_SPIM_1_Init
                0x00004d38       0x68 .\ARM_GCC_493\Debug\Inputs_outputs.a(TFTSHIELD_1_SPIM_1.o)
                0x00004d38                TFTSHIELD_1_SPIM_1_Init
 .text.TFTSHIELD_1_SPIM_1_Enable
                0x00004da0       0x60 .\ARM_GCC_493\Debug\Inputs_outputs.a(TFTSHIELD_1_SPIM_1.o)
                0x00004da0                TFTSHIELD_1_SPIM_1_Enable
 .text.TFTSHIELD_1_SPIM_1_Start
                0x00004e00       0x20 .\ARM_GCC_493\Debug\Inputs_outputs.a(TFTSHIELD_1_SPIM_1.o)
                0x00004e00                TFTSHIELD_1_SPIM_1_Start
 .text.TFTSHIELD_1_SPIM_1_EnableTxInt
                0x00004e20       0x18 .\ARM_GCC_493\Debug\Inputs_outputs.a(TFTSHIELD_1_SPIM_1.o)
                0x00004e20                TFTSHIELD_1_SPIM_1_EnableTxInt
 .text.TFTSHIELD_1_SPIM_1_EnableRxInt
                0x00004e38       0x18 .\ARM_GCC_493\Debug\Inputs_outputs.a(TFTSHIELD_1_SPIM_1.o)
                0x00004e38                TFTSHIELD_1_SPIM_1_EnableRxInt
 .text.TFTSHIELD_1_SPIM_1_ReadTxStatus
                0x00004e50       0x20 .\ARM_GCC_493\Debug\Inputs_outputs.a(TFTSHIELD_1_SPIM_1.o)
                0x00004e50                TFTSHIELD_1_SPIM_1_ReadTxStatus
 .text.TFTSHIELD_1_SPIM_1_ReadRxStatus
                0x00004e70       0x20 .\ARM_GCC_493\Debug\Inputs_outputs.a(TFTSHIELD_1_SPIM_1.o)
                0x00004e70                TFTSHIELD_1_SPIM_1_ReadRxStatus
 .text.TFTSHIELD_1_SPIM_1_WriteTxData
                0x00004e90       0x34 .\ARM_GCC_493\Debug\Inputs_outputs.a(TFTSHIELD_1_SPIM_1.o)
                0x00004e90                TFTSHIELD_1_SPIM_1_WriteTxData
 .text.TFTSHIELD_1_SPIM_1_ReadRxData
                0x00004ec4       0x20 .\ARM_GCC_493\Debug\Inputs_outputs.a(TFTSHIELD_1_SPIM_1.o)
                0x00004ec4                TFTSHIELD_1_SPIM_1_ReadRxData
 .text.TFTSHIELD_1_SPIM_1_GetRxBufferSize
                0x00004ee4       0x30 .\ARM_GCC_493\Debug\Inputs_outputs.a(TFTSHIELD_1_SPIM_1.o)
                0x00004ee4                TFTSHIELD_1_SPIM_1_GetRxBufferSize
 .text.TFTSHIELD_1_SPIM_1_ClearFIFO
                0x00004f14       0x5c .\ARM_GCC_493\Debug\Inputs_outputs.a(TFTSHIELD_1_SPIM_1.o)
                0x00004f14                TFTSHIELD_1_SPIM_1_ClearFIFO
 .text.TFTSHIELD_1_SPIM_1_TX_ISR
                0x00004f70        0xc .\ARM_GCC_493\Debug\Inputs_outputs.a(TFTSHIELD_1_SPIM_1_INT.o)
                0x00004f70                TFTSHIELD_1_SPIM_1_TX_ISR
 .text.TFTSHIELD_1_SPIM_1_RX_ISR
                0x00004f7c        0xc .\ARM_GCC_493\Debug\Inputs_outputs.a(TFTSHIELD_1_SPIM_1_INT.o)
                0x00004f7c                TFTSHIELD_1_SPIM_1_RX_ISR
 .text.TFTSHIELD_1_CR_1_Write
                0x00004f88       0x20 .\ARM_GCC_493\Debug\Inputs_outputs.a(TFTSHIELD_1_CR_1.o)
                0x00004f88                TFTSHIELD_1_CR_1_Write
 .text.TFTSHIELD_1_CR_1_Read
                0x00004fa8       0x18 .\ARM_GCC_493\Debug\Inputs_outputs.a(TFTSHIELD_1_CR_1.o)
                0x00004fa8                TFTSHIELD_1_CR_1_Read
 .text.CyHalt   0x00004fc0       0x18 .\ARM_GCC_493\Debug\Inputs_outputs.a(CyLib.o)
                0x00004fc0                CyHalt
 .text.CyDelay  0x00004fd8       0x44 .\ARM_GCC_493\Debug\Inputs_outputs.a(CyLib.o)
                0x00004fd8                CyDelay
 .text.CyDelayUs
                0x0000501c       0x24 .\ARM_GCC_493\Debug\Inputs_outputs.a(CyLib.o)
                0x0000501c                CyDelayUs
 .text.CyIntSetVector
                0x00005040       0x50 .\ARM_GCC_493\Debug\Inputs_outputs.a(CyLib.o)
                0x00005040                CyIntSetVector
 .text.CyIntSetPriority
                0x00005090       0x44 .\ARM_GCC_493\Debug\Inputs_outputs.a(CyLib.o)
                0x00005090                CyIntSetPriority
 .text.Seven_Segment_Register_Read
                0x000050d4       0x18 .\ARM_GCC_493\Debug\Inputs_outputs.a(Seven_Segment_Register.o)
                0x000050d4                Seven_Segment_Register_Read
 .text.PushButton_Register_Write
                0x000050ec       0x20 .\ARM_GCC_493\Debug\Inputs_outputs.a(PushButton_Register.o)
                0x000050ec                PushButton_Register_Write
 .text.Switch_Register_Write
                0x0000510c       0x20 .\ARM_GCC_493\Debug\Inputs_outputs.a(Switch_Register.o)
                0x0000510c                Switch_Register_Write
 .text.Switch_Register_Read
                0x0000512c       0x18 .\ARM_GCC_493\Debug\Inputs_outputs.a(Switch_Register.o)
                0x0000512c                Switch_Register_Read
 .text.LED_Register_Read
                0x00005144       0x18 .\ARM_GCC_493\Debug\Inputs_outputs.a(LED_Register.o)
                0x00005144                LED_Register_Read
 *fill*         0x0000515c        0x4 
 .text          0x00005160       0x20 .\ARM_GCC_493\Debug\Inputs_outputs.a(CyBootAsmGnu.o)
                0x00005160                CyDelayCycles
                0x00005170                CyEnterCriticalSection
                0x00005178                CyExitCriticalSection
 .text          0x00005180      0x370 c:/program files (x86)/cypress/psoc creator/4.0/psoc creator/import/gnu/arm/4.9.3/bin/../lib/gcc/arm-none-eabi/4.9.3/armv7-m\libgcc.a(_arm_addsubdf3.o)
                0x00005180                __aeabi_drsub
                0x00005188                __aeabi_dsub
                0x00005188                __subdf3
                0x0000518c                __aeabi_dadd
                0x0000518c                __adddf3
                0x00005404                __floatunsidf
                0x00005404                __aeabi_ui2d
                0x00005424                __floatsidf
                0x00005424                __aeabi_i2d
                0x00005448                __aeabi_f2d
                0x00005448                __extendsfdf2
                0x00005484                __floatundidf
                0x00005484                __aeabi_ul2d
                0x00005494                __floatdidf
                0x00005494                __aeabi_l2d
 .text          0x000054f0      0x424 c:/program files (x86)/cypress/psoc creator/4.0/psoc creator/import/gnu/arm/4.9.3/bin/../lib/gcc/arm-none-eabi/4.9.3/armv7-m\libgcc.a(_arm_muldivdf3.o)
                0x000054f0                __aeabi_dmul
                0x000054f0                __muldf3
                0x00005744                __divdf3
                0x00005744                __aeabi_ddiv
 .text          0x00005914      0x110 c:/program files (x86)/cypress/psoc creator/4.0/psoc creator/import/gnu/arm/4.9.3/bin/../lib/gcc/arm-none-eabi/4.9.3/armv7-m\libgcc.a(_arm_cmpdf2.o)
                0x00005914                __gtdf2
                0x00005914                __gedf2
                0x0000591c                __ltdf2
                0x0000591c                __ledf2
                0x00005924                __nedf2
                0x00005924                __eqdf2
                0x00005924                __cmpdf2
                0x000059a0                __aeabi_cdrcmple
                0x000059b0                __aeabi_cdcmpeq
                0x000059b0                __aeabi_cdcmple
                0x000059c0                __aeabi_dcmpeq
                0x000059d4                __aeabi_dcmplt
                0x000059e8                __aeabi_dcmple
                0x000059fc                __aeabi_dcmpge
                0x00005a10                __aeabi_dcmpgt
 .text          0x00005a24       0x50 c:/program files (x86)/cypress/psoc creator/4.0/psoc creator/import/gnu/arm/4.9.3/bin/../lib/gcc/arm-none-eabi/4.9.3/armv7-m\libgcc.a(_arm_fixdfsi.o)
                0x00005a24                __aeabi_d2iz
                0x00005a24                __fixdfsi
 .text          0x00005a74      0x21c c:/program files (x86)/cypress/psoc creator/4.0/psoc creator/import/gnu/arm/4.9.3/bin/../lib/gcc/arm-none-eabi/4.9.3/armv7-m\libgcc.a(_arm_addsubsf3.o)
                0x00005a74                __aeabi_frsub
                0x00005a7c                __subsf3
                0x00005a7c                __aeabi_fsub
                0x00005a80                __aeabi_fadd
                0x00005a80                __addsf3
                0x00005be0                __aeabi_ui2f
                0x00005be0                __floatunsisf
                0x00005be8                __aeabi_i2f
                0x00005be8                __floatsisf
                0x00005c04                __aeabi_ul2f
                0x00005c04                __floatundisf
                0x00005c14                __aeabi_l2f
                0x00005c14                __floatdisf
 .text          0x00005c90      0x2a0 c:/program files (x86)/cypress/psoc creator/4.0/psoc creator/import/gnu/arm/4.9.3/bin/../lib/gcc/arm-none-eabi/4.9.3/armv7-m\libgcc.a(_arm_muldivsf3.o)
                0x00005c90                __mulsf3
                0x00005c90                __aeabi_fmul
                0x00005df8                __aeabi_fdiv
                0x00005df8                __divsf3
 .text          0x00005f30       0x4c c:/program files (x86)/cypress/psoc creator/4.0/psoc creator/import/gnu/arm/4.9.3/bin/../lib/gcc/arm-none-eabi/4.9.3/armv7-m\libgcc.a(_arm_fixsfsi.o)
                0x00005f30                __aeabi_f2iz
                0x00005f30                __fixsfsi
 .text.__libc_init_array
                0x00005f7c       0x4c c:/program files (x86)/cypress/psoc creator/4.0/psoc creator/import/gnu/arm/4.9.3/bin/../lib/gcc/arm-none-eabi/4.9.3/../../../../arm-none-eabi/lib/armv7-m\libg_nano.a(lib_a-init.o)
                0x00005f7c                __libc_init_array
 .text.memcpy   0x00005fc8       0x16 c:/program files (x86)/cypress/psoc creator/4.0/psoc creator/import/gnu/arm/4.9.3/bin/../lib/gcc/arm-none-eabi/4.9.3/../../../../arm-none-eabi/lib/armv7-m\libg_nano.a(lib_a-memcpy.o)
                0x00005fc8                memcpy
 .text.memset   0x00005fde       0x10 c:/program files (x86)/cypress/psoc creator/4.0/psoc creator/import/gnu/arm/4.9.3/bin/../lib/gcc/arm-none-eabi/4.9.3/../../../../arm-none-eabi/lib/armv7-m\libg_nano.a(lib_a-memset.o)
                0x00005fde                memset
 *(.plt)
 *(.gnu.warning)
 *(.glue_7t)
 .glue_7t       0x00000000        0x0 linker stubs
 *(.glue_7)
 .glue_7        0x00000000        0x0 linker stubs
 *(.vfp11_veneer)
 .vfp11_veneer  0x00000000        0x0 linker stubs
 *(.bootloader)
 *(.ARM.extab* .gnu.linkonce.armextab.*)
 *(.gcc_except_table)

.v4_bx          0x00005ff0        0x0
 .v4_bx         0x00000000        0x0 linker stubs

.iplt           0x00005ff0        0x0
 .iplt          0x00000000        0x0 c:/program files (x86)/cypress/psoc creator/4.0/psoc creator/import/gnu/arm/4.9.3/bin/../lib/gcc/arm-none-eabi/4.9.3/armv7-m/crtbegin.o

.eh_frame_hdr
 *(.eh_frame_hdr)

.eh_frame       0x00005ff0        0x4
 *(.eh_frame)
 .eh_frame      0x00005ff0        0x0 c:/program files (x86)/cypress/psoc creator/4.0/psoc creator/import/gnu/arm/4.9.3/bin/../lib/gcc/arm-none-eabi/4.9.3/armv7-m/crtbegin.o
 .eh_frame      0x00005ff0        0x4 c:/program files (x86)/cypress/psoc creator/4.0/psoc creator/import/gnu/arm/4.9.3/bin/../lib/gcc/arm-none-eabi/4.9.3/armv7-m/crtend.o
                0x00005ff4                PROVIDE (__exidx_start, .)

.ARM.exidx
 *(.ARM.exidx* .gnu.linkonce.armexidx.*)
                0x00005ff4                __exidx_end = .

.rodata         0x00005ff4       0x9c
 *(.rodata .rodata.* .gnu.linkonce.r.*)
 .rodata        0x00005ff4       0x20 .\ARM_GCC_493\Debug\main.o
 .rodata        0x00006014       0x44 .\ARM_GCC_493\Debug\Inputs_outputs.a(cyfitter_cfg.o)
                0x00006058                . = ALIGN (0x4)
 *(.init)
 .init          0x00006058        0x4 c:/program files (x86)/cypress/psoc creator/4.0/psoc creator/import/gnu/arm/4.9.3/bin/../lib/gcc/arm-none-eabi/4.9.3/armv7-m/crti.o
                0x00006058                _init
 .init          0x0000605c        0x8 c:/program files (x86)/cypress/psoc creator/4.0/psoc creator/import/gnu/arm/4.9.3/bin/../lib/gcc/arm-none-eabi/4.9.3/armv7-m/crtn.o
                0x00006064                . = ALIGN (0x4)
                0x00006064                __preinit_array_start = .
 *(.preinit_array)
                0x00006064                __preinit_array_end = .
                0x00006064                . = ALIGN (0x4)
                0x00006064                __init_array_start = .
 *(SORT(.init_array.*))
 *(.init_array)
 .init_array    0x00006064        0x4 c:/program files (x86)/cypress/psoc creator/4.0/psoc creator/import/gnu/arm/4.9.3/bin/../lib/gcc/arm-none-eabi/4.9.3/armv7-m/crtbegin.o
 .init_array    0x00006068        0x4 .\ARM_GCC_493\Debug\Cm3Start.o
                0x0000606c                __init_array_end = .
                0x0000606c                . = ALIGN (0x4)
 *(.fini)
 .fini          0x0000606c        0x4 c:/program files (x86)/cypress/psoc creator/4.0/psoc creator/import/gnu/arm/4.9.3/bin/../lib/gcc/arm-none-eabi/4.9.3/armv7-m/crti.o
                0x0000606c                _fini
 .fini          0x00006070        0x8 c:/program files (x86)/cypress/psoc creator/4.0/psoc creator/import/gnu/arm/4.9.3/bin/../lib/gcc/arm-none-eabi/4.9.3/armv7-m/crtn.o
                0x00006078                . = ALIGN (0x4)
                0x00006078                __fini_array_start = .
 *(.fini_array)
 .fini_array    0x00006078        0x4 c:/program files (x86)/cypress/psoc creator/4.0/psoc creator/import/gnu/arm/4.9.3/bin/../lib/gcc/arm-none-eabi/4.9.3/armv7-m/crtbegin.o
 *(SORT(.fini_array.*))
                0x0000607c                __fini_array_end = .
                0x0000607c                . = ALIGN (0x4)
 *crtbegin.o(.ctors)
 *(EXCLUDE_FILE(*crtend.o) .ctors)
 *(SORT(.ctors.*))
 *crtend.o(.ctors)
                0x0000607c                . = ALIGN (0x4)
 *crtbegin.o(.dtors)
 *(EXCLUDE_FILE(*crtend.o) .dtors)
 *(SORT(.dtors.*))
 *crtend.o(.dtors)
                0x0000607c                . = ALIGN (0x4)
                0x0000607c                __cy_regions = .
                0x0000607c        0x4 LONG 0x6090 __cy_region_init_ram
                0x00006080        0x4 LONG 0x1fff8108 __cy_region_start_data
                0x00006084        0x4 LONG 0x18 __cy_region_init_size_ram
                0x00006088        0x4 LONG 0x38 __cy_region_zero_size_ram
                0x0000608c                __cy_regions_end = .
                0x00006090                . = ALIGN (0x8)
 *fill*         0x0000608c        0x4 
                0x00006090                _etext = .

.ramvectors     0x1fff8000      0x100
                0x1fff8000                __cy_region_start_ram = .
 *(.ramvectors)
 .ramvectors    0x1fff8000      0x100 .\ARM_GCC_493\Debug\Cm3Start.o
                0x1fff8000                CyRamVectors

.noinit         0x1fff8100        0x5
 *(.noinit)
 .noinit        0x1fff8100        0x4 .\ARM_GCC_493\Debug\Cm3Start.o
 .noinit        0x1fff8104        0x1 .\ARM_GCC_493\Debug\Inputs_outputs.a(CyLib.o)
                0x1fff8104                CyResetStatus

.data           0x1fff8108       0x18 load address 0x00006090
                0x1fff8108                __cy_region_start_data = .
 *(.jcr)
 .jcr           0x1fff8108        0x0 c:/program files (x86)/cypress/psoc creator/4.0/psoc creator/import/gnu/arm/4.9.3/bin/../lib/gcc/arm-none-eabi/4.9.3/armv7-m/crtbegin.o
 .jcr           0x1fff8108        0x4 c:/program files (x86)/cypress/psoc creator/4.0/psoc creator/import/gnu/arm/4.9.3/bin/../lib/gcc/arm-none-eabi/4.9.3/armv7-m/crtend.o
 *(.got.plt)
 *(.got)
 *(.shdata)
 *(.data .data.* .gnu.linkonce.d.*)
 .data          0x1fff810c       0x10 .\ARM_GCC_493\Debug\Inputs_outputs.a(CyLib.o)
                0x1fff810c                cydelay_freq_hz
                0x1fff8110                cydelay_freq_khz
                0x1fff8114                cydelay_freq_mhz
                0x1fff8118                cydelay_32k_ms
                0x1fff8120                . = ALIGN (0x8)
 *fill*         0x1fff811c        0x4 
 *(.ram)
                0x1fff8120                _edata = .

.igot.plt       0x1fff8120        0x0 load address 0x000060a8
 .igot.plt      0x00000000        0x0 c:/program files (x86)/cypress/psoc creator/4.0/psoc creator/import/gnu/arm/4.9.3/bin/../lib/gcc/arm-none-eabi/4.9.3/armv7-m/crtbegin.o

.bss            0x1fff8120       0x38 load address 0x000060a8
                0x1fff8120                PROVIDE (__bss_start__, .)
 *(.shbss)
 *(.bss .bss.* .gnu.linkonce.b.*)
 .bss           0x1fff8120       0x1c c:/program files (x86)/cypress/psoc creator/4.0/psoc creator/import/gnu/arm/4.9.3/bin/../lib/gcc/arm-none-eabi/4.9.3/armv7-m/crtbegin.o
 .bss           0x1fff813c        0x1 .\ARM_GCC_493\Debug\Inputs_outputs.a(TFTSHIELD_1_SPIM_1.o)
                0x1fff813c                TFTSHIELD_1_SPIM_1_initVar
 *(COMMON)
 *fill*         0x1fff813d        0x3 
 COMMON         0x1fff8140       0x14 .\ARM_GCC_493\Debug\main.o
                0x1fff8140                cursor_y
                0x1fff8142                rotation
                0x1fff8144                _width
                0x1fff8148                cursor_x
                0x1fff814a                wrap
                0x1fff814b                textsize
                0x1fff814c                _height
                0x1fff8150                textbgcolor
                0x1fff8152                textcolor
                0x1fff8158                . = ALIGN (0x8)
 *fill*         0x1fff8154        0x4 
 *(.ram.b)
                0x1fff8158                _end = .
                0x1fff8158                __end = .
                0x1fff8158                PROVIDE (end, .)
                0x1fff8158                PROVIDE (__bss_end__, .)
                0x00006090                __cy_region_init_ram = LOADADDR (.data)
                0x00000018                __cy_region_init_size_ram = (_edata - ADDR (.data))
                0x00000038                __cy_region_zero_size_ram = (_end - _edata)

.heap           0x1fff8158     0x1000 load address 0x000060a8
                0x1fff8158                . = _end
                0x1fff9158                . = (. + 0x1000)
 *fill*         0x1fff8158     0x1000 
                0x1fff9158                __cy_heap_limit = .

.stack          0x20004000     0x4000
                0x20004000                __cy_stack_limit = .
                0x20008000                . = (. + 0x4000)
 *fill*         0x20004000     0x4000 
                0x00000001                ASSERT ((__cy_stack_limit >= __cy_heap_limit), region RAM overflowed with stack)

.cyloadermeta
 *(.cyloadermeta)

.cyloadablemeta
 *(.cyloadablemeta)

.cyconfigecc    0x80000000      0x384
 *(.cyconfigecc)
 .cyconfigecc   0x80000000      0x384 .\ARM_GCC_493\Debug\cymetadata.o
                0x80000000                cy_meta_configecc

.cycustnvl      0x90000000        0x4
 *(.cycustnvl)
 .cycustnvl     0x90000000        0x4 .\ARM_GCC_493\Debug\cymetadata.o
                0x90000000                cy_meta_custnvl

.cywolatch      0x90100000        0x4
 *(.cywolatch)
 .cywolatch     0x90100000        0x4 .\ARM_GCC_493\Debug\cymetadata.o
                0x90100000                cy_meta_wonvl

.cyeeprom       0x90200000        0x0
 *(.cyeeprom)
                0x00000001                ASSERT ((. <= ((0x90200000 + ee_offset) + ee_size)), .cyeeprom data will not fit in EEPROM)

.cyflashprotect
                0x90400000      0x100
 *(.cyflashprotect)
 .cyflashprotect
                0x90400000      0x100 .\ARM_GCC_493\Debug\cymetadata.o
                0x90400000                cy_meta_flashprotect

.cymeta         0x90500000        0xc
 *(.cymeta)
 .cymeta        0x90500000        0xc .\ARM_GCC_493\Debug\cymetadata.o
                0x90500000                cy_metadata

.rel.dyn        0x000060a8        0x0 load address 0x9050000c
 .rel.iplt      0x00000000        0x0 c:/program files (x86)/cypress/psoc creator/4.0/psoc creator/import/gnu/arm/4.9.3/bin/../lib/gcc/arm-none-eabi/4.9.3/armv7-m/crtbegin.o

.stab
 *(.stab)

.stabstr
 *(.stabstr)

.debug
 *(.debug)

.line
 *(.line)

.debug_srcinfo
 *(.debug_srcinfo)

.debug_sfnames
 *(.debug_sfnames)

.debug_aranges  0x00000000      0x920
 *(.debug_aranges)
 .debug_aranges
                0x00000000       0xa8 .\ARM_GCC_493\Debug\main.o
 .debug_aranges
                0x000000a8       0x18 .\ARM_GCC_493\Debug\cymetadata.o
 .debug_aranges
                0x000000c0       0x40 .\ARM_GCC_493\Debug\Cm3Start.o
 .debug_aranges
                0x00000100       0x60 .\ARM_GCC_493\Debug\Inputs_outputs.a(cyfitter_cfg.o)
 .debug_aranges
                0x00000160       0x70 .\ARM_GCC_493\Debug\Inputs_outputs.a(Clock_1.o)
 .debug_aranges
                0x000001d0      0x1b0 .\ARM_GCC_493\Debug\Inputs_outputs.a(TFTSHIELD_1.o)
 .debug_aranges
                0x00000380       0xd8 .\ARM_GCC_493\Debug\Inputs_outputs.a(TFTSHIELD_1_SPIM_1.o)
 .debug_aranges
                0x00000458       0x28 .\ARM_GCC_493\Debug\Inputs_outputs.a(TFTSHIELD_1_SPIM_1_INT.o)
 .debug_aranges
                0x00000480       0x28 .\ARM_GCC_493\Debug\Inputs_outputs.a(TFTSHIELD_1_CR_1.o)
 .debug_aranges
                0x000004a8      0x218 .\ARM_GCC_493\Debug\Inputs_outputs.a(CyLib.o)
 .debug_aranges
                0x000006c0       0x90 .\ARM_GCC_493\Debug\Inputs_outputs.a(cyPm.o)
 .debug_aranges
                0x00000750       0x40 .\ARM_GCC_493\Debug\Inputs_outputs.a(Seven_Segment_Register.o)
 .debug_aranges
                0x00000790       0x28 .\ARM_GCC_493\Debug\Inputs_outputs.a(PushButton_Register.o)
 .debug_aranges
                0x000007b8       0x28 .\ARM_GCC_493\Debug\Inputs_outputs.a(Switch_Register.o)
 .debug_aranges
                0x000007e0       0x40 .\ARM_GCC_493\Debug\Inputs_outputs.a(LED_Register.o)
 .debug_aranges
                0x00000820       0x20 .\ARM_GCC_493\Debug\Inputs_outputs.a(CyBootAsmGnu.o)
 .debug_aranges
                0x00000840       0x78 .\ARM_GCC_493\Debug\Inputs_outputs.a(CyFlash.o)
 .debug_aranges
                0x000008b8       0x68 .\ARM_GCC_493\Debug\Inputs_outputs.a(CySpc.o)

.debug_pubnames
 *(.debug_pubnames)

.debug_info     0x00000000     0x4a5d
 *(.debug_info .gnu.linkonce.wi.*)
 .debug_info    0x00000000      0xb56 .\ARM_GCC_493\Debug\main.o
 .debug_info    0x00000b56      0x13a .\ARM_GCC_493\Debug\cymetadata.o
 .debug_info    0x00000c90      0x2bc .\ARM_GCC_493\Debug\Cm3Start.o
 .debug_info    0x00000f4c      0x446 .\ARM_GCC_493\Debug\Inputs_outputs.a(cyfitter_cfg.o)
 .debug_info    0x00001392      0x259 .\ARM_GCC_493\Debug\Inputs_outputs.a(Clock_1.o)
 .debug_info    0x000015eb     0x12c3 .\ARM_GCC_493\Debug\Inputs_outputs.a(TFTSHIELD_1.o)
 .debug_info    0x000028ae      0x406 .\ARM_GCC_493\Debug\Inputs_outputs.a(TFTSHIELD_1_SPIM_1.o)
 .debug_info    0x00002cb4       0xaa .\ARM_GCC_493\Debug\Inputs_outputs.a(TFTSHIELD_1_SPIM_1_INT.o)
 .debug_info    0x00002d5e       0xd5 .\ARM_GCC_493\Debug\Inputs_outputs.a(TFTSHIELD_1_CR_1.o)
 .debug_info    0x00002e33      0xb90 .\ARM_GCC_493\Debug\Inputs_outputs.a(CyLib.o)
 .debug_info    0x000039c3      0x534 .\ARM_GCC_493\Debug\Inputs_outputs.a(cyPm.o)
 .debug_info    0x00003ef7      0x139 .\ARM_GCC_493\Debug\Inputs_outputs.a(Seven_Segment_Register.o)
 .debug_info    0x00004030       0xd5 .\ARM_GCC_493\Debug\Inputs_outputs.a(PushButton_Register.o)
 .debug_info    0x00004105       0xd5 .\ARM_GCC_493\Debug\Inputs_outputs.a(Switch_Register.o)
 .debug_info    0x000041da      0x139 .\ARM_GCC_493\Debug\Inputs_outputs.a(LED_Register.o)
 .debug_info    0x00004313       0x94 .\ARM_GCC_493\Debug\Inputs_outputs.a(CyBootAsmGnu.o)
 .debug_info    0x000043a7      0x314 .\ARM_GCC_493\Debug\Inputs_outputs.a(CyFlash.o)
 .debug_info    0x000046bb      0x3a2 .\ARM_GCC_493\Debug\Inputs_outputs.a(CySpc.o)

.debug_abbrev   0x00000000     0x12ff
 *(.debug_abbrev)
 .debug_abbrev  0x00000000      0x1c6 .\ARM_GCC_493\Debug\main.o
 .debug_abbrev  0x000001c6       0x66 .\ARM_GCC_493\Debug\cymetadata.o
 .debug_abbrev  0x0000022c      0x173 .\ARM_GCC_493\Debug\Cm3Start.o
 .debug_abbrev  0x0000039f      0x1b7 .\ARM_GCC_493\Debug\Inputs_outputs.a(cyfitter_cfg.o)
 .debug_abbrev  0x00000556      0x11d .\ARM_GCC_493\Debug\Inputs_outputs.a(Clock_1.o)
 .debug_abbrev  0x00000673      0x1c9 .\ARM_GCC_493\Debug\Inputs_outputs.a(TFTSHIELD_1.o)
 .debug_abbrev  0x0000083c      0x156 .\ARM_GCC_493\Debug\Inputs_outputs.a(TFTSHIELD_1_SPIM_1.o)
 .debug_abbrev  0x00000992       0x42 .\ARM_GCC_493\Debug\Inputs_outputs.a(TFTSHIELD_1_SPIM_1_INT.o)
 .debug_abbrev  0x000009d4       0x81 .\ARM_GCC_493\Debug\Inputs_outputs.a(TFTSHIELD_1_CR_1.o)
 .debug_abbrev  0x00000a55      0x205 .\ARM_GCC_493\Debug\Inputs_outputs.a(CyLib.o)
 .debug_abbrev  0x00000c5a      0x16e .\ARM_GCC_493\Debug\Inputs_outputs.a(cyPm.o)
 .debug_abbrev  0x00000dc8       0xaa .\ARM_GCC_493\Debug\Inputs_outputs.a(Seven_Segment_Register.o)
 .debug_abbrev  0x00000e72       0x81 .\ARM_GCC_493\Debug\Inputs_outputs.a(PushButton_Register.o)
 .debug_abbrev  0x00000ef3       0x81 .\ARM_GCC_493\Debug\Inputs_outputs.a(Switch_Register.o)
 .debug_abbrev  0x00000f74       0xaa .\ARM_GCC_493\Debug\Inputs_outputs.a(LED_Register.o)
 .debug_abbrev  0x0000101e       0x14 .\ARM_GCC_493\Debug\Inputs_outputs.a(CyBootAsmGnu.o)
 .debug_abbrev  0x00001032      0x170 .\ARM_GCC_493\Debug\Inputs_outputs.a(CyFlash.o)
 .debug_abbrev  0x000011a2      0x15d .\ARM_GCC_493\Debug\Inputs_outputs.a(CySpc.o)

.debug_line     0x00000000     0x26f3
 *(.debug_line)
 .debug_line    0x00000000      0x55f .\ARM_GCC_493\Debug\main.o
 .debug_line    0x0000055f       0x51 .\ARM_GCC_493\Debug\cymetadata.o
 .debug_line    0x000005b0      0x1a8 .\ARM_GCC_493\Debug\Cm3Start.o
 .debug_line    0x00000758      0x219 .\ARM_GCC_493\Debug\Inputs_outputs.a(cyfitter_cfg.o)
 .debug_line    0x00000971      0x1a2 .\ARM_GCC_493\Debug\Inputs_outputs.a(Clock_1.o)
 .debug_line    0x00000b13      0x801 .\ARM_GCC_493\Debug\Inputs_outputs.a(TFTSHIELD_1.o)
 .debug_line    0x00001314      0x276 .\ARM_GCC_493\Debug\Inputs_outputs.a(TFTSHIELD_1_SPIM_1.o)
 .debug_line    0x0000158a       0x75 .\ARM_GCC_493\Debug\Inputs_outputs.a(TFTSHIELD_1_SPIM_1_INT.o)
 .debug_line    0x000015ff       0x79 .\ARM_GCC_493\Debug\Inputs_outputs.a(TFTSHIELD_1_CR_1.o)
 .debug_line    0x00001678      0x707 .\ARM_GCC_493\Debug\Inputs_outputs.a(CyLib.o)
 .debug_line    0x00001d7f      0x36d .\ARM_GCC_493\Debug\Inputs_outputs.a(cyPm.o)
 .debug_line    0x000020ec       0xb9 .\ARM_GCC_493\Debug\Inputs_outputs.a(Seven_Segment_Register.o)
 .debug_line    0x000021a5       0x7c .\ARM_GCC_493\Debug\Inputs_outputs.a(PushButton_Register.o)
 .debug_line    0x00002221       0x78 .\ARM_GCC_493\Debug\Inputs_outputs.a(Switch_Register.o)
 .debug_line    0x00002299       0xaf .\ARM_GCC_493\Debug\Inputs_outputs.a(LED_Register.o)
 .debug_line    0x00002348       0x66 .\ARM_GCC_493\Debug\Inputs_outputs.a(CyBootAsmGnu.o)
 .debug_line    0x000023ae      0x199 .\ARM_GCC_493\Debug\Inputs_outputs.a(CyFlash.o)
 .debug_line    0x00002547      0x1ac .\ARM_GCC_493\Debug\Inputs_outputs.a(CySpc.o)

.debug_frame    0x00000000     0x2778
 *(.debug_frame)
 .debug_frame   0x00000000      0x33c .\ARM_GCC_493\Debug\main.o
 .debug_frame   0x0000033c       0xac .\ARM_GCC_493\Debug\Cm3Start.o
 .debug_frame   0x000003e8      0x16c .\ARM_GCC_493\Debug\Inputs_outputs.a(cyfitter_cfg.o)
 .debug_frame   0x00000554      0x1b4 .\ARM_GCC_493\Debug\Inputs_outputs.a(Clock_1.o)
 .debug_frame   0x00000708      0x81c .\ARM_GCC_493\Debug\Inputs_outputs.a(TFTSHIELD_1.o)
 .debug_frame   0x00000f24      0x38c .\ARM_GCC_493\Debug\Inputs_outputs.a(TFTSHIELD_1_SPIM_1.o)
 .debug_frame   0x000012b0       0x58 .\ARM_GCC_493\Debug\Inputs_outputs.a(TFTSHIELD_1_SPIM_1_INT.o)
 .debug_frame   0x00001308       0x5c .\ARM_GCC_493\Debug\Inputs_outputs.a(TFTSHIELD_1_CR_1.o)
 .debug_frame   0x00001364      0x9a8 .\ARM_GCC_493\Debug\Inputs_outputs.a(CyLib.o)
 .debug_frame   0x00001d0c      0x218 .\ARM_GCC_493\Debug\Inputs_outputs.a(cyPm.o)
 .debug_frame   0x00001f24       0xd0 .\ARM_GCC_493\Debug\Inputs_outputs.a(Seven_Segment_Register.o)
 .debug_frame   0x00001ff4       0x5c .\ARM_GCC_493\Debug\Inputs_outputs.a(PushButton_Register.o)
 .debug_frame   0x00002050       0x5c .\ARM_GCC_493\Debug\Inputs_outputs.a(Switch_Register.o)
 .debug_frame   0x000020ac       0xd0 .\ARM_GCC_493\Debug\Inputs_outputs.a(LED_Register.o)
 .debug_frame   0x0000217c      0x1d0 .\ARM_GCC_493\Debug\Inputs_outputs.a(CyFlash.o)
 .debug_frame   0x0000234c      0x1a8 .\ARM_GCC_493\Debug\Inputs_outputs.a(CySpc.o)
 .debug_frame   0x000024f4       0x28 c:/program files (x86)/cypress/psoc creator/4.0/psoc creator/import/gnu/arm/4.9.3/bin/../lib/gcc/arm-none-eabi/4.9.3/../../../../arm-none-eabi/lib/armv7-m\libg_nano.a(lib_a-exit.o)
 .debug_frame   0x0000251c       0x2c c:/program files (x86)/cypress/psoc creator/4.0/psoc creator/import/gnu/arm/4.9.3/bin/../lib/gcc/arm-none-eabi/4.9.3/../../../../arm-none-eabi/lib/armv7-m\libg_nano.a(lib_a-init.o)
 .debug_frame   0x00002548       0x28 c:/program files (x86)/cypress/psoc creator/4.0/psoc creator/import/gnu/arm/4.9.3/bin/../lib/gcc/arm-none-eabi/4.9.3/../../../../arm-none-eabi/lib/armv7-m\libg_nano.a(lib_a-memcpy.o)
 .debug_frame   0x00002570       0x20 c:/program files (x86)/cypress/psoc creator/4.0/psoc creator/import/gnu/arm/4.9.3/bin/../lib/gcc/arm-none-eabi/4.9.3/../../../../arm-none-eabi/lib/armv7-m\libg_nano.a(lib_a-memset.o)
 .debug_frame   0x00002590       0x20 c:/program files (x86)/cypress/psoc creator/4.0/psoc creator/import/gnu/arm/4.9.3/bin/../lib/gcc/arm-none-eabi/4.9.3/../../../../arm-none-eabi/lib/armv7-m\libg_nano.a(lib_a-strcpy.o)
 .debug_frame   0x000025b0       0x20 c:/program files (x86)/cypress/psoc creator/4.0/psoc creator/import/gnu/arm/4.9.3/bin/../lib/gcc/arm-none-eabi/4.9.3/../../../../arm-none-eabi/lib/armv7-m\libg_nano.a(lib_a-strlen.o)
 .debug_frame   0x000025d0       0x38 c:/program files (x86)/cypress/psoc creator/4.0/psoc creator/import/gnu/arm/4.9.3/bin/../lib/gcc/arm-none-eabi/4.9.3/../../../../arm-none-eabi/lib/armv7-m\libg_nano.a(lib_a-strtok.o)
 .debug_frame   0x00002608       0x40 c:/program files (x86)/cypress/psoc creator/4.0/psoc creator/import/gnu/arm/4.9.3/bin/../lib/gcc/arm-none-eabi/4.9.3/../../../../arm-none-eabi/lib/armv7-m\libg_nano.a(lib_a-strtok_r.o)
 .debug_frame   0x00002648       0x30 c:/program files (x86)/cypress/psoc creator/4.0/psoc creator/import/gnu/arm/4.9.3/bin/../lib/gcc/arm-none-eabi/4.9.3/../../../../arm-none-eabi/lib/armv7-m\libg_nano.a(lib_a-malloc.o)
 .debug_frame   0x00002678       0x2c c:/program files (x86)/cypress/psoc creator/4.0/psoc creator/import/gnu/arm/4.9.3/bin/../lib/gcc/arm-none-eabi/4.9.3/../../../../arm-none-eabi/lib/armv7-m\libg_nano.a(lib_a-nano-freer.o)
 .debug_frame   0x000026a4       0x2c c:/program files (x86)/cypress/psoc creator/4.0/psoc creator/import/gnu/arm/4.9.3/bin/../lib/gcc/arm-none-eabi/4.9.3/../../../../arm-none-eabi/lib/armv7-m\libg_nano.a(lib_a-nano-mallocr.o)
 .debug_frame   0x000026d0       0x2c c:/program files (x86)/cypress/psoc creator/4.0/psoc creator/import/gnu/arm/4.9.3/bin/../lib/gcc/arm-none-eabi/4.9.3/../../../../arm-none-eabi/lib/armv7-m\libg_nano.a(lib_a-sbrkr.o)
 .debug_frame   0x000026fc       0x5c c:/program files (x86)/cypress/psoc creator/4.0/psoc creator/import/gnu/arm/4.9.3/bin/../lib/gcc/arm-none-eabi/4.9.3/../../../../arm-none-eabi/lib/armv7-m\libg_nano.a(lib_a-reent.o)
 .debug_frame   0x00002758       0x20 c:/program files (x86)/cypress/psoc creator/4.0/psoc creator/import/gnu/arm/4.9.3/bin/../lib/gcc/arm-none-eabi/4.9.3/../../../../arm-none-eabi/lib/armv7-m\libnosys.a(sbrk.o)

.debug_str      0x00000000     0x20ed
 *(.debug_str)
 .debug_str     0x00000000      0x457 .\ARM_GCC_493\Debug\main.o
                                0x4e9 (size before relaxing)
 .debug_str     0x00000457       0x75 .\ARM_GCC_493\Debug\cymetadata.o
                                0x1ee (size before relaxing)
 .debug_str     0x000004cc      0x117 .\ARM_GCC_493\Debug\Cm3Start.o
                                0x2aa (size before relaxing)
 .debug_str     0x000005e3      0x18a .\ARM_GCC_493\Debug\Inputs_outputs.a(cyfitter_cfg.o)
                                0x330 (size before relaxing)
 .debug_str     0x0000076d      0x162 .\ARM_GCC_493\Debug\Inputs_outputs.a(Clock_1.o)
                                0x2f2 (size before relaxing)
 .debug_str     0x000008cf      0x66e .\ARM_GCC_493\Debug\Inputs_outputs.a(TFTSHIELD_1.o)
                                0x8a2 (size before relaxing)
 .debug_str     0x00000f3d      0x335 .\ARM_GCC_493\Debug\Inputs_outputs.a(TFTSHIELD_1_SPIM_1.o)
                                0x545 (size before relaxing)
 .debug_str     0x00001272       0x64 .\ARM_GCC_493\Debug\Inputs_outputs.a(TFTSHIELD_1_SPIM_1_INT.o)
                                0x1d7 (size before relaxing)
 .debug_str     0x000012d6       0x32 .\ARM_GCC_493\Debug\Inputs_outputs.a(TFTSHIELD_1_CR_1.o)
                                0x1d4 (size before relaxing)
 .debug_str     0x00001308      0x62d .\ARM_GCC_493\Debug\Inputs_outputs.a(CyLib.o)
                                0x810 (size before relaxing)
 .debug_str     0x00001935      0x365 .\ARM_GCC_493\Debug\Inputs_outputs.a(cyPm.o)
                                0x51f (size before relaxing)
 .debug_str     0x00001c9a       0xdc .\ARM_GCC_493\Debug\Inputs_outputs.a(Seven_Segment_Register.o)
                                0x26e (size before relaxing)
 .debug_str     0x00001d76       0x60 .\ARM_GCC_493\Debug\Inputs_outputs.a(PushButton_Register.o)
                                0x1dd (size before relaxing)
 .debug_str     0x00001dd6       0x54 .\ARM_GCC_493\Debug\Inputs_outputs.a(Switch_Register.o)
                                0x1d1 (size before relaxing)
 .debug_str     0x00001e2a       0xa0 .\ARM_GCC_493\Debug\Inputs_outputs.a(LED_Register.o)
                                0x232 (size before relaxing)
 .debug_str     0x00001eca      0x127 .\ARM_GCC_493\Debug\Inputs_outputs.a(CyFlash.o)
                                0x2e5 (size before relaxing)
 .debug_str     0x00001ff1       0xfc .\ARM_GCC_493\Debug\Inputs_outputs.a(CySpc.o)
                                0x2c1 (size before relaxing)

.debug_loc
 *(.debug_loc)

.debug_macinfo
 *(.debug_macinfo)

.debug_ranges   0x00000000      0x7e8
 *(.debug_ranges)
 .debug_ranges  0x00000000       0x98 .\ARM_GCC_493\Debug\main.o
 .debug_ranges  0x00000098       0x30 .\ARM_GCC_493\Debug\Cm3Start.o
 .debug_ranges  0x000000c8       0x50 .\ARM_GCC_493\Debug\Inputs_outputs.a(cyfitter_cfg.o)
 .debug_ranges  0x00000118       0x60 .\ARM_GCC_493\Debug\Inputs_outputs.a(Clock_1.o)
 .debug_ranges  0x00000178      0x1a0 .\ARM_GCC_493\Debug\Inputs_outputs.a(TFTSHIELD_1.o)
 .debug_ranges  0x00000318       0xc8 .\ARM_GCC_493\Debug\Inputs_outputs.a(TFTSHIELD_1_SPIM_1.o)
 .debug_ranges  0x000003e0       0x18 .\ARM_GCC_493\Debug\Inputs_outputs.a(TFTSHIELD_1_SPIM_1_INT.o)
 .debug_ranges  0x000003f8       0x18 .\ARM_GCC_493\Debug\Inputs_outputs.a(TFTSHIELD_1_CR_1.o)
 .debug_ranges  0x00000410      0x208 .\ARM_GCC_493\Debug\Inputs_outputs.a(CyLib.o)
 .debug_ranges  0x00000618       0x80 .\ARM_GCC_493\Debug\Inputs_outputs.a(cyPm.o)
 .debug_ranges  0x00000698       0x30 .\ARM_GCC_493\Debug\Inputs_outputs.a(Seven_Segment_Register.o)
 .debug_ranges  0x000006c8       0x18 .\ARM_GCC_493\Debug\Inputs_outputs.a(PushButton_Register.o)
 .debug_ranges  0x000006e0       0x18 .\ARM_GCC_493\Debug\Inputs_outputs.a(Switch_Register.o)
 .debug_ranges  0x000006f8       0x30 .\ARM_GCC_493\Debug\Inputs_outputs.a(LED_Register.o)
 .debug_ranges  0x00000728       0x68 .\ARM_GCC_493\Debug\Inputs_outputs.a(CyFlash.o)
 .debug_ranges  0x00000790       0x58 .\ARM_GCC_493\Debug\Inputs_outputs.a(CySpc.o)

.comment        0x00000000       0x70
 .comment       0x00000000       0x70 .\ARM_GCC_493\Debug\main.o
                                 0x71 (size before relaxing)
 .comment       0x00000000       0x71 .\ARM_GCC_493\Debug\cymetadata.o
 .comment       0x00000000       0x71 .\ARM_GCC_493\Debug\Cm3Start.o
 .comment       0x00000000       0x71 .\ARM_GCC_493\Debug\Inputs_outputs.a(cyfitter_cfg.o)
 .comment       0x00000000       0x71 .\ARM_GCC_493\Debug\Inputs_outputs.a(Clock_1.o)
 .comment       0x00000000       0x71 .\ARM_GCC_493\Debug\Inputs_outputs.a(TFTSHIELD_1.o)
 .comment       0x00000000       0x71 .\ARM_GCC_493\Debug\Inputs_outputs.a(TFTSHIELD_1_SPIM_1.o)
 .comment       0x00000000       0x71 .\ARM_GCC_493\Debug\Inputs_outputs.a(TFTSHIELD_1_SPIM_1_INT.o)
 .comment       0x00000000       0x71 .\ARM_GCC_493\Debug\Inputs_outputs.a(TFTSHIELD_1_CR_1.o)
 .comment       0x00000000       0x71 .\ARM_GCC_493\Debug\Inputs_outputs.a(CyLib.o)
 .comment       0x00000000       0x71 .\ARM_GCC_493\Debug\Inputs_outputs.a(cyPm.o)
 .comment       0x00000000       0x71 .\ARM_GCC_493\Debug\Inputs_outputs.a(Seven_Segment_Register.o)
 .comment       0x00000000       0x71 .\ARM_GCC_493\Debug\Inputs_outputs.a(PushButton_Register.o)
 .comment       0x00000000       0x71 .\ARM_GCC_493\Debug\Inputs_outputs.a(Switch_Register.o)
 .comment       0x00000000       0x71 .\ARM_GCC_493\Debug\Inputs_outputs.a(LED_Register.o)
 .comment       0x00000000       0x71 .\ARM_GCC_493\Debug\Inputs_outputs.a(CyFlash.o)
 .comment       0x00000000       0x71 .\ARM_GCC_493\Debug\Inputs_outputs.a(CySpc.o)

.debug_weaknames
 *(.debug_weaknames)

.debug_funcnames
 *(.debug_funcnames)

.debug_typenames
 *(.debug_typenames)

.debug_varnames
 *(.debug_varnames)

.note.gnu.arm.ident
 *(.note.gnu.arm.ident)

.ARM.attributes
                0x00000000       0x29
 *(.ARM.attributes)
 .ARM.attributes
                0x00000000       0x1d c:/program files (x86)/cypress/psoc creator/4.0/psoc creator/import/gnu/arm/4.9.3/bin/../lib/gcc/arm-none-eabi/4.9.3/armv7-m/crti.o
 .ARM.attributes
                0x0000001d       0x2d c:/program files (x86)/cypress/psoc creator/4.0/psoc creator/import/gnu/arm/4.9.3/bin/../lib/gcc/arm-none-eabi/4.9.3/armv7-m/crtbegin.o
 .ARM.attributes
                0x0000004a       0x1b c:/program files (x86)/cypress/psoc creator/4.0/psoc creator/import/gnu/arm/4.9.3/bin/../lib/gcc/arm-none-eabi/4.9.3/../../../../arm-none-eabi/lib/armv7-m/crt0.o
 .ARM.attributes
                0x00000065       0x33 .\ARM_GCC_493\Debug\main.o
 .ARM.attributes
                0x00000098       0x33 .\ARM_GCC_493\Debug\cymetadata.o
 .ARM.attributes
                0x000000cb       0x33 .\ARM_GCC_493\Debug\Cm3Start.o
 .ARM.attributes
                0x000000fe       0x33 .\ARM_GCC_493\Debug\Inputs_outputs.a(cyfitter_cfg.o)
 .ARM.attributes
                0x00000131       0x33 .\ARM_GCC_493\Debug\Inputs_outputs.a(Clock_1.o)
 .ARM.attributes
                0x00000164       0x33 .\ARM_GCC_493\Debug\Inputs_outputs.a(TFTSHIELD_1.o)
 .ARM.attributes
                0x00000197       0x33 .\ARM_GCC_493\Debug\Inputs_outputs.a(TFTSHIELD_1_SPIM_1.o)
 .ARM.attributes
                0x000001ca       0x33 .\ARM_GCC_493\Debug\Inputs_outputs.a(TFTSHIELD_1_SPIM_1_INT.o)
 .ARM.attributes
                0x000001fd       0x33 .\ARM_GCC_493\Debug\Inputs_outputs.a(TFTSHIELD_1_CR_1.o)
 .ARM.attributes
                0x00000230       0x33 .\ARM_GCC_493\Debug\Inputs_outputs.a(CyLib.o)
 .ARM.attributes
                0x00000263       0x33 .\ARM_GCC_493\Debug\Inputs_outputs.a(cyPm.o)
 .ARM.attributes
                0x00000296       0x33 .\ARM_GCC_493\Debug\Inputs_outputs.a(Seven_Segment_Register.o)
 .ARM.attributes
                0x000002c9       0x33 .\ARM_GCC_493\Debug\Inputs_outputs.a(PushButton_Register.o)
 .ARM.attributes
                0x000002fc       0x33 .\ARM_GCC_493\Debug\Inputs_outputs.a(Switch_Register.o)
 .ARM.attributes
                0x0000032f       0x33 .\ARM_GCC_493\Debug\Inputs_outputs.a(LED_Register.o)
 .ARM.attributes
                0x00000362       0x21 .\ARM_GCC_493\Debug\Inputs_outputs.a(CyBootAsmGnu.o)
 .ARM.attributes
                0x00000383       0x33 .\ARM_GCC_493\Debug\Inputs_outputs.a(CyFlash.o)
 .ARM.attributes
                0x000003b6       0x33 .\ARM_GCC_493\Debug\Inputs_outputs.a(CySpc.o)
 .ARM.attributes
                0x000003e9       0x1d c:/program files (x86)/cypress/psoc creator/4.0/psoc creator/import/gnu/arm/4.9.3/bin/../lib/gcc/arm-none-eabi/4.9.3/armv7-m\libgcc.a(_arm_addsubdf3.o)
 .ARM.attributes
                0x00000406       0x1d c:/program files (x86)/cypress/psoc creator/4.0/psoc creator/import/gnu/arm/4.9.3/bin/../lib/gcc/arm-none-eabi/4.9.3/armv7-m\libgcc.a(_arm_muldivdf3.o)
 .ARM.attributes
                0x00000423       0x1d c:/program files (x86)/cypress/psoc creator/4.0/psoc creator/import/gnu/arm/4.9.3/bin/../lib/gcc/arm-none-eabi/4.9.3/armv7-m\libgcc.a(_arm_cmpdf2.o)
 .ARM.attributes
                0x00000440       0x1d c:/program files (x86)/cypress/psoc creator/4.0/psoc creator/import/gnu/arm/4.9.3/bin/../lib/gcc/arm-none-eabi/4.9.3/armv7-m\libgcc.a(_arm_fixdfsi.o)
 .ARM.attributes
                0x0000045d       0x1d c:/program files (x86)/cypress/psoc creator/4.0/psoc creator/import/gnu/arm/4.9.3/bin/../lib/gcc/arm-none-eabi/4.9.3/armv7-m\libgcc.a(_arm_addsubsf3.o)
 .ARM.attributes
                0x0000047a       0x1d c:/program files (x86)/cypress/psoc creator/4.0/psoc creator/import/gnu/arm/4.9.3/bin/../lib/gcc/arm-none-eabi/4.9.3/armv7-m\libgcc.a(_arm_muldivsf3.o)
 .ARM.attributes
                0x00000497       0x1d c:/program files (x86)/cypress/psoc creator/4.0/psoc creator/import/gnu/arm/4.9.3/bin/../lib/gcc/arm-none-eabi/4.9.3/armv7-m\libgcc.a(_arm_fixsfsi.o)
 .ARM.attributes
                0x000004b4       0x2d c:/program files (x86)/cypress/psoc creator/4.0/psoc creator/import/gnu/arm/4.9.3/bin/../lib/gcc/arm-none-eabi/4.9.3/../../../../arm-none-eabi/lib/armv7-m\libg_nano.a(lib_a-exit.o)
 .ARM.attributes
                0x000004e1       0x2d c:/program files (x86)/cypress/psoc creator/4.0/psoc creator/import/gnu/arm/4.9.3/bin/../lib/gcc/arm-none-eabi/4.9.3/../../../../arm-none-eabi/lib/armv7-m\libg_nano.a(lib_a-impure.o)
 .ARM.attributes
                0x0000050e       0x2d c:/program files (x86)/cypress/psoc creator/4.0/psoc creator/import/gnu/arm/4.9.3/bin/../lib/gcc/arm-none-eabi/4.9.3/../../../../arm-none-eabi/lib/armv7-m\libg_nano.a(lib_a-init.o)
 .ARM.attributes
                0x0000053b       0x2d c:/program files (x86)/cypress/psoc creator/4.0/psoc creator/import/gnu/arm/4.9.3/bin/../lib/gcc/arm-none-eabi/4.9.3/../../../../arm-none-eabi/lib/armv7-m\libg_nano.a(lib_a-memcpy.o)
 .ARM.attributes
                0x00000568       0x2d c:/program files (x86)/cypress/psoc creator/4.0/psoc creator/import/gnu/arm/4.9.3/bin/../lib/gcc/arm-none-eabi/4.9.3/../../../../arm-none-eabi/lib/armv7-m\libg_nano.a(lib_a-memset.o)
 .ARM.attributes
                0x00000595       0x2d c:/program files (x86)/cypress/psoc creator/4.0/psoc creator/import/gnu/arm/4.9.3/bin/../lib/gcc/arm-none-eabi/4.9.3/../../../../arm-none-eabi/lib/armv7-m\libg_nano.a(lib_a-strcpy.o)
 .ARM.attributes
                0x000005c2       0x2d c:/program files (x86)/cypress/psoc creator/4.0/psoc creator/import/gnu/arm/4.9.3/bin/../lib/gcc/arm-none-eabi/4.9.3/../../../../arm-none-eabi/lib/armv7-m\libg_nano.a(lib_a-strlen.o)
 .ARM.attributes
                0x000005ef       0x2d c:/program files (x86)/cypress/psoc creator/4.0/psoc creator/import/gnu/arm/4.9.3/bin/../lib/gcc/arm-none-eabi/4.9.3/../../../../arm-none-eabi/lib/armv7-m\libg_nano.a(lib_a-strtok.o)
 .ARM.attributes
                0x0000061c       0x2d c:/program files (x86)/cypress/psoc creator/4.0/psoc creator/import/gnu/arm/4.9.3/bin/../lib/gcc/arm-none-eabi/4.9.3/../../../../arm-none-eabi/lib/armv7-m\libg_nano.a(lib_a-strtok_r.o)
 .ARM.attributes
                0x00000649       0x2d c:/program files (x86)/cypress/psoc creator/4.0/psoc creator/import/gnu/arm/4.9.3/bin/../lib/gcc/arm-none-eabi/4.9.3/../../../../arm-none-eabi/lib/armv7-m\libg_nano.a(lib_a-malloc.o)
 .ARM.attributes
                0x00000676       0x2d c:/program files (x86)/cypress/psoc creator/4.0/psoc creator/import/gnu/arm/4.9.3/bin/../lib/gcc/arm-none-eabi/4.9.3/../../../../arm-none-eabi/lib/armv7-m\libg_nano.a(lib_a-nano-freer.o)
 .ARM.attributes
                0x000006a3       0x2d c:/program files (x86)/cypress/psoc creator/4.0/psoc creator/import/gnu/arm/4.9.3/bin/../lib/gcc/arm-none-eabi/4.9.3/../../../../arm-none-eabi/lib/armv7-m\libg_nano.a(lib_a-nano-mallocr.o)
 .ARM.attributes
                0x000006d0       0x2d c:/program files (x86)/cypress/psoc creator/4.0/psoc creator/import/gnu/arm/4.9.3/bin/../lib/gcc/arm-none-eabi/4.9.3/../../../../arm-none-eabi/lib/armv7-m\libg_nano.a(lib_a-sbrkr.o)
 .ARM.attributes
                0x000006fd       0x2d c:/program files (x86)/cypress/psoc creator/4.0/psoc creator/import/gnu/arm/4.9.3/bin/../lib/gcc/arm-none-eabi/4.9.3/../../../../arm-none-eabi/lib/armv7-m\libg_nano.a(lib_a-reent.o)
 .ARM.attributes
                0x0000072a       0x2d c:/program files (x86)/cypress/psoc creator/4.0/psoc creator/import/gnu/arm/4.9.3/bin/../lib/gcc/arm-none-eabi/4.9.3/armv7-m/crtend.o
 .ARM.attributes
                0x00000757       0x1d c:/program files (x86)/cypress/psoc creator/4.0/psoc creator/import/gnu/arm/4.9.3/bin/../lib/gcc/arm-none-eabi/4.9.3/armv7-m/crtn.o
 .ARM.attributes
                0x00000774       0x2d c:/program files (x86)/cypress/psoc creator/4.0/psoc creator/import/gnu/arm/4.9.3/bin/../lib/gcc/arm-none-eabi/4.9.3/../../../../arm-none-eabi/lib/armv7-m\libnosys.a(sbrk.o)

/DISCARD/
 *(.note.GNU-stack)
OUTPUT(.\ARM_GCC_493\Debug\Inputs_outputs.elf elf32-littlearm)
