ARM GAS  C:\Users\barror2\AppData\Local\Temp\ccHtZiyB.s 			page 1


   1              		.syntax unified
   2              		.cpu cortex-m3
   3              		.fpu softvfp
   4              		.eabi_attribute 20, 1
   5              		.eabi_attribute 21, 1
   6              		.eabi_attribute 23, 3
   7              		.eabi_attribute 24, 1
   8              		.eabi_attribute 25, 1
   9              		.eabi_attribute 26, 1
  10              		.eabi_attribute 30, 6
  11              		.eabi_attribute 34, 1
  12              		.eabi_attribute 18, 4
  13              		.thumb
  14              		.file	"TFTSHIELD_1_SPIM_1_INT.c"
  15              		.text
  16              	.Ltext0:
  17              		.cfi_sections	.debug_frame
  18              		.section	.text.TFTSHIELD_1_SPIM_1_TX_ISR,"ax",%progbits
  19              		.align	2
  20              		.global	TFTSHIELD_1_SPIM_1_TX_ISR
  21              		.thumb
  22              		.thumb_func
  23              		.type	TFTSHIELD_1_SPIM_1_TX_ISR, %function
  24              	TFTSHIELD_1_SPIM_1_TX_ISR:
  25              	.LFB0:
  26              		.file 1 ".\\Generated_Source\\PSoC5\\TFTSHIELD_1_SPIM_1_INT.c"
   1:.\Generated_Source\PSoC5/TFTSHIELD_1_SPIM_1_INT.c **** /*******************************************************************************
   2:.\Generated_Source\PSoC5/TFTSHIELD_1_SPIM_1_INT.c **** * File Name: TFTSHIELD_1_SPIM_1_INT.c
   3:.\Generated_Source\PSoC5/TFTSHIELD_1_SPIM_1_INT.c **** * Version 2.40
   4:.\Generated_Source\PSoC5/TFTSHIELD_1_SPIM_1_INT.c **** *
   5:.\Generated_Source\PSoC5/TFTSHIELD_1_SPIM_1_INT.c **** * Description:
   6:.\Generated_Source\PSoC5/TFTSHIELD_1_SPIM_1_INT.c **** *  This file provides all Interrupt Service Routine (ISR) for the SPI Master
   7:.\Generated_Source\PSoC5/TFTSHIELD_1_SPIM_1_INT.c **** *  component.
   8:.\Generated_Source\PSoC5/TFTSHIELD_1_SPIM_1_INT.c **** *
   9:.\Generated_Source\PSoC5/TFTSHIELD_1_SPIM_1_INT.c **** * Note:
  10:.\Generated_Source\PSoC5/TFTSHIELD_1_SPIM_1_INT.c **** *  None.
  11:.\Generated_Source\PSoC5/TFTSHIELD_1_SPIM_1_INT.c **** *
  12:.\Generated_Source\PSoC5/TFTSHIELD_1_SPIM_1_INT.c **** ********************************************************************************
  13:.\Generated_Source\PSoC5/TFTSHIELD_1_SPIM_1_INT.c **** * Copyright 2008-2012, Cypress Semiconductor Corporation.  All rights reserved.
  14:.\Generated_Source\PSoC5/TFTSHIELD_1_SPIM_1_INT.c **** * You may use this file only in accordance with the license, terms, conditions,
  15:.\Generated_Source\PSoC5/TFTSHIELD_1_SPIM_1_INT.c **** * disclaimers, and limitations in the end user license agreement accompanying
  16:.\Generated_Source\PSoC5/TFTSHIELD_1_SPIM_1_INT.c **** * the software package with which this file was provided.
  17:.\Generated_Source\PSoC5/TFTSHIELD_1_SPIM_1_INT.c **** *******************************************************************************/
  18:.\Generated_Source\PSoC5/TFTSHIELD_1_SPIM_1_INT.c **** 
  19:.\Generated_Source\PSoC5/TFTSHIELD_1_SPIM_1_INT.c **** #include "TFTSHIELD_1_SPIM_1_PVT.h"
  20:.\Generated_Source\PSoC5/TFTSHIELD_1_SPIM_1_INT.c **** 
  21:.\Generated_Source\PSoC5/TFTSHIELD_1_SPIM_1_INT.c **** /* User code required at start of ISR */
  22:.\Generated_Source\PSoC5/TFTSHIELD_1_SPIM_1_INT.c **** /* `#START TFTSHIELD_1_SPIM_1_ISR_START_DEF` */
  23:.\Generated_Source\PSoC5/TFTSHIELD_1_SPIM_1_INT.c **** 
  24:.\Generated_Source\PSoC5/TFTSHIELD_1_SPIM_1_INT.c **** /* `#END` */
  25:.\Generated_Source\PSoC5/TFTSHIELD_1_SPIM_1_INT.c **** 
  26:.\Generated_Source\PSoC5/TFTSHIELD_1_SPIM_1_INT.c **** 
  27:.\Generated_Source\PSoC5/TFTSHIELD_1_SPIM_1_INT.c **** /*******************************************************************************
  28:.\Generated_Source\PSoC5/TFTSHIELD_1_SPIM_1_INT.c **** * Function Name: TFTSHIELD_1_SPIM_1_TX_ISR
  29:.\Generated_Source\PSoC5/TFTSHIELD_1_SPIM_1_INT.c **** ********************************************************************************
  30:.\Generated_Source\PSoC5/TFTSHIELD_1_SPIM_1_INT.c **** *
  31:.\Generated_Source\PSoC5/TFTSHIELD_1_SPIM_1_INT.c **** * Summary:
ARM GAS  C:\Users\barror2\AppData\Local\Temp\ccHtZiyB.s 			page 2


  32:.\Generated_Source\PSoC5/TFTSHIELD_1_SPIM_1_INT.c **** *  Interrupt Service Routine for TX portion of the SPI Master.
  33:.\Generated_Source\PSoC5/TFTSHIELD_1_SPIM_1_INT.c **** *
  34:.\Generated_Source\PSoC5/TFTSHIELD_1_SPIM_1_INT.c **** * Parameters:
  35:.\Generated_Source\PSoC5/TFTSHIELD_1_SPIM_1_INT.c **** *  None.
  36:.\Generated_Source\PSoC5/TFTSHIELD_1_SPIM_1_INT.c **** *
  37:.\Generated_Source\PSoC5/TFTSHIELD_1_SPIM_1_INT.c **** * Return:
  38:.\Generated_Source\PSoC5/TFTSHIELD_1_SPIM_1_INT.c **** *  None.
  39:.\Generated_Source\PSoC5/TFTSHIELD_1_SPIM_1_INT.c **** *
  40:.\Generated_Source\PSoC5/TFTSHIELD_1_SPIM_1_INT.c **** * Global variables:
  41:.\Generated_Source\PSoC5/TFTSHIELD_1_SPIM_1_INT.c **** *  TFTSHIELD_1_SPIM_1_txBufferWrite - used for the account of the bytes which
  42:.\Generated_Source\PSoC5/TFTSHIELD_1_SPIM_1_INT.c **** *  have been written down in the TX software buffer.
  43:.\Generated_Source\PSoC5/TFTSHIELD_1_SPIM_1_INT.c **** *  TFTSHIELD_1_SPIM_1_txBufferRead - used for the account of the bytes which
  44:.\Generated_Source\PSoC5/TFTSHIELD_1_SPIM_1_INT.c **** *  have been read from the TX software buffer, modified when exist data to
  45:.\Generated_Source\PSoC5/TFTSHIELD_1_SPIM_1_INT.c **** *  sending and FIFO Not Full.
  46:.\Generated_Source\PSoC5/TFTSHIELD_1_SPIM_1_INT.c **** *  TFTSHIELD_1_SPIM_1_txBuffer[TFTSHIELD_1_SPIM_1_TX_BUFFER_SIZE] - used to store
  47:.\Generated_Source\PSoC5/TFTSHIELD_1_SPIM_1_INT.c **** *  data to sending.
  48:.\Generated_Source\PSoC5/TFTSHIELD_1_SPIM_1_INT.c **** *  All described above Global variables are used when Software Buffer is used.
  49:.\Generated_Source\PSoC5/TFTSHIELD_1_SPIM_1_INT.c **** *
  50:.\Generated_Source\PSoC5/TFTSHIELD_1_SPIM_1_INT.c **** *******************************************************************************/
  51:.\Generated_Source\PSoC5/TFTSHIELD_1_SPIM_1_INT.c **** CY_ISR(TFTSHIELD_1_SPIM_1_TX_ISR)
  52:.\Generated_Source\PSoC5/TFTSHIELD_1_SPIM_1_INT.c **** {
  27              		.loc 1 52 0
  28              		.cfi_startproc
  29              		@ args = 0, pretend = 0, frame = 8
  30              		@ frame_needed = 1, uses_anonymous_args = 0
  31              		@ link register save eliminated.
  32 0000 80B4     		push	{r7}
  33              	.LCFI0:
  34              		.cfi_def_cfa_offset 4
  35              		.cfi_offset 7, -4
  36 0002 83B0     		sub	sp, sp, #12
  37              	.LCFI1:
  38              		.cfi_def_cfa_offset 16
  39 0004 00AF     		add	r7, sp, #0
  40              	.LCFI2:
  41              		.cfi_def_cfa_register 7
  53:.\Generated_Source\PSoC5/TFTSHIELD_1_SPIM_1_INT.c ****     #if(TFTSHIELD_1_SPIM_1_TX_SOFTWARE_BUF_ENABLED)
  54:.\Generated_Source\PSoC5/TFTSHIELD_1_SPIM_1_INT.c ****         uint8 tmpStatus;
  55:.\Generated_Source\PSoC5/TFTSHIELD_1_SPIM_1_INT.c ****     #endif /* (TFTSHIELD_1_SPIM_1_TX_SOFTWARE_BUF_ENABLED) */
  56:.\Generated_Source\PSoC5/TFTSHIELD_1_SPIM_1_INT.c **** 
  57:.\Generated_Source\PSoC5/TFTSHIELD_1_SPIM_1_INT.c ****     /* User code required at start of ISR */
  58:.\Generated_Source\PSoC5/TFTSHIELD_1_SPIM_1_INT.c ****     /* `#START TFTSHIELD_1_SPIM_1_TX_ISR_START` */
  59:.\Generated_Source\PSoC5/TFTSHIELD_1_SPIM_1_INT.c **** 
  60:.\Generated_Source\PSoC5/TFTSHIELD_1_SPIM_1_INT.c ****     /* `#END` */
  61:.\Generated_Source\PSoC5/TFTSHIELD_1_SPIM_1_INT.c **** 
  62:.\Generated_Source\PSoC5/TFTSHIELD_1_SPIM_1_INT.c ****     #if(TFTSHIELD_1_SPIM_1_TX_SOFTWARE_BUF_ENABLED)
  63:.\Generated_Source\PSoC5/TFTSHIELD_1_SPIM_1_INT.c ****         /* Check if TX data buffer is not empty and there is space in TX FIFO */
  64:.\Generated_Source\PSoC5/TFTSHIELD_1_SPIM_1_INT.c ****         while(TFTSHIELD_1_SPIM_1_txBufferRead != TFTSHIELD_1_SPIM_1_txBufferWrite)
  42              		.loc 1 64 0
  43 0006 5FE0     		b	.L2
  44              	.L7:
  65:.\Generated_Source\PSoC5/TFTSHIELD_1_SPIM_1_INT.c ****         {
  66:.\Generated_Source\PSoC5/TFTSHIELD_1_SPIM_1_INT.c ****             tmpStatus = TFTSHIELD_1_SPIM_1_GET_STATUS_TX(TFTSHIELD_1_SPIM_1_swStatusTx);
  45              		.loc 1 66 0
  46 0008 46F26E43 		movw	r3, #25710
  47 000c C4F20003 		movt	r3, 16384
  48 0010 1B78     		ldrb	r3, [r3, #0]
ARM GAS  C:\Users\barror2\AppData\Local\Temp\ccHtZiyB.s 			page 3


  49 0012 DAB2     		uxtb	r2, r3
  50 0014 40F20003 		movw	r3, #:lower16:TFTSHIELD_1_SPIM_1_swStatusTx
  51 0018 C0F20003 		movt	r3, #:upper16:TFTSHIELD_1_SPIM_1_swStatusTx
  52 001c 1B78     		ldrb	r3, [r3, #0]
  53 001e DBB2     		uxtb	r3, r3
  54 0020 03F00903 		and	r3, r3, #9
  55 0024 DBB2     		uxtb	r3, r3
  56 0026 1343     		orrs	r3, r3, r2
  57 0028 FB71     		strb	r3, [r7, #7]
  67:.\Generated_Source\PSoC5/TFTSHIELD_1_SPIM_1_INT.c ****             TFTSHIELD_1_SPIM_1_swStatusTx = tmpStatus;
  58              		.loc 1 67 0
  59 002a 40F20003 		movw	r3, #:lower16:TFTSHIELD_1_SPIM_1_swStatusTx
  60 002e C0F20003 		movt	r3, #:upper16:TFTSHIELD_1_SPIM_1_swStatusTx
  61 0032 FA79     		ldrb	r2, [r7, #7]
  62 0034 1A70     		strb	r2, [r3, #0]
  68:.\Generated_Source\PSoC5/TFTSHIELD_1_SPIM_1_INT.c **** 
  69:.\Generated_Source\PSoC5/TFTSHIELD_1_SPIM_1_INT.c ****             if(0u != (TFTSHIELD_1_SPIM_1_swStatusTx & TFTSHIELD_1_SPIM_1_STS_TX_FIFO_NOT_FULL))
  63              		.loc 1 69 0
  64 0036 40F20003 		movw	r3, #:lower16:TFTSHIELD_1_SPIM_1_swStatusTx
  65 003a C0F20003 		movt	r3, #:upper16:TFTSHIELD_1_SPIM_1_swStatusTx
  66 003e 1B78     		ldrb	r3, [r3, #0]
  67 0040 DBB2     		uxtb	r3, r3
  68 0042 03F00403 		and	r3, r3, #4
  69 0046 002B     		cmp	r3, #0
  70 0048 4DD0     		beq	.L9
  70:.\Generated_Source\PSoC5/TFTSHIELD_1_SPIM_1_INT.c ****             {
  71:.\Generated_Source\PSoC5/TFTSHIELD_1_SPIM_1_INT.c ****                 if(0u == TFTSHIELD_1_SPIM_1_txBufferFull)
  71              		.loc 1 71 0
  72 004a 40F20003 		movw	r3, #:lower16:TFTSHIELD_1_SPIM_1_txBufferFull
  73 004e C0F20003 		movt	r3, #:upper16:TFTSHIELD_1_SPIM_1_txBufferFull
  74 0052 1B78     		ldrb	r3, [r3, #0]
  75 0054 DBB2     		uxtb	r3, r3
  76 0056 002B     		cmp	r3, #0
  77 0058 1DD1     		bne	.L4
  72:.\Generated_Source\PSoC5/TFTSHIELD_1_SPIM_1_INT.c ****                 {
  73:.\Generated_Source\PSoC5/TFTSHIELD_1_SPIM_1_INT.c ****                    TFTSHIELD_1_SPIM_1_txBufferRead++;
  78              		.loc 1 73 0
  79 005a 40F20003 		movw	r3, #:lower16:TFTSHIELD_1_SPIM_1_txBufferRead
  80 005e C0F20003 		movt	r3, #:upper16:TFTSHIELD_1_SPIM_1_txBufferRead
  81 0062 1B78     		ldrb	r3, [r3, #0]
  82 0064 DBB2     		uxtb	r3, r3
  83 0066 03F10103 		add	r3, r3, #1
  84 006a DAB2     		uxtb	r2, r3
  85 006c 40F20003 		movw	r3, #:lower16:TFTSHIELD_1_SPIM_1_txBufferRead
  86 0070 C0F20003 		movt	r3, #:upper16:TFTSHIELD_1_SPIM_1_txBufferRead
  87 0074 1A70     		strb	r2, [r3, #0]
  74:.\Generated_Source\PSoC5/TFTSHIELD_1_SPIM_1_INT.c **** 
  75:.\Generated_Source\PSoC5/TFTSHIELD_1_SPIM_1_INT.c ****                     if(TFTSHIELD_1_SPIM_1_txBufferRead >= TFTSHIELD_1_SPIM_1_TX_BUFFER_SIZE)
  88              		.loc 1 75 0
  89 0076 40F20003 		movw	r3, #:lower16:TFTSHIELD_1_SPIM_1_txBufferRead
  90 007a C0F20003 		movt	r3, #:upper16:TFTSHIELD_1_SPIM_1_txBufferRead
  91 007e 1B78     		ldrb	r3, [r3, #0]
  92 0080 DBB2     		uxtb	r3, r3
  93 0082 072B     		cmp	r3, #7
  94 0084 0ED9     		bls	.L5
  76:.\Generated_Source\PSoC5/TFTSHIELD_1_SPIM_1_INT.c ****                     {
  77:.\Generated_Source\PSoC5/TFTSHIELD_1_SPIM_1_INT.c ****                         TFTSHIELD_1_SPIM_1_txBufferRead = 0u;
ARM GAS  C:\Users\barror2\AppData\Local\Temp\ccHtZiyB.s 			page 4


  95              		.loc 1 77 0
  96 0086 40F20003 		movw	r3, #:lower16:TFTSHIELD_1_SPIM_1_txBufferRead
  97 008a C0F20003 		movt	r3, #:upper16:TFTSHIELD_1_SPIM_1_txBufferRead
  98 008e 4FF00002 		mov	r2, #0
  99 0092 1A70     		strb	r2, [r3, #0]
 100 0094 06E0     		b	.L5
 101              	.L4:
  78:.\Generated_Source\PSoC5/TFTSHIELD_1_SPIM_1_INT.c ****                     }
  79:.\Generated_Source\PSoC5/TFTSHIELD_1_SPIM_1_INT.c ****                 }
  80:.\Generated_Source\PSoC5/TFTSHIELD_1_SPIM_1_INT.c ****                 else
  81:.\Generated_Source\PSoC5/TFTSHIELD_1_SPIM_1_INT.c ****                 {
  82:.\Generated_Source\PSoC5/TFTSHIELD_1_SPIM_1_INT.c ****                     TFTSHIELD_1_SPIM_1_txBufferFull = 0u;
 102              		.loc 1 82 0
 103 0096 40F20003 		movw	r3, #:lower16:TFTSHIELD_1_SPIM_1_txBufferFull
 104 009a C0F20003 		movt	r3, #:upper16:TFTSHIELD_1_SPIM_1_txBufferFull
 105 009e 4FF00002 		mov	r2, #0
 106 00a2 1A70     		strb	r2, [r3, #0]
 107              	.L5:
  83:.\Generated_Source\PSoC5/TFTSHIELD_1_SPIM_1_INT.c ****                 }
  84:.\Generated_Source\PSoC5/TFTSHIELD_1_SPIM_1_INT.c **** 
  85:.\Generated_Source\PSoC5/TFTSHIELD_1_SPIM_1_INT.c ****                 /* Move data from the Buffer to the FIFO */
  86:.\Generated_Source\PSoC5/TFTSHIELD_1_SPIM_1_INT.c ****                 CY_SET_REG8(TFTSHIELD_1_SPIM_1_TXDATA_PTR,
 108              		.loc 1 86 0
 109 00a4 46F24E43 		movw	r3, #25678
 110 00a8 C4F20003 		movt	r3, 16384
 111 00ac 40F20002 		movw	r2, #:lower16:TFTSHIELD_1_SPIM_1_txBufferRead
 112 00b0 C0F20002 		movt	r2, #:upper16:TFTSHIELD_1_SPIM_1_txBufferRead
 113 00b4 1278     		ldrb	r2, [r2, #0]
 114 00b6 D2B2     		uxtb	r2, r2
 115 00b8 1146     		mov	r1, r2
 116 00ba 40F20002 		movw	r2, #:lower16:TFTSHIELD_1_SPIM_1_txBuffer
 117 00be C0F20002 		movt	r2, #:upper16:TFTSHIELD_1_SPIM_1_txBuffer
 118 00c2 525C     		ldrb	r2, [r2, r1]
 119 00c4 D2B2     		uxtb	r2, r2
 120 00c6 1A70     		strb	r2, [r3, #0]
 121              	.L2:
  64:.\Generated_Source\PSoC5/TFTSHIELD_1_SPIM_1_INT.c ****         while(TFTSHIELD_1_SPIM_1_txBufferRead != TFTSHIELD_1_SPIM_1_txBufferWrite)
 122              		.loc 1 64 0 discriminator 1
 123 00c8 40F20003 		movw	r3, #:lower16:TFTSHIELD_1_SPIM_1_txBufferRead
 124 00cc C0F20003 		movt	r3, #:upper16:TFTSHIELD_1_SPIM_1_txBufferRead
 125 00d0 1B78     		ldrb	r3, [r3, #0]
 126 00d2 DAB2     		uxtb	r2, r3
 127 00d4 40F20003 		movw	r3, #:lower16:TFTSHIELD_1_SPIM_1_txBufferWrite
 128 00d8 C0F20003 		movt	r3, #:upper16:TFTSHIELD_1_SPIM_1_txBufferWrite
 129 00dc 1B78     		ldrb	r3, [r3, #0]
 130 00de DBB2     		uxtb	r3, r3
 131 00e0 9A42     		cmp	r2, r3
 132 00e2 91D1     		bne	.L7
 133 00e4 00E0     		b	.L6
 134              	.L9:
  87:.\Generated_Source\PSoC5/TFTSHIELD_1_SPIM_1_INT.c ****                     TFTSHIELD_1_SPIM_1_txBuffer[TFTSHIELD_1_SPIM_1_txBufferRead]);
  88:.\Generated_Source\PSoC5/TFTSHIELD_1_SPIM_1_INT.c ****             }
  89:.\Generated_Source\PSoC5/TFTSHIELD_1_SPIM_1_INT.c ****             else
  90:.\Generated_Source\PSoC5/TFTSHIELD_1_SPIM_1_INT.c ****             {
  91:.\Generated_Source\PSoC5/TFTSHIELD_1_SPIM_1_INT.c ****                 break;
 135              		.loc 1 91 0
 136 00e6 00BF     		nop
ARM GAS  C:\Users\barror2\AppData\Local\Temp\ccHtZiyB.s 			page 5


 137              	.L6:
  92:.\Generated_Source\PSoC5/TFTSHIELD_1_SPIM_1_INT.c ****             }
  93:.\Generated_Source\PSoC5/TFTSHIELD_1_SPIM_1_INT.c ****         }
  94:.\Generated_Source\PSoC5/TFTSHIELD_1_SPIM_1_INT.c **** 
  95:.\Generated_Source\PSoC5/TFTSHIELD_1_SPIM_1_INT.c ****         if(TFTSHIELD_1_SPIM_1_txBufferRead == TFTSHIELD_1_SPIM_1_txBufferWrite)
 138              		.loc 1 95 0
 139 00e8 40F20003 		movw	r3, #:lower16:TFTSHIELD_1_SPIM_1_txBufferRead
 140 00ec C0F20003 		movt	r3, #:upper16:TFTSHIELD_1_SPIM_1_txBufferRead
 141 00f0 1B78     		ldrb	r3, [r3, #0]
 142 00f2 DAB2     		uxtb	r2, r3
 143 00f4 40F20003 		movw	r3, #:lower16:TFTSHIELD_1_SPIM_1_txBufferWrite
 144 00f8 C0F20003 		movt	r3, #:upper16:TFTSHIELD_1_SPIM_1_txBufferWrite
 145 00fc 1B78     		ldrb	r3, [r3, #0]
 146 00fe DBB2     		uxtb	r3, r3
 147 0100 9A42     		cmp	r2, r3
 148 0102 0DD1     		bne	.L1
  96:.\Generated_Source\PSoC5/TFTSHIELD_1_SPIM_1_INT.c ****         {
  97:.\Generated_Source\PSoC5/TFTSHIELD_1_SPIM_1_INT.c ****             /* TX Buffer is EMPTY: disable interrupt on TX NOT FULL */
  98:.\Generated_Source\PSoC5/TFTSHIELD_1_SPIM_1_INT.c ****             TFTSHIELD_1_SPIM_1_TX_STATUS_MASK_REG &= ((uint8) ~TFTSHIELD_1_SPIM_1_STS_TX_FIFO_NOT_F
 149              		.loc 1 98 0
 150 0104 46F28E43 		movw	r3, #25742
 151 0108 C4F20003 		movt	r3, 16384
 152 010c 46F28E42 		movw	r2, #25742
 153 0110 C4F20002 		movt	r2, 16384
 154 0114 1278     		ldrb	r2, [r2, #0]
 155 0116 D2B2     		uxtb	r2, r2
 156 0118 22F00402 		bic	r2, r2, #4
 157 011c D2B2     		uxtb	r2, r2
 158 011e 1A70     		strb	r2, [r3, #0]
 159              	.L1:
  99:.\Generated_Source\PSoC5/TFTSHIELD_1_SPIM_1_INT.c ****         }
 100:.\Generated_Source\PSoC5/TFTSHIELD_1_SPIM_1_INT.c **** 
 101:.\Generated_Source\PSoC5/TFTSHIELD_1_SPIM_1_INT.c ****     #endif /* (TFTSHIELD_1_SPIM_1_TX_SOFTWARE_BUF_ENABLED) */
 102:.\Generated_Source\PSoC5/TFTSHIELD_1_SPIM_1_INT.c **** 
 103:.\Generated_Source\PSoC5/TFTSHIELD_1_SPIM_1_INT.c ****     /* User code required at end of ISR (Optional) */
 104:.\Generated_Source\PSoC5/TFTSHIELD_1_SPIM_1_INT.c ****     /* `#START TFTSHIELD_1_SPIM_1_TX_ISR_END` */
 105:.\Generated_Source\PSoC5/TFTSHIELD_1_SPIM_1_INT.c **** 
 106:.\Generated_Source\PSoC5/TFTSHIELD_1_SPIM_1_INT.c ****     /* `#END` */
 107:.\Generated_Source\PSoC5/TFTSHIELD_1_SPIM_1_INT.c **** }
 160              		.loc 1 107 0
 161 0120 07F10C07 		add	r7, r7, #12
 162 0124 BD46     		mov	sp, r7
 163 0126 80BC     		pop	{r7}
 164 0128 7047     		bx	lr
 165              		.cfi_endproc
 166              	.LFE0:
 167              		.size	TFTSHIELD_1_SPIM_1_TX_ISR, .-TFTSHIELD_1_SPIM_1_TX_ISR
 168 012a 00BF     		.section	.text.TFTSHIELD_1_SPIM_1_RX_ISR,"ax",%progbits
 169              		.align	2
 170              		.global	TFTSHIELD_1_SPIM_1_RX_ISR
 171              		.thumb
 172              		.thumb_func
 173              		.type	TFTSHIELD_1_SPIM_1_RX_ISR, %function
 174              	TFTSHIELD_1_SPIM_1_RX_ISR:
 175              	.LFB1:
 108:.\Generated_Source\PSoC5/TFTSHIELD_1_SPIM_1_INT.c **** 
 109:.\Generated_Source\PSoC5/TFTSHIELD_1_SPIM_1_INT.c **** 
ARM GAS  C:\Users\barror2\AppData\Local\Temp\ccHtZiyB.s 			page 6


 110:.\Generated_Source\PSoC5/TFTSHIELD_1_SPIM_1_INT.c **** /*******************************************************************************
 111:.\Generated_Source\PSoC5/TFTSHIELD_1_SPIM_1_INT.c **** * Function Name: TFTSHIELD_1_SPIM_1_RX_ISR
 112:.\Generated_Source\PSoC5/TFTSHIELD_1_SPIM_1_INT.c **** ********************************************************************************
 113:.\Generated_Source\PSoC5/TFTSHIELD_1_SPIM_1_INT.c **** *
 114:.\Generated_Source\PSoC5/TFTSHIELD_1_SPIM_1_INT.c **** * Summary:
 115:.\Generated_Source\PSoC5/TFTSHIELD_1_SPIM_1_INT.c **** *  Interrupt Service Routine for RX portion of the SPI Master.
 116:.\Generated_Source\PSoC5/TFTSHIELD_1_SPIM_1_INT.c **** *
 117:.\Generated_Source\PSoC5/TFTSHIELD_1_SPIM_1_INT.c **** * Parameters:
 118:.\Generated_Source\PSoC5/TFTSHIELD_1_SPIM_1_INT.c **** *  None.
 119:.\Generated_Source\PSoC5/TFTSHIELD_1_SPIM_1_INT.c **** *
 120:.\Generated_Source\PSoC5/TFTSHIELD_1_SPIM_1_INT.c **** * Return:
 121:.\Generated_Source\PSoC5/TFTSHIELD_1_SPIM_1_INT.c **** *  None.
 122:.\Generated_Source\PSoC5/TFTSHIELD_1_SPIM_1_INT.c **** *
 123:.\Generated_Source\PSoC5/TFTSHIELD_1_SPIM_1_INT.c **** * Global variables:
 124:.\Generated_Source\PSoC5/TFTSHIELD_1_SPIM_1_INT.c **** *  TFTSHIELD_1_SPIM_1_rxBufferWrite - used for the account of the bytes which
 125:.\Generated_Source\PSoC5/TFTSHIELD_1_SPIM_1_INT.c **** *  have been written down in the RX software buffer modified when FIFO contains
 126:.\Generated_Source\PSoC5/TFTSHIELD_1_SPIM_1_INT.c **** *  new data.
 127:.\Generated_Source\PSoC5/TFTSHIELD_1_SPIM_1_INT.c **** *  TFTSHIELD_1_SPIM_1_rxBufferRead - used for the account of the bytes which
 128:.\Generated_Source\PSoC5/TFTSHIELD_1_SPIM_1_INT.c **** *  have been read from the RX software buffer, modified when overflow occurred.
 129:.\Generated_Source\PSoC5/TFTSHIELD_1_SPIM_1_INT.c **** *  TFTSHIELD_1_SPIM_1_rxBuffer[TFTSHIELD_1_SPIM_1_RX_BUFFER_SIZE] - used to store
 130:.\Generated_Source\PSoC5/TFTSHIELD_1_SPIM_1_INT.c **** *  received data, modified when FIFO contains new data.
 131:.\Generated_Source\PSoC5/TFTSHIELD_1_SPIM_1_INT.c **** *  All described above Global variables are used when Software Buffer is used.
 132:.\Generated_Source\PSoC5/TFTSHIELD_1_SPIM_1_INT.c **** *
 133:.\Generated_Source\PSoC5/TFTSHIELD_1_SPIM_1_INT.c **** *******************************************************************************/
 134:.\Generated_Source\PSoC5/TFTSHIELD_1_SPIM_1_INT.c **** CY_ISR(TFTSHIELD_1_SPIM_1_RX_ISR)
 135:.\Generated_Source\PSoC5/TFTSHIELD_1_SPIM_1_INT.c **** {
 176              		.loc 1 135 0
 177              		.cfi_startproc
 178              		@ args = 0, pretend = 0, frame = 8
 179              		@ frame_needed = 1, uses_anonymous_args = 0
 180              		@ link register save eliminated.
 181 0000 80B4     		push	{r7}
 182              	.LCFI3:
 183              		.cfi_def_cfa_offset 4
 184              		.cfi_offset 7, -4
 185 0002 83B0     		sub	sp, sp, #12
 186              	.LCFI4:
 187              		.cfi_def_cfa_offset 16
 188 0004 00AF     		add	r7, sp, #0
 189              	.LCFI5:
 190              		.cfi_def_cfa_register 7
 136:.\Generated_Source\PSoC5/TFTSHIELD_1_SPIM_1_INT.c ****     #if(TFTSHIELD_1_SPIM_1_RX_SOFTWARE_BUF_ENABLED)
 137:.\Generated_Source\PSoC5/TFTSHIELD_1_SPIM_1_INT.c ****         uint8 tmpStatus;
 138:.\Generated_Source\PSoC5/TFTSHIELD_1_SPIM_1_INT.c ****         uint8 rxData;
 139:.\Generated_Source\PSoC5/TFTSHIELD_1_SPIM_1_INT.c ****     #endif /* (TFTSHIELD_1_SPIM_1_RX_SOFTWARE_BUF_ENABLED) */
 140:.\Generated_Source\PSoC5/TFTSHIELD_1_SPIM_1_INT.c **** 
 141:.\Generated_Source\PSoC5/TFTSHIELD_1_SPIM_1_INT.c ****     /* User code required at start of ISR */
 142:.\Generated_Source\PSoC5/TFTSHIELD_1_SPIM_1_INT.c ****     /* `#START TFTSHIELD_1_SPIM_1_RX_ISR_START` */
 143:.\Generated_Source\PSoC5/TFTSHIELD_1_SPIM_1_INT.c **** 
 144:.\Generated_Source\PSoC5/TFTSHIELD_1_SPIM_1_INT.c ****     /* `#END` */
 145:.\Generated_Source\PSoC5/TFTSHIELD_1_SPIM_1_INT.c **** 
 146:.\Generated_Source\PSoC5/TFTSHIELD_1_SPIM_1_INT.c ****     #if(TFTSHIELD_1_SPIM_1_RX_SOFTWARE_BUF_ENABLED)
 147:.\Generated_Source\PSoC5/TFTSHIELD_1_SPIM_1_INT.c **** 
 148:.\Generated_Source\PSoC5/TFTSHIELD_1_SPIM_1_INT.c ****         tmpStatus = TFTSHIELD_1_SPIM_1_GET_STATUS_RX(TFTSHIELD_1_SPIM_1_swStatusRx);
 191              		.loc 1 148 0
 192 0006 46F26C43 		movw	r3, #25708
 193 000a C4F20003 		movt	r3, 16384
ARM GAS  C:\Users\barror2\AppData\Local\Temp\ccHtZiyB.s 			page 7


 194 000e 1B78     		ldrb	r3, [r3, #0]
 195 0010 DAB2     		uxtb	r2, r3
 196 0012 40F20003 		movw	r3, #:lower16:TFTSHIELD_1_SPIM_1_swStatusRx
 197 0016 C0F20003 		movt	r3, #:upper16:TFTSHIELD_1_SPIM_1_swStatusRx
 198 001a 1B78     		ldrb	r3, [r3, #0]
 199 001c DBB2     		uxtb	r3, r3
 200 001e 03F04003 		and	r3, r3, #64
 201 0022 DBB2     		uxtb	r3, r3
 202 0024 1343     		orrs	r3, r3, r2
 203 0026 FB71     		strb	r3, [r7, #7]
 149:.\Generated_Source\PSoC5/TFTSHIELD_1_SPIM_1_INT.c ****         TFTSHIELD_1_SPIM_1_swStatusRx = tmpStatus;
 204              		.loc 1 149 0
 205 0028 40F20003 		movw	r3, #:lower16:TFTSHIELD_1_SPIM_1_swStatusRx
 206 002c C0F20003 		movt	r3, #:upper16:TFTSHIELD_1_SPIM_1_swStatusRx
 207 0030 FA79     		ldrb	r2, [r7, #7]
 208 0032 1A70     		strb	r2, [r3, #0]
 150:.\Generated_Source\PSoC5/TFTSHIELD_1_SPIM_1_INT.c **** 
 151:.\Generated_Source\PSoC5/TFTSHIELD_1_SPIM_1_INT.c ****         /* Check if RX data FIFO has some data to be moved into the RX Buffer */
 152:.\Generated_Source\PSoC5/TFTSHIELD_1_SPIM_1_INT.c ****         while(0u != (TFTSHIELD_1_SPIM_1_swStatusRx & TFTSHIELD_1_SPIM_1_STS_RX_FIFO_NOT_EMPTY))
 209              		.loc 1 152 0
 210 0034 78E0     		b	.L11
 211              	.L15:
 153:.\Generated_Source\PSoC5/TFTSHIELD_1_SPIM_1_INT.c ****         {
 154:.\Generated_Source\PSoC5/TFTSHIELD_1_SPIM_1_INT.c ****             rxData = CY_GET_REG8(TFTSHIELD_1_SPIM_1_RXDATA_PTR);
 212              		.loc 1 154 0
 213 0036 46F25E43 		movw	r3, #25694
 214 003a C4F20003 		movt	r3, 16384
 215 003e 1B78     		ldrb	r3, [r3, #0]
 216 0040 BB71     		strb	r3, [r7, #6]
 155:.\Generated_Source\PSoC5/TFTSHIELD_1_SPIM_1_INT.c **** 
 156:.\Generated_Source\PSoC5/TFTSHIELD_1_SPIM_1_INT.c ****             /* Set next pointer. */
 157:.\Generated_Source\PSoC5/TFTSHIELD_1_SPIM_1_INT.c ****             TFTSHIELD_1_SPIM_1_rxBufferWrite++;
 217              		.loc 1 157 0
 218 0042 40F20003 		movw	r3, #:lower16:TFTSHIELD_1_SPIM_1_rxBufferWrite
 219 0046 C0F20003 		movt	r3, #:upper16:TFTSHIELD_1_SPIM_1_rxBufferWrite
 220 004a 1B78     		ldrb	r3, [r3, #0]
 221 004c DBB2     		uxtb	r3, r3
 222 004e 03F10103 		add	r3, r3, #1
 223 0052 DAB2     		uxtb	r2, r3
 224 0054 40F20003 		movw	r3, #:lower16:TFTSHIELD_1_SPIM_1_rxBufferWrite
 225 0058 C0F20003 		movt	r3, #:upper16:TFTSHIELD_1_SPIM_1_rxBufferWrite
 226 005c 1A70     		strb	r2, [r3, #0]
 158:.\Generated_Source\PSoC5/TFTSHIELD_1_SPIM_1_INT.c ****             if(TFTSHIELD_1_SPIM_1_rxBufferWrite >= TFTSHIELD_1_SPIM_1_RX_BUFFER_SIZE)
 227              		.loc 1 158 0
 228 005e 40F20003 		movw	r3, #:lower16:TFTSHIELD_1_SPIM_1_rxBufferWrite
 229 0062 C0F20003 		movt	r3, #:upper16:TFTSHIELD_1_SPIM_1_rxBufferWrite
 230 0066 1B78     		ldrb	r3, [r3, #0]
 231 0068 DBB2     		uxtb	r3, r3
 232 006a 072B     		cmp	r3, #7
 233 006c 06D9     		bls	.L12
 159:.\Generated_Source\PSoC5/TFTSHIELD_1_SPIM_1_INT.c ****             {
 160:.\Generated_Source\PSoC5/TFTSHIELD_1_SPIM_1_INT.c ****                 TFTSHIELD_1_SPIM_1_rxBufferWrite = 0u;
 234              		.loc 1 160 0
 235 006e 40F20003 		movw	r3, #:lower16:TFTSHIELD_1_SPIM_1_rxBufferWrite
 236 0072 C0F20003 		movt	r3, #:upper16:TFTSHIELD_1_SPIM_1_rxBufferWrite
 237 0076 4FF00002 		mov	r2, #0
 238 007a 1A70     		strb	r2, [r3, #0]
ARM GAS  C:\Users\barror2\AppData\Local\Temp\ccHtZiyB.s 			page 8


 239              	.L12:
 161:.\Generated_Source\PSoC5/TFTSHIELD_1_SPIM_1_INT.c ****             }
 162:.\Generated_Source\PSoC5/TFTSHIELD_1_SPIM_1_INT.c **** 
 163:.\Generated_Source\PSoC5/TFTSHIELD_1_SPIM_1_INT.c ****             if(TFTSHIELD_1_SPIM_1_rxBufferWrite == TFTSHIELD_1_SPIM_1_rxBufferRead)
 240              		.loc 1 163 0
 241 007c 40F20003 		movw	r3, #:lower16:TFTSHIELD_1_SPIM_1_rxBufferWrite
 242 0080 C0F20003 		movt	r3, #:upper16:TFTSHIELD_1_SPIM_1_rxBufferWrite
 243 0084 1B78     		ldrb	r3, [r3, #0]
 244 0086 DAB2     		uxtb	r2, r3
 245 0088 40F20003 		movw	r3, #:lower16:TFTSHIELD_1_SPIM_1_rxBufferRead
 246 008c C0F20003 		movt	r3, #:upper16:TFTSHIELD_1_SPIM_1_rxBufferRead
 247 0090 1B78     		ldrb	r3, [r3, #0]
 248 0092 DBB2     		uxtb	r3, r3
 249 0094 9A42     		cmp	r2, r3
 250 0096 23D1     		bne	.L13
 164:.\Generated_Source\PSoC5/TFTSHIELD_1_SPIM_1_INT.c ****             {
 165:.\Generated_Source\PSoC5/TFTSHIELD_1_SPIM_1_INT.c ****                 TFTSHIELD_1_SPIM_1_rxBufferRead++;
 251              		.loc 1 165 0
 252 0098 40F20003 		movw	r3, #:lower16:TFTSHIELD_1_SPIM_1_rxBufferRead
 253 009c C0F20003 		movt	r3, #:upper16:TFTSHIELD_1_SPIM_1_rxBufferRead
 254 00a0 1B78     		ldrb	r3, [r3, #0]
 255 00a2 DBB2     		uxtb	r3, r3
 256 00a4 03F10103 		add	r3, r3, #1
 257 00a8 DAB2     		uxtb	r2, r3
 258 00aa 40F20003 		movw	r3, #:lower16:TFTSHIELD_1_SPIM_1_rxBufferRead
 259 00ae C0F20003 		movt	r3, #:upper16:TFTSHIELD_1_SPIM_1_rxBufferRead
 260 00b2 1A70     		strb	r2, [r3, #0]
 166:.\Generated_Source\PSoC5/TFTSHIELD_1_SPIM_1_INT.c ****                 if(TFTSHIELD_1_SPIM_1_rxBufferRead >= TFTSHIELD_1_SPIM_1_RX_BUFFER_SIZE)
 261              		.loc 1 166 0
 262 00b4 40F20003 		movw	r3, #:lower16:TFTSHIELD_1_SPIM_1_rxBufferRead
 263 00b8 C0F20003 		movt	r3, #:upper16:TFTSHIELD_1_SPIM_1_rxBufferRead
 264 00bc 1B78     		ldrb	r3, [r3, #0]
 265 00be DBB2     		uxtb	r3, r3
 266 00c0 072B     		cmp	r3, #7
 267 00c2 06D9     		bls	.L14
 167:.\Generated_Source\PSoC5/TFTSHIELD_1_SPIM_1_INT.c ****                 {
 168:.\Generated_Source\PSoC5/TFTSHIELD_1_SPIM_1_INT.c ****                     TFTSHIELD_1_SPIM_1_rxBufferRead = 0u;
 268              		.loc 1 168 0
 269 00c4 40F20003 		movw	r3, #:lower16:TFTSHIELD_1_SPIM_1_rxBufferRead
 270 00c8 C0F20003 		movt	r3, #:upper16:TFTSHIELD_1_SPIM_1_rxBufferRead
 271 00cc 4FF00002 		mov	r2, #0
 272 00d0 1A70     		strb	r2, [r3, #0]
 273              	.L14:
 169:.\Generated_Source\PSoC5/TFTSHIELD_1_SPIM_1_INT.c ****                 }
 170:.\Generated_Source\PSoC5/TFTSHIELD_1_SPIM_1_INT.c **** 
 171:.\Generated_Source\PSoC5/TFTSHIELD_1_SPIM_1_INT.c ****                 TFTSHIELD_1_SPIM_1_rxBufferFull = 1u;
 274              		.loc 1 171 0
 275 00d2 40F20003 		movw	r3, #:lower16:TFTSHIELD_1_SPIM_1_rxBufferFull
 276 00d6 C0F20003 		movt	r3, #:upper16:TFTSHIELD_1_SPIM_1_rxBufferFull
 277 00da 4FF00102 		mov	r2, #1
 278 00de 1A70     		strb	r2, [r3, #0]
 279              	.L13:
 172:.\Generated_Source\PSoC5/TFTSHIELD_1_SPIM_1_INT.c ****             }
 173:.\Generated_Source\PSoC5/TFTSHIELD_1_SPIM_1_INT.c **** 
 174:.\Generated_Source\PSoC5/TFTSHIELD_1_SPIM_1_INT.c ****             /* Move data from the FIFO to the Buffer */
 175:.\Generated_Source\PSoC5/TFTSHIELD_1_SPIM_1_INT.c ****             TFTSHIELD_1_SPIM_1_rxBuffer[TFTSHIELD_1_SPIM_1_rxBufferWrite] = rxData;
 280              		.loc 1 175 0
ARM GAS  C:\Users\barror2\AppData\Local\Temp\ccHtZiyB.s 			page 9


 281 00e0 40F20003 		movw	r3, #:lower16:TFTSHIELD_1_SPIM_1_rxBufferWrite
 282 00e4 C0F20003 		movt	r3, #:upper16:TFTSHIELD_1_SPIM_1_rxBufferWrite
 283 00e8 1B78     		ldrb	r3, [r3, #0]
 284 00ea DBB2     		uxtb	r3, r3
 285 00ec 1A46     		mov	r2, r3
 286 00ee 40F20003 		movw	r3, #:lower16:TFTSHIELD_1_SPIM_1_rxBuffer
 287 00f2 C0F20003 		movt	r3, #:upper16:TFTSHIELD_1_SPIM_1_rxBuffer
 288 00f6 B979     		ldrb	r1, [r7, #6]
 289 00f8 9954     		strb	r1, [r3, r2]
 176:.\Generated_Source\PSoC5/TFTSHIELD_1_SPIM_1_INT.c **** 
 177:.\Generated_Source\PSoC5/TFTSHIELD_1_SPIM_1_INT.c ****             tmpStatus = TFTSHIELD_1_SPIM_1_GET_STATUS_RX(TFTSHIELD_1_SPIM_1_swStatusRx);
 290              		.loc 1 177 0
 291 00fa 46F26C43 		movw	r3, #25708
 292 00fe C4F20003 		movt	r3, 16384
 293 0102 1B78     		ldrb	r3, [r3, #0]
 294 0104 DAB2     		uxtb	r2, r3
 295 0106 40F20003 		movw	r3, #:lower16:TFTSHIELD_1_SPIM_1_swStatusRx
 296 010a C0F20003 		movt	r3, #:upper16:TFTSHIELD_1_SPIM_1_swStatusRx
 297 010e 1B78     		ldrb	r3, [r3, #0]
 298 0110 DBB2     		uxtb	r3, r3
 299 0112 03F04003 		and	r3, r3, #64
 300 0116 DBB2     		uxtb	r3, r3
 301 0118 1343     		orrs	r3, r3, r2
 302 011a FB71     		strb	r3, [r7, #7]
 178:.\Generated_Source\PSoC5/TFTSHIELD_1_SPIM_1_INT.c ****             TFTSHIELD_1_SPIM_1_swStatusRx = tmpStatus;
 303              		.loc 1 178 0
 304 011c 40F20003 		movw	r3, #:lower16:TFTSHIELD_1_SPIM_1_swStatusRx
 305 0120 C0F20003 		movt	r3, #:upper16:TFTSHIELD_1_SPIM_1_swStatusRx
 306 0124 FA79     		ldrb	r2, [r7, #7]
 307 0126 1A70     		strb	r2, [r3, #0]
 308              	.L11:
 152:.\Generated_Source\PSoC5/TFTSHIELD_1_SPIM_1_INT.c ****         while(0u != (TFTSHIELD_1_SPIM_1_swStatusRx & TFTSHIELD_1_SPIM_1_STS_RX_FIFO_NOT_EMPTY))
 309              		.loc 1 152 0 discriminator 1
 310 0128 40F20003 		movw	r3, #:lower16:TFTSHIELD_1_SPIM_1_swStatusRx
 311 012c C0F20003 		movt	r3, #:upper16:TFTSHIELD_1_SPIM_1_swStatusRx
 312 0130 1B78     		ldrb	r3, [r3, #0]
 313 0132 DBB2     		uxtb	r3, r3
 314 0134 03F02003 		and	r3, r3, #32
 315 0138 002B     		cmp	r3, #0
 316 013a 7FF47CAF 		bne	.L15
 179:.\Generated_Source\PSoC5/TFTSHIELD_1_SPIM_1_INT.c ****         }
 180:.\Generated_Source\PSoC5/TFTSHIELD_1_SPIM_1_INT.c **** 
 181:.\Generated_Source\PSoC5/TFTSHIELD_1_SPIM_1_INT.c ****     #endif /* (TFTSHIELD_1_SPIM_1_RX_SOFTWARE_BUF_ENABLED) */
 182:.\Generated_Source\PSoC5/TFTSHIELD_1_SPIM_1_INT.c **** 
 183:.\Generated_Source\PSoC5/TFTSHIELD_1_SPIM_1_INT.c ****     /* User code required at end of ISR (Optional) */
 184:.\Generated_Source\PSoC5/TFTSHIELD_1_SPIM_1_INT.c ****     /* `#START TFTSHIELD_1_SPIM_1_RX_ISR_END` */
 185:.\Generated_Source\PSoC5/TFTSHIELD_1_SPIM_1_INT.c **** 
 186:.\Generated_Source\PSoC5/TFTSHIELD_1_SPIM_1_INT.c ****     /* `#END` */
 187:.\Generated_Source\PSoC5/TFTSHIELD_1_SPIM_1_INT.c **** }
 317              		.loc 1 187 0
 318 013e 07F10C07 		add	r7, r7, #12
 319 0142 BD46     		mov	sp, r7
 320 0144 80BC     		pop	{r7}
 321 0146 7047     		bx	lr
 322              		.cfi_endproc
 323              	.LFE1:
 324              		.size	TFTSHIELD_1_SPIM_1_RX_ISR, .-TFTSHIELD_1_SPIM_1_RX_ISR
ARM GAS  C:\Users\barror2\AppData\Local\Temp\ccHtZiyB.s 			page 10


 325              		.text
 326              	.Letext0:
 327              		.file 2 ".\\Generated_Source\\PSoC5\\cytypes.h"
 328              		.file 3 ".\\Generated_Source\\PSoC5\\TFTSHIELD_1_SPIM_1_PVT.h"
 329              		.section	.debug_info,"",%progbits
 330              	.Ldebug_info0:
 331 0000 9F010000 		.4byte	0x19f
 332 0004 0200     		.2byte	0x2
 333 0006 00000000 		.4byte	.Ldebug_abbrev0
 334 000a 04       		.byte	0x4
 335 000b 01       		.uleb128 0x1
 336 000c 40020000 		.4byte	.LASF29
 337 0010 01       		.byte	0x1
 338 0011 B2000000 		.4byte	.LASF30
 339 0015 00000000 		.4byte	.LASF31
 340 0019 00000000 		.4byte	.Ldebug_ranges0+0
 341 001d 00000000 		.4byte	0
 342 0021 00000000 		.4byte	0
 343 0025 00000000 		.4byte	.Ldebug_line0
 344 0029 02       		.uleb128 0x2
 345 002a 01       		.byte	0x1
 346 002b 06       		.byte	0x6
 347 002c 9C020000 		.4byte	.LASF0
 348 0030 02       		.uleb128 0x2
 349 0031 01       		.byte	0x1
 350 0032 08       		.byte	0x8
 351 0033 45010000 		.4byte	.LASF1
 352 0037 02       		.uleb128 0x2
 353 0038 02       		.byte	0x2
 354 0039 05       		.byte	0x5
 355 003a 36020000 		.4byte	.LASF2
 356 003e 02       		.uleb128 0x2
 357 003f 02       		.byte	0x2
 358 0040 07       		.byte	0x7
 359 0041 9F000000 		.4byte	.LASF3
 360 0045 02       		.uleb128 0x2
 361 0046 04       		.byte	0x4
 362 0047 05       		.byte	0x5
 363 0048 89020000 		.4byte	.LASF4
 364 004c 02       		.uleb128 0x2
 365 004d 04       		.byte	0x4
 366 004e 07       		.byte	0x7
 367 004f 58010000 		.4byte	.LASF5
 368 0053 02       		.uleb128 0x2
 369 0054 08       		.byte	0x8
 370 0055 05       		.byte	0x5
 371 0056 E7010000 		.4byte	.LASF6
 372 005a 02       		.uleb128 0x2
 373 005b 08       		.byte	0x8
 374 005c 07       		.byte	0x7
 375 005d A9010000 		.4byte	.LASF7
 376 0061 03       		.uleb128 0x3
 377 0062 04       		.byte	0x4
 378 0063 05       		.byte	0x5
 379 0064 696E7400 		.ascii	"int\000"
 380 0068 02       		.uleb128 0x2
 381 0069 04       		.byte	0x4
ARM GAS  C:\Users\barror2\AppData\Local\Temp\ccHtZiyB.s 			page 11


 382 006a 07       		.byte	0x7
 383 006b 9C010000 		.4byte	.LASF8
 384 006f 04       		.uleb128 0x4
 385 0070 6A010000 		.4byte	.LASF12
 386 0074 02       		.byte	0x2
 387 0075 5B       		.byte	0x5b
 388 0076 30000000 		.4byte	0x30
 389 007a 02       		.uleb128 0x2
 390 007b 04       		.byte	0x4
 391 007c 04       		.byte	0x4
 392 007d 1E010000 		.4byte	.LASF9
 393 0081 02       		.uleb128 0x2
 394 0082 08       		.byte	0x8
 395 0083 04       		.byte	0x4
 396 0084 77010000 		.4byte	.LASF10
 397 0088 02       		.uleb128 0x2
 398 0089 01       		.byte	0x1
 399 008a 08       		.byte	0x8
 400 008b F5010000 		.4byte	.LASF11
 401 008f 04       		.uleb128 0x4
 402 0090 53010000 		.4byte	.LASF13
 403 0094 02       		.byte	0x2
 404 0095 F0       		.byte	0xf0
 405 0096 9A000000 		.4byte	0x9a
 406 009a 05       		.uleb128 0x5
 407 009b 6F000000 		.4byte	0x6f
 408 009f 02       		.uleb128 0x2
 409 00a0 04       		.byte	0x4
 410 00a1 07       		.byte	0x7
 411 00a2 DE010000 		.4byte	.LASF14
 412 00a6 06       		.uleb128 0x6
 413 00a7 01       		.byte	0x1
 414 00a8 C9020000 		.4byte	.LASF15
 415 00ac 01       		.byte	0x1
 416 00ad 33       		.byte	0x33
 417 00ae 01       		.byte	0x1
 418 00af 00000000 		.4byte	.LFB0
 419 00b3 2A010000 		.4byte	.LFE0
 420 00b7 00000000 		.4byte	.LLST0
 421 00bb 01       		.byte	0x1
 422 00bc CF000000 		.4byte	0xcf
 423 00c0 07       		.uleb128 0x7
 424 00c1 92020000 		.4byte	.LASF17
 425 00c5 01       		.byte	0x1
 426 00c6 36       		.byte	0x36
 427 00c7 6F000000 		.4byte	0x6f
 428 00cb 02       		.byte	0x2
 429 00cc 91       		.byte	0x91
 430 00cd 77       		.sleb128 -9
 431 00ce 00       		.byte	0
 432 00cf 06       		.uleb128 0x6
 433 00d0 01       		.byte	0x1
 434 00d1 04010000 		.4byte	.LASF16
 435 00d5 01       		.byte	0x1
 436 00d6 86       		.byte	0x86
 437 00d7 01       		.byte	0x1
 438 00d8 00000000 		.4byte	.LFB1
ARM GAS  C:\Users\barror2\AppData\Local\Temp\ccHtZiyB.s 			page 12


 439 00dc 48010000 		.4byte	.LFE1
 440 00e0 38000000 		.4byte	.LLST1
 441 00e4 01       		.byte	0x1
 442 00e5 06010000 		.4byte	0x106
 443 00e9 07       		.uleb128 0x7
 444 00ea 92020000 		.4byte	.LASF17
 445 00ee 01       		.byte	0x1
 446 00ef 89       		.byte	0x89
 447 00f0 6F000000 		.4byte	0x6f
 448 00f4 02       		.byte	0x2
 449 00f5 91       		.byte	0x91
 450 00f6 77       		.sleb128 -9
 451 00f7 07       		.uleb128 0x7
 452 00f8 70010000 		.4byte	.LASF18
 453 00fc 01       		.byte	0x1
 454 00fd 8A       		.byte	0x8a
 455 00fe 6F000000 		.4byte	0x6f
 456 0102 02       		.byte	0x2
 457 0103 91       		.byte	0x91
 458 0104 76       		.sleb128 -10
 459 0105 00       		.byte	0
 460 0106 08       		.uleb128 0x8
 461 0107 C0010000 		.4byte	.LASF19
 462 010b 03       		.byte	0x3
 463 010c 21       		.byte	0x21
 464 010d 9A000000 		.4byte	0x9a
 465 0111 01       		.byte	0x1
 466 0112 01       		.byte	0x1
 467 0113 08       		.uleb128 0x8
 468 0114 7E010000 		.4byte	.LASF20
 469 0118 03       		.byte	0x3
 470 0119 22       		.byte	0x22
 471 011a 9A000000 		.4byte	0x9a
 472 011e 01       		.byte	0x1
 473 011f 01       		.byte	0x1
 474 0120 09       		.uleb128 0x9
 475 0121 6F000000 		.4byte	0x6f
 476 0125 30010000 		.4byte	0x130
 477 0129 0A       		.uleb128 0xa
 478 012a 9F000000 		.4byte	0x9f
 479 012e 07       		.byte	0x7
 480 012f 00       		.byte	0
 481 0130 08       		.uleb128 0x8
 482 0131 1A020000 		.4byte	.LASF21
 483 0135 03       		.byte	0x3
 484 0136 25       		.byte	0x25
 485 0137 3D010000 		.4byte	0x13d
 486 013b 01       		.byte	0x1
 487 013c 01       		.byte	0x1
 488 013d 05       		.uleb128 0x5
 489 013e 20010000 		.4byte	0x120
 490 0142 08       		.uleb128 0x8
 491 0143 E4000000 		.4byte	.LASF22
 492 0147 03       		.byte	0x3
 493 0148 26       		.byte	0x26
 494 0149 9A000000 		.4byte	0x9a
 495 014d 01       		.byte	0x1
ARM GAS  C:\Users\barror2\AppData\Local\Temp\ccHtZiyB.s 			page 13


 496 014e 01       		.byte	0x1
 497 014f 08       		.uleb128 0x8
 498 0150 24010000 		.4byte	.LASF23
 499 0154 03       		.byte	0x3
 500 0155 27       		.byte	0x27
 501 0156 9A000000 		.4byte	0x9a
 502 015a 01       		.byte	0x1
 503 015b 01       		.byte	0x1
 504 015c 08       		.uleb128 0x8
 505 015d 43000000 		.4byte	.LASF24
 506 0161 03       		.byte	0x3
 507 0162 28       		.byte	0x28
 508 0163 9A000000 		.4byte	0x9a
 509 0167 01       		.byte	0x1
 510 0168 01       		.byte	0x1
 511 0169 08       		.uleb128 0x8
 512 016a 63000000 		.4byte	.LASF25
 513 016e 03       		.byte	0x3
 514 016f 2C       		.byte	0x2c
 515 0170 76010000 		.4byte	0x176
 516 0174 01       		.byte	0x1
 517 0175 01       		.byte	0x1
 518 0176 05       		.uleb128 0x5
 519 0177 20010000 		.4byte	0x120
 520 017b 08       		.uleb128 0x8
 521 017c FA010000 		.4byte	.LASF26
 522 0180 03       		.byte	0x3
 523 0181 2D       		.byte	0x2d
 524 0182 9A000000 		.4byte	0x9a
 525 0186 01       		.byte	0x1
 526 0187 01       		.byte	0x1
 527 0188 08       		.uleb128 0x8
 528 0189 A8020000 		.4byte	.LASF27
 529 018d 03       		.byte	0x3
 530 018e 2E       		.byte	0x2e
 531 018f 9A000000 		.4byte	0x9a
 532 0193 01       		.byte	0x1
 533 0194 01       		.byte	0x1
 534 0195 08       		.uleb128 0x8
 535 0196 7F000000 		.4byte	.LASF28
 536 019a 03       		.byte	0x3
 537 019b 2F       		.byte	0x2f
 538 019c 9A000000 		.4byte	0x9a
 539 01a0 01       		.byte	0x1
 540 01a1 01       		.byte	0x1
 541 01a2 00       		.byte	0
 542              		.section	.debug_abbrev,"",%progbits
 543              	.Ldebug_abbrev0:
 544 0000 01       		.uleb128 0x1
 545 0001 11       		.uleb128 0x11
 546 0002 01       		.byte	0x1
 547 0003 25       		.uleb128 0x25
 548 0004 0E       		.uleb128 0xe
 549 0005 13       		.uleb128 0x13
 550 0006 0B       		.uleb128 0xb
 551 0007 03       		.uleb128 0x3
 552 0008 0E       		.uleb128 0xe
ARM GAS  C:\Users\barror2\AppData\Local\Temp\ccHtZiyB.s 			page 14


 553 0009 1B       		.uleb128 0x1b
 554 000a 0E       		.uleb128 0xe
 555 000b 55       		.uleb128 0x55
 556 000c 06       		.uleb128 0x6
 557 000d 11       		.uleb128 0x11
 558 000e 01       		.uleb128 0x1
 559 000f 52       		.uleb128 0x52
 560 0010 01       		.uleb128 0x1
 561 0011 10       		.uleb128 0x10
 562 0012 06       		.uleb128 0x6
 563 0013 00       		.byte	0
 564 0014 00       		.byte	0
 565 0015 02       		.uleb128 0x2
 566 0016 24       		.uleb128 0x24
 567 0017 00       		.byte	0
 568 0018 0B       		.uleb128 0xb
 569 0019 0B       		.uleb128 0xb
 570 001a 3E       		.uleb128 0x3e
 571 001b 0B       		.uleb128 0xb
 572 001c 03       		.uleb128 0x3
 573 001d 0E       		.uleb128 0xe
 574 001e 00       		.byte	0
 575 001f 00       		.byte	0
 576 0020 03       		.uleb128 0x3
 577 0021 24       		.uleb128 0x24
 578 0022 00       		.byte	0
 579 0023 0B       		.uleb128 0xb
 580 0024 0B       		.uleb128 0xb
 581 0025 3E       		.uleb128 0x3e
 582 0026 0B       		.uleb128 0xb
 583 0027 03       		.uleb128 0x3
 584 0028 08       		.uleb128 0x8
 585 0029 00       		.byte	0
 586 002a 00       		.byte	0
 587 002b 04       		.uleb128 0x4
 588 002c 16       		.uleb128 0x16
 589 002d 00       		.byte	0
 590 002e 03       		.uleb128 0x3
 591 002f 0E       		.uleb128 0xe
 592 0030 3A       		.uleb128 0x3a
 593 0031 0B       		.uleb128 0xb
 594 0032 3B       		.uleb128 0x3b
 595 0033 0B       		.uleb128 0xb
 596 0034 49       		.uleb128 0x49
 597 0035 13       		.uleb128 0x13
 598 0036 00       		.byte	0
 599 0037 00       		.byte	0
 600 0038 05       		.uleb128 0x5
 601 0039 35       		.uleb128 0x35
 602 003a 00       		.byte	0
 603 003b 49       		.uleb128 0x49
 604 003c 13       		.uleb128 0x13
 605 003d 00       		.byte	0
 606 003e 00       		.byte	0
 607 003f 06       		.uleb128 0x6
 608 0040 2E       		.uleb128 0x2e
 609 0041 01       		.byte	0x1
ARM GAS  C:\Users\barror2\AppData\Local\Temp\ccHtZiyB.s 			page 15


 610 0042 3F       		.uleb128 0x3f
 611 0043 0C       		.uleb128 0xc
 612 0044 03       		.uleb128 0x3
 613 0045 0E       		.uleb128 0xe
 614 0046 3A       		.uleb128 0x3a
 615 0047 0B       		.uleb128 0xb
 616 0048 3B       		.uleb128 0x3b
 617 0049 0B       		.uleb128 0xb
 618 004a 27       		.uleb128 0x27
 619 004b 0C       		.uleb128 0xc
 620 004c 11       		.uleb128 0x11
 621 004d 01       		.uleb128 0x1
 622 004e 12       		.uleb128 0x12
 623 004f 01       		.uleb128 0x1
 624 0050 40       		.uleb128 0x40
 625 0051 06       		.uleb128 0x6
 626 0052 9742     		.uleb128 0x2117
 627 0054 0C       		.uleb128 0xc
 628 0055 01       		.uleb128 0x1
 629 0056 13       		.uleb128 0x13
 630 0057 00       		.byte	0
 631 0058 00       		.byte	0
 632 0059 07       		.uleb128 0x7
 633 005a 34       		.uleb128 0x34
 634 005b 00       		.byte	0
 635 005c 03       		.uleb128 0x3
 636 005d 0E       		.uleb128 0xe
 637 005e 3A       		.uleb128 0x3a
 638 005f 0B       		.uleb128 0xb
 639 0060 3B       		.uleb128 0x3b
 640 0061 0B       		.uleb128 0xb
 641 0062 49       		.uleb128 0x49
 642 0063 13       		.uleb128 0x13
 643 0064 02       		.uleb128 0x2
 644 0065 0A       		.uleb128 0xa
 645 0066 00       		.byte	0
 646 0067 00       		.byte	0
 647 0068 08       		.uleb128 0x8
 648 0069 34       		.uleb128 0x34
 649 006a 00       		.byte	0
 650 006b 03       		.uleb128 0x3
 651 006c 0E       		.uleb128 0xe
 652 006d 3A       		.uleb128 0x3a
 653 006e 0B       		.uleb128 0xb
 654 006f 3B       		.uleb128 0x3b
 655 0070 0B       		.uleb128 0xb
 656 0071 49       		.uleb128 0x49
 657 0072 13       		.uleb128 0x13
 658 0073 3F       		.uleb128 0x3f
 659 0074 0C       		.uleb128 0xc
 660 0075 3C       		.uleb128 0x3c
 661 0076 0C       		.uleb128 0xc
 662 0077 00       		.byte	0
 663 0078 00       		.byte	0
 664 0079 09       		.uleb128 0x9
 665 007a 01       		.uleb128 0x1
 666 007b 01       		.byte	0x1
ARM GAS  C:\Users\barror2\AppData\Local\Temp\ccHtZiyB.s 			page 16


 667 007c 49       		.uleb128 0x49
 668 007d 13       		.uleb128 0x13
 669 007e 01       		.uleb128 0x1
 670 007f 13       		.uleb128 0x13
 671 0080 00       		.byte	0
 672 0081 00       		.byte	0
 673 0082 0A       		.uleb128 0xa
 674 0083 21       		.uleb128 0x21
 675 0084 00       		.byte	0
 676 0085 49       		.uleb128 0x49
 677 0086 13       		.uleb128 0x13
 678 0087 2F       		.uleb128 0x2f
 679 0088 0B       		.uleb128 0xb
 680 0089 00       		.byte	0
 681 008a 00       		.byte	0
 682 008b 00       		.byte	0
 683              		.section	.debug_loc,"",%progbits
 684              	.Ldebug_loc0:
 685              	.LLST0:
 686 0000 00000000 		.4byte	.LFB0
 687 0004 02000000 		.4byte	.LCFI0
 688 0008 0200     		.2byte	0x2
 689 000a 7D       		.byte	0x7d
 690 000b 00       		.sleb128 0
 691 000c 02000000 		.4byte	.LCFI0
 692 0010 04000000 		.4byte	.LCFI1
 693 0014 0200     		.2byte	0x2
 694 0016 7D       		.byte	0x7d
 695 0017 04       		.sleb128 4
 696 0018 04000000 		.4byte	.LCFI1
 697 001c 06000000 		.4byte	.LCFI2
 698 0020 0200     		.2byte	0x2
 699 0022 7D       		.byte	0x7d
 700 0023 10       		.sleb128 16
 701 0024 06000000 		.4byte	.LCFI2
 702 0028 2A010000 		.4byte	.LFE0
 703 002c 0200     		.2byte	0x2
 704 002e 77       		.byte	0x77
 705 002f 10       		.sleb128 16
 706 0030 00000000 		.4byte	0
 707 0034 00000000 		.4byte	0
 708              	.LLST1:
 709 0038 00000000 		.4byte	.LFB1
 710 003c 02000000 		.4byte	.LCFI3
 711 0040 0200     		.2byte	0x2
 712 0042 7D       		.byte	0x7d
 713 0043 00       		.sleb128 0
 714 0044 02000000 		.4byte	.LCFI3
 715 0048 04000000 		.4byte	.LCFI4
 716 004c 0200     		.2byte	0x2
 717 004e 7D       		.byte	0x7d
 718 004f 04       		.sleb128 4
 719 0050 04000000 		.4byte	.LCFI4
 720 0054 06000000 		.4byte	.LCFI5
 721 0058 0200     		.2byte	0x2
 722 005a 7D       		.byte	0x7d
 723 005b 10       		.sleb128 16
ARM GAS  C:\Users\barror2\AppData\Local\Temp\ccHtZiyB.s 			page 17


 724 005c 06000000 		.4byte	.LCFI5
 725 0060 48010000 		.4byte	.LFE1
 726 0064 0200     		.2byte	0x2
 727 0066 77       		.byte	0x77
 728 0067 10       		.sleb128 16
 729 0068 00000000 		.4byte	0
 730 006c 00000000 		.4byte	0
 731              		.section	.debug_aranges,"",%progbits
 732 0000 24000000 		.4byte	0x24
 733 0004 0200     		.2byte	0x2
 734 0006 00000000 		.4byte	.Ldebug_info0
 735 000a 04       		.byte	0x4
 736 000b 00       		.byte	0
 737 000c 0000     		.2byte	0
 738 000e 0000     		.2byte	0
 739 0010 00000000 		.4byte	.LFB0
 740 0014 2A010000 		.4byte	.LFE0-.LFB0
 741 0018 00000000 		.4byte	.LFB1
 742 001c 48010000 		.4byte	.LFE1-.LFB1
 743 0020 00000000 		.4byte	0
 744 0024 00000000 		.4byte	0
 745              		.section	.debug_ranges,"",%progbits
 746              	.Ldebug_ranges0:
 747 0000 00000000 		.4byte	.LFB0
 748 0004 2A010000 		.4byte	.LFE0
 749 0008 00000000 		.4byte	.LFB1
 750 000c 48010000 		.4byte	.LFE1
 751 0010 00000000 		.4byte	0
 752 0014 00000000 		.4byte	0
 753              		.section	.debug_line,"",%progbits
 754              	.Ldebug_line0:
 755 0000 D0000000 		.section	.debug_str,"MS",%progbits,1
 755      02007100 
 755      00000201 
 755      FB0E0D00 
 755      01010101 
 756              	.LASF31:
 757 0000 433A5C55 		.ascii	"C:\\Users\\barror2\\Documents\\PSoC Creator\\tft_te"
 757      73657273 
 757      5C626172 
 757      726F7232 
 757      5C446F63 
 758 002e 73745C74 		.ascii	"st\\tft_twitter.cydsn\000"
 758      66745F74 
 758      77697474 
 758      65722E63 
 758      7964736E 
 759              	.LASF24:
 760 0043 54465453 		.ascii	"TFTSHIELD_1_SPIM_1_txBufferFull\000"
 760      4849454C 
 760      445F315F 
 760      5350494D 
 760      5F315F74 
 761              	.LASF25:
 762 0063 54465453 		.ascii	"TFTSHIELD_1_SPIM_1_rxBuffer\000"
 762      4849454C 
 762      445F315F 
ARM GAS  C:\Users\barror2\AppData\Local\Temp\ccHtZiyB.s 			page 18


 762      5350494D 
 762      5F315F72 
 763              	.LASF28:
 764 007f 54465453 		.ascii	"TFTSHIELD_1_SPIM_1_rxBufferFull\000"
 764      4849454C 
 764      445F315F 
 764      5350494D 
 764      5F315F72 
 765              	.LASF3:
 766 009f 73686F72 		.ascii	"short unsigned int\000"
 766      7420756E 
 766      7369676E 
 766      65642069 
 766      6E7400
 767              	.LASF30:
 768 00b2 2E5C4765 		.ascii	".\\Generated_Source\\PSoC5\\TFTSHIELD_1_SPIM_1_INT."
 768      6E657261 
 768      7465645F 
 768      536F7572 
 768      63655C50 
 769 00e2 6300     		.ascii	"c\000"
 770              	.LASF22:
 771 00e4 54465453 		.ascii	"TFTSHIELD_1_SPIM_1_txBufferRead\000"
 771      4849454C 
 771      445F315F 
 771      5350494D 
 771      5F315F74 
 772              	.LASF16:
 773 0104 54465453 		.ascii	"TFTSHIELD_1_SPIM_1_RX_ISR\000"
 773      4849454C 
 773      445F315F 
 773      5350494D 
 773      5F315F52 
 774              	.LASF9:
 775 011e 666C6F61 		.ascii	"float\000"
 775      7400
 776              	.LASF23:
 777 0124 54465453 		.ascii	"TFTSHIELD_1_SPIM_1_txBufferWrite\000"
 777      4849454C 
 777      445F315F 
 777      5350494D 
 777      5F315F74 
 778              	.LASF1:
 779 0145 756E7369 		.ascii	"unsigned char\000"
 779      676E6564 
 779      20636861 
 779      7200
 780              	.LASF13:
 781 0153 72656738 		.ascii	"reg8\000"
 781      00
 782              	.LASF5:
 783 0158 6C6F6E67 		.ascii	"long unsigned int\000"
 783      20756E73 
 783      69676E65 
 783      6420696E 
 783      7400
 784              	.LASF12:
ARM GAS  C:\Users\barror2\AppData\Local\Temp\ccHtZiyB.s 			page 19


 785 016a 75696E74 		.ascii	"uint8\000"
 785      3800
 786              	.LASF18:
 787 0170 72784461 		.ascii	"rxData\000"
 787      746100
 788              	.LASF10:
 789 0177 646F7562 		.ascii	"double\000"
 789      6C6500
 790              	.LASF20:
 791 017e 54465453 		.ascii	"TFTSHIELD_1_SPIM_1_swStatusRx\000"
 791      4849454C 
 791      445F315F 
 791      5350494D 
 791      5F315F73 
 792              	.LASF8:
 793 019c 756E7369 		.ascii	"unsigned int\000"
 793      676E6564 
 793      20696E74 
 793      00
 794              	.LASF7:
 795 01a9 6C6F6E67 		.ascii	"long long unsigned int\000"
 795      206C6F6E 
 795      6720756E 
 795      7369676E 
 795      65642069 
 796              	.LASF19:
 797 01c0 54465453 		.ascii	"TFTSHIELD_1_SPIM_1_swStatusTx\000"
 797      4849454C 
 797      445F315F 
 797      5350494D 
 797      5F315F73 
 798              	.LASF14:
 799 01de 73697A65 		.ascii	"sizetype\000"
 799      74797065 
 799      00
 800              	.LASF6:
 801 01e7 6C6F6E67 		.ascii	"long long int\000"
 801      206C6F6E 
 801      6720696E 
 801      7400
 802              	.LASF11:
 803 01f5 63686172 		.ascii	"char\000"
 803      00
 804              	.LASF26:
 805 01fa 54465453 		.ascii	"TFTSHIELD_1_SPIM_1_rxBufferRead\000"
 805      4849454C 
 805      445F315F 
 805      5350494D 
 805      5F315F72 
 806              	.LASF21:
 807 021a 54465453 		.ascii	"TFTSHIELD_1_SPIM_1_txBuffer\000"
 807      4849454C 
 807      445F315F 
 807      5350494D 
 807      5F315F74 
 808              	.LASF2:
 809 0236 73686F72 		.ascii	"short int\000"
ARM GAS  C:\Users\barror2\AppData\Local\Temp\ccHtZiyB.s 			page 20


 809      7420696E 
 809      7400
 810              	.LASF29:
 811 0240 474E5520 		.ascii	"GNU C 4.7.3 20130312 (release) [ARM/embedded-4_7-br"
 811      4320342E 
 811      372E3320 
 811      32303133 
 811      30333132 
 812 0273 616E6368 		.ascii	"anch revision 196615]\000"
 812      20726576 
 812      6973696F 
 812      6E203139 
 812      36363135 
 813              	.LASF4:
 814 0289 6C6F6E67 		.ascii	"long int\000"
 814      20696E74 
 814      00
 815              	.LASF17:
 816 0292 746D7053 		.ascii	"tmpStatus\000"
 816      74617475 
 816      7300
 817              	.LASF0:
 818 029c 7369676E 		.ascii	"signed char\000"
 818      65642063 
 818      68617200 
 819              	.LASF27:
 820 02a8 54465453 		.ascii	"TFTSHIELD_1_SPIM_1_rxBufferWrite\000"
 820      4849454C 
 820      445F315F 
 820      5350494D 
 820      5F315F72 
 821              	.LASF15:
 822 02c9 54465453 		.ascii	"TFTSHIELD_1_SPIM_1_TX_ISR\000"
 822      4849454C 
 822      445F315F 
 822      5350494D 
 822      5F315F54 
 823              		.ident	"GCC: (GNU Tools for ARM Embedded Processors) 4.7.3 20130312 (release) [ARM/embedded-4_7-br
