Archive member included because of file (symbol)

.\CortexM3\ARM_GCC_473\Debug\Inputs_outputs.a(cyfitter_cfg.o)
                              .\CortexM3\ARM_GCC_473\Debug\Cm3Start.o (cyfitter_cfg)
.\CortexM3\ARM_GCC_473\Debug\Inputs_outputs.a(Clock_1.o)
                              .\CortexM3\ARM_GCC_473\Debug\main.o (Clock_1_SetDividerRegister)
.\CortexM3\ARM_GCC_473\Debug\Inputs_outputs.a(TFTSHIELD_1.o)
                              .\CortexM3\ARM_GCC_473\Debug\main.o (TFTSHIELD_1_Start)
.\CortexM3\ARM_GCC_473\Debug\Inputs_outputs.a(TFTSHIELD_1_SPIM_1.o)
                              .\CortexM3\ARM_GCC_473\Debug\Inputs_outputs.a(TFTSHIELD_1.o) (TFTSHIELD_1_SPIM_1_Start)
.\CortexM3\ARM_GCC_473\Debug\Inputs_outputs.a(TFTSHIELD_1_SPIM_1_INT.o)
                              .\CortexM3\ARM_GCC_473\Debug\Inputs_outputs.a(TFTSHIELD_1_SPIM_1.o) (TFTSHIELD_1_SPIM_1_TX_ISR)
.\CortexM3\ARM_GCC_473\Debug\Inputs_outputs.a(TFTSHIELD_1_CR_1.o)
                              .\CortexM3\ARM_GCC_473\Debug\Inputs_outputs.a(TFTSHIELD_1.o) (TFTSHIELD_1_CR_1_Write)
.\CortexM3\ARM_GCC_473\Debug\Inputs_outputs.a(CyBootAsmGnu.o)
                              .\CortexM3\ARM_GCC_473\Debug\Inputs_outputs.a(cyfitter_cfg.o) (CyDelayCycles)
.\CortexM3\ARM_GCC_473\Debug\Inputs_outputs.a(CyLib.o)
                              .\CortexM3\ARM_GCC_473\Debug\Cm3Start.o (CyResetStatus)
.\CortexM3\ARM_GCC_473\Debug\Inputs_outputs.a(cyPm.o)
                              .\CortexM3\ARM_GCC_473\Debug\Inputs_outputs.a(CyLib.o) (CyPmReadStatus)
.\CortexM3\ARM_GCC_473\Debug\Inputs_outputs.a(Seven_Segment_Register.o)
                              .\CortexM3\ARM_GCC_473\Debug\main.o (Seven_Segment_Register_Read)
.\CortexM3\ARM_GCC_473\Debug\Inputs_outputs.a(PushButton_Register.o)
                              .\CortexM3\ARM_GCC_473\Debug\main.o (PushButton_Register_Write)
.\CortexM3\ARM_GCC_473\Debug\Inputs_outputs.a(Switch_Register.o)
                              .\CortexM3\ARM_GCC_473\Debug\main.o (Switch_Register_Write)
.\CortexM3\ARM_GCC_473\Debug\Inputs_outputs.a(LED_Register.o)
                              .\CortexM3\ARM_GCC_473\Debug\main.o (LED_Register_Read)
.\CortexM3\ARM_GCC_473\Debug\Inputs_outputs.a(CyFlash.o)
                              .\CortexM3\ARM_GCC_473\Debug\Inputs_outputs.a(cyPm.o) (CyFlash_SetWaitCycles)
.\CortexM3\ARM_GCC_473\Debug\Inputs_outputs.a(CySpc.o)
                              .\CortexM3\ARM_GCC_473\Debug\Inputs_outputs.a(CyFlash.o) (CySpcStart)
c:/program files (x86)/cypress/psoc creator/3.0/psoc creator/import/gnu_cs/arm/4.7.3/bin/../lib/gcc/arm-none-eabi/4.7.3/armv7-m\libgcc.a(_arm_addsubdf3.o)
                              .\CortexM3\ARM_GCC_473\Debug\main.o (__aeabi_dsub)
c:/program files (x86)/cypress/psoc creator/3.0/psoc creator/import/gnu_cs/arm/4.7.3/bin/../lib/gcc/arm-none-eabi/4.7.3/armv7-m\libgcc.a(_arm_muldivdf3.o)
                              .\CortexM3\ARM_GCC_473\Debug\main.o (__aeabi_dmul)
c:/program files (x86)/cypress/psoc creator/3.0/psoc creator/import/gnu_cs/arm/4.7.3/bin/../lib/gcc/arm-none-eabi/4.7.3/armv7-m\libgcc.a(_arm_cmpdf2.o)
                              .\CortexM3\ARM_GCC_473\Debug\main.o (__aeabi_dcmplt)
c:/program files (x86)/cypress/psoc creator/3.0/psoc creator/import/gnu_cs/arm/4.7.3/bin/../lib/gcc/arm-none-eabi/4.7.3/armv7-m\libgcc.a(_arm_fixdfsi.o)
                              .\CortexM3\ARM_GCC_473\Debug\main.o (__aeabi_d2iz)
c:/program files (x86)/cypress/psoc creator/3.0/psoc creator/import/gnu_cs/arm/4.7.3/bin/../lib/gcc/arm-none-eabi/4.7.3/armv7-m\libgcc.a(_arm_addsubsf3.o)
                              .\CortexM3\ARM_GCC_473\Debug\Inputs_outputs.a(TFTSHIELD_1.o) (__aeabi_fadd)
c:/program files (x86)/cypress/psoc creator/3.0/psoc creator/import/gnu_cs/arm/4.7.3/bin/../lib/gcc/arm-none-eabi/4.7.3/armv7-m\libgcc.a(_arm_muldivsf3.o)
                              .\CortexM3\ARM_GCC_473\Debug\Inputs_outputs.a(TFTSHIELD_1.o) (__aeabi_fmul)
c:/program files (x86)/cypress/psoc creator/3.0/psoc creator/import/gnu_cs/arm/4.7.3/bin/../lib/gcc/arm-none-eabi/4.7.3/armv7-m\libgcc.a(_arm_fixsfsi.o)
                              .\CortexM3\ARM_GCC_473\Debug\Inputs_outputs.a(TFTSHIELD_1.o) (__aeabi_f2iz)
c:/program files (x86)/cypress/psoc creator/3.0/psoc creator/import/gnu_cs/arm/4.7.3/bin/../lib/gcc/arm-none-eabi/4.7.3/../../../../arm-none-eabi/lib/armv7-m\libc_s.a(lib_a-__atexit2.o)
                              c:/program files (x86)/cypress/psoc creator/3.0/psoc creator/import/gnu_cs/arm/4.7.3/bin/../lib/gcc/arm-none-eabi/4.7.3/../../../../arm-none-eabi/lib/armv7-m/crt0.o (__register_exitproc)
c:/program files (x86)/cypress/psoc creator/3.0/psoc creator/import/gnu_cs/arm/4.7.3/bin/../lib/gcc/arm-none-eabi/4.7.3/../../../../arm-none-eabi/lib/armv7-m\libc_s.a(lib_a-exit.o)
                              c:/program files (x86)/cypress/psoc creator/3.0/psoc creator/import/gnu_cs/arm/4.7.3/bin/../lib/gcc/arm-none-eabi/4.7.3/../../../../arm-none-eabi/lib/armv7-m/crt0.o (exit)
[...]
Memory Configuration

Name             Origin             Length             Attributes
rom              0x00000000         0x00040000         xr
ram              0x1fff8000         0x00010000         xrw
*default*        0x00000000         0xffffffff

Linker script and memory map

LOAD c:/program files (x86)/cypress/psoc creator/3.0/psoc creator/import/gnu_cs/arm/4.7.3/bin/../lib/gcc/arm-none-eabi/4.7.3/armv7-m/crti.o
LOAD c:/program files (x86)/cypress/psoc creator/3.0/psoc creator/import/gnu_cs/arm/4.7.3/bin/../lib/gcc/arm-none-eabi/4.7.3/armv7-m/crtbegin.o
LOAD c:/program files (x86)/cypress/psoc creator/3.0/psoc creator/import/gnu_cs/arm/4.7.3/bin/../lib/gcc/arm-none-eabi/4.7.3/../../../../arm-none-eabi/lib/armv7-m/crt0.o
START GROUP
LOAD .\CortexM3\ARM_GCC_473\Debug\main.o
LOAD .\CortexM3\ARM_GCC_473\Debug\cymetadata.o
LOAD .\CortexM3\ARM_GCC_473\Debug\Cm3Start.o
LOAD .\CortexM3\ARM_GCC_473\Debug\cybootloader.o
LOAD .\CortexM3\ARM_GCC_473\Debug\Inputs_outputs.a
LOAD C:\Program Files (x86)\Cypress\PSoC Creator\3.0\PSoC Creator\psoc\content\cycomponentlibrary\CyComponentLibrary.cylib\CortexM3\ARM_GCC_473\Debug\CyComponentLibrary.a
END GROUP
START GROUP
LOAD c:/program files (x86)/cypress/psoc creator/3.0/psoc creator/import/gnu_cs/arm/4.7.3/bin/../lib/gcc/arm-none-eabi/4.7.3/armv7-m\libgcc.a
LOAD c:/program files (x86)/cypress/psoc creator/3.0/psoc creator/import/gnu_cs/arm/4.7.3/bin/../lib/gcc/arm-none-eabi/4.7.3/../../../../arm-none-eabi/lib/armv7-m\libc_s.a
END GROUP
LOAD c:/program files (x86)/cypress/psoc creator/3.0/psoc creator/import/gnu_cs/arm/4.7.3/bin/../lib/gcc/arm-none-eabi/4.7.3/armv7-m/crtend.o
LOAD c:/program files (x86)/cypress/psoc creator/3.0/psoc creator/import/gnu_cs/arm/4.7.3/bin/../lib/gcc/arm-none-eabi/4.7.3/armv7-m/crtn.o
START GROUP
LOAD c:/program files (x86)/cypress/psoc creator/3.0/psoc creator/import/gnu_cs/arm/4.7.3/bin/../lib/gcc/arm-none-eabi/4.7.3/armv7-m\libgcc.a
LOAD c:/program files (x86)/cypress/psoc creator/3.0/psoc creator/import/gnu_cs/arm/4.7.3/bin/../lib/gcc/arm-none-eabi/4.7.3/../../../../arm-none-eabi/lib/armv7-m\libc.a
LOAD c:/program files (x86)/cypress/psoc creator/3.0/psoc creator/import/gnu_cs/arm/4.7.3/bin/../lib/gcc/arm-none-eabi/4.7.3/../../../../arm-none-eabi/lib/armv7-m\libnosys.a
END GROUP
                0x00000000                CY_APPL_ORIGIN = 0x0
                0x00000100                CY_FLASH_ROW_SIZE = 0x100
                0x00000020                CY_ECC_ROW_SIZE = 0x20
                0x00000000                CY_EE_IN_BTLDR = 0x0
                0x00000001                CY_APPL_LOADABLE = 0x1
                0x00000800                CY_EE_SIZE = 0x800
                0x00000001                CY_APPL_NUM = 0x1
                0x00000001                CY_APPL_MAX = 0x1
                0x00000040                CY_METADATA_SIZE = 0x40
                0x1fff8158                PROVIDE (__cy_heap_start, _end)
                0x00000001                PROVIDE (__cy_region_num, ((__cy_regions_end - __cy_regions) / 0x10))
                0x20008000                PROVIDE (__cy_stack, (ORIGIN (ram) + 0x10000))
                0x20004000                PROVIDE (__cy_heap_end, (__cy_stack - 0x4000))

.cybootloader   0x00000000     0x4b00
 *(.cybootloader)
 .cybootloader  0x00000000     0x4b00 .\CortexM3\ARM_GCC_473\Debug\cybootloader.o
                0x00000000                cy_bootloader
                0x00004b00                appl1_start = CY_APPL_ORIGIN?CY_APPL_ORIGIN:ALIGN (CY_FLASH_ROW_SIZE)
                0x00022500                appl2_start = (appl1_start + ALIGN ((((0x40000 - appl1_start) - (0x2 * CY_FLASH_ROW_SIZE)) / 0x2), CY_FLASH_ROW_SIZE))
                0x00004b00                appl_start = (CY_APPL_NUM == 0x1)?appl1_start:appl2_start
                0x00000960                ecc_offset = ((appl_start / CY_FLASH_ROW_SIZE) * CY_ECC_ROW_SIZE)
                0x00000000                ee_offset = (CY_APPL_LOADABLE && ! (CY_EE_IN_BTLDR))?((CY_EE_SIZE / CY_APPL_MAX) * (CY_APPL_NUM - 0x1)):0x0
                0x00000800                ee_size = (CY_APPL_LOADABLE && ! (CY_EE_IN_BTLDR))?(CY_EE_SIZE / CY_APPL_MAX):CY_EE_SIZE
                0x00000960                PROVIDE (CY_ECC_OFFSET, ecc_offset)

.text           0x00004b00     0x67e6
 CREATE_OBJECT_SYMBOLS
                0x00004b00                PROVIDE (__cy_interrupt_vector, RomVectors)
 *(.romvectors)
 .romvectors    0x00004b00       0x10 .\CortexM3\ARM_GCC_473\Debug\Cm3Start.o
                0x00004b00                RomVectors
                0x00000001                ASSERT ((. != __cy_interrupt_vector), No interrupt vector)
                0x00000001                ASSERT (CY_APPL_ORIGIN?(SIZEOF (.cybootloader) <= CY_APPL_ORIGIN):0x1, Wrong image location)
                0x00004b10                PROVIDE (__cy_reset, Reset)
 *(.text.Reset)
 .text.Reset    0x00004b10        0x8 .\CortexM3\ARM_GCC_473\Debug\Cm3Start.o
                0x00004b10                Reset
                0x00000001                ASSERT ((. != __cy_reset), No reset code)
 *(.dma_init)
                0x00000001                ASSERT ((((appl_start + .) <= 0x10000) || 0x1), DMA Init must be within the first 64k of flash)
 *(.text .text.* .gnu.linkonce.t.*)
 .text          0x00004b18       0x54 c:/program files (x86)/cypress/psoc creator/3.0/psoc creator/import/gnu_cs/arm/4.7.3/bin/../lib/gcc/arm-none-eabi/4.7.3/armv7-m/crtbegin.o
 .text.main     0x00004b6c      0x2dc .\CortexM3\ARM_GCC_473\Debug\main.o
                0x00004b6c                main
 .text.DrawPushbutton
                0x00004e48      0x1c0 .\CortexM3\ARM_GCC_473\Debug\main.o
                0x00004e48                DrawPushbutton
 .text.waiting  0x00005008       0x34 .\CortexM3\ARM_GCC_473\Debug\main.o
                0x00005008                waiting
 *fill*         0x0000503c        0x4 00
 .text.DrawSlideSwitch
                0x00005040     0x1750 .\CortexM3\ARM_GCC_473\Debug\main.o
                0x00005040                DrawSlideSwitch
 .text.DrawLED  0x00006790      0x168 .\CortexM3\ARM_GCC_473\Debug\main.o
                0x00006790                DrawLED
 .text.DrawHEX_a
                0x000068f8      0x280 .\CortexM3\ARM_GCC_473\Debug\main.o
                0x000068f8                DrawHEX_a
 .text.DrawHEX_b
                0x00006b78      0x2e8 .\CortexM3\ARM_GCC_473\Debug\main.o
                0x00006b78                DrawHEX_b
 .text.DrawHEX_c
                0x00006e60      0x318 .\CortexM3\ARM_GCC_473\Debug\main.o
                0x00006e60                DrawHEX_c
 .text.DrawHEX_d
                0x00007178      0x2b8 .\CortexM3\ARM_GCC_473\Debug\main.o
                0x00007178                DrawHEX_d
 .text.DrawHEX_e
                0x00007430      0x388 .\CortexM3\ARM_GCC_473\Debug\main.o
                0x00007430                DrawHEX_e
 .text.DrawHEX_f
                0x000077b8      0x358 .\CortexM3\ARM_GCC_473\Debug\main.o
                0x000077b8                DrawHEX_f
 .text.DrawHEX_g
                0x00007b10      0x260 .\CortexM3\ARM_GCC_473\Debug\main.o
                0x00007b10                DrawHEX_g
 .text.DrawHex  0x00007d70      0x2b0 .\CortexM3\ARM_GCC_473\Debug\main.o
                0x00007d70                DrawHex
 .text.InputTouched
                0x00008020      0x210 .\CortexM3\ARM_GCC_473\Debug\main.o
                0x00008020                InputTouched
 .text.TFT_INIT
                0x00008230       0x80 .\CortexM3\ARM_GCC_473\Debug\main.o
                0x00008230                TFT_INIT
 .text.mapCoor  0x000082b0       0x38 .\CortexM3\ARM_GCC_473\Debug\main.o
                0x000082b0                mapCoor
 .text.DrawInputs
                0x000082e8       0x78 .\CortexM3\ARM_GCC_473\Debug\main.o
                0x000082e8                DrawInputs
 .text.DrawOutputs
                0x00008360       0x5c .\CortexM3\ARM_GCC_473\Debug\main.o
                0x00008360                DrawOutputs
 .text.IntDefaultHandler
                0x000083bc        0x8 .\CortexM3\ARM_GCC_473\Debug\Cm3Start.o
                0x000083bc                IntDefaultHandler
 .text.Start_c  0x000083c4       0xcc .\CortexM3\ARM_GCC_473\Debug\Cm3Start.o
                0x000083c4                Start_c
 .text.initialize_psoc
                0x00008490       0xb4 .\CortexM3\ARM_GCC_473\Debug\Cm3Start.o
                0x00008490                initialize_psoc
 .text.CYMEMZERO
                0x00008544       0x20 .\CortexM3\ARM_GCC_473\Debug\Inputs_outputs.a(cyfitter_cfg.o)
 .text.CYCONFIGCPY
                0x00008564       0x20 .\CortexM3\ARM_GCC_473\Debug\Inputs_outputs.a(cyfitter_cfg.o)
 .text.CyClockStartupError
                0x00008584        0xc .\CortexM3\ARM_GCC_473\Debug\Inputs_outputs.a(cyfitter_cfg.o)
 .text.cfg_write_bytes32
                0x00008590       0x84 .\CortexM3\ARM_GCC_473\Debug\Inputs_outputs.a(cyfitter_cfg.o)
 .text.ClockSetup
                0x00008614      0x16c .\CortexM3\ARM_GCC_473\Debug\Inputs_outputs.a(cyfitter_cfg.o)
 .text.AnalogSetDefault
                0x00008780       0x50 .\CortexM3\ARM_GCC_473\Debug\Inputs_outputs.a(cyfitter_cfg.o)
 .text.cyfitter_cfg
                0x000087d0      0x204 .\CortexM3\ARM_GCC_473\Debug\Inputs_outputs.a(cyfitter_cfg.o)
                0x000087d0                cyfitter_cfg
 .text.Clock_1_SetDividerRegister
                0x000089d4      0x1e8 .\CortexM3\ARM_GCC_473\Debug\Inputs_outputs.a(Clock_1.o)
                0x000089d4                Clock_1_SetDividerRegister
 .text.Clock_1_GetDividerRegister
                0x00008bbc       0x18 .\CortexM3\ARM_GCC_473\Debug\Inputs_outputs.a(Clock_1.o)
                0x00008bbc                Clock_1_GetDividerRegister
 .text.Clock_1_GetSourceRegister
                0x00008bd4       0x20 .\CortexM3\ARM_GCC_473\Debug\Inputs_outputs.a(Clock_1.o)
                0x00008bd4                Clock_1_GetSourceRegister
 .text.TFTSHIELD_1_Start
                0x00008bf4      0x348 .\CortexM3\ARM_GCC_473\Debug\Inputs_outputs.a(TFTSHIELD_1.o)
                0x00008bf4                TFTSHIELD_1_Start
 .text.TFTSHIELD_1_SetPixel
                0x00008f3c       0x30 .\CortexM3\ARM_GCC_473\Debug\Inputs_outputs.a(TFTSHIELD_1.o)
                0x00008f3c                TFTSHIELD_1_SetPixel
 .text.TFTSHIELD_1_GotoXY
                0x00008f6c       0x38 .\CortexM3\ARM_GCC_473\Debug\Inputs_outputs.a(TFTSHIELD_1.o)
                0x00008f6c                TFTSHIELD_1_GotoXY
 .text.TFTSHIELD_1_SetPage
                0x00008fa4       0x30 .\CortexM3\ARM_GCC_473\Debug\Inputs_outputs.a(TFTSHIELD_1.o)
                0x00008fa4                TFTSHIELD_1_SetPage
 .text.TFTSHIELD_1_SetAddrWindow
                0x00008fd4       0x50 .\CortexM3\ARM_GCC_473\Debug\Inputs_outputs.a(TFTSHIELD_1.o)
                0x00008fd4                TFTSHIELD_1_SetAddrWindow
 .text.TFTSHIELD_1_FillRect
                0x00009024      0x118 .\CortexM3\ARM_GCC_473\Debug\Inputs_outputs.a(TFTSHIELD_1.o)
                0x00009024                TFTSHIELD_1_FillRect
 .text.TFTSHIELD_1_FillScreen
                0x0000913c       0x40 .\CortexM3\ARM_GCC_473\Debug\Inputs_outputs.a(TFTSHIELD_1.o)
                0x0000913c                TFTSHIELD_1_FillScreen
 .text.TFTSHIELD_1_SetCol
                0x0000917c       0x30 .\CortexM3\ARM_GCC_473\Debug\Inputs_outputs.a(TFTSHIELD_1.o)
                0x0000917c                TFTSHIELD_1_SetCol
 .text.TFTSHIELD_1_SendData16
                0x000091ac       0x3c .\CortexM3\ARM_GCC_473\Debug\Inputs_outputs.a(TFTSHIELD_1.o)
                0x000091ac                TFTSHIELD_1_SendData16
 .text.TFTSHIELD_1_SendData
                0x000091e8       0x28 .\CortexM3\ARM_GCC_473\Debug\Inputs_outputs.a(TFTSHIELD_1.o)
                0x000091e8                TFTSHIELD_1_SendData
 .text.TFTSHIELD_1_SendCmd
                0x00009210       0x28 .\CortexM3\ARM_GCC_473\Debug\Inputs_outputs.a(TFTSHIELD_1.o)
                0x00009210                TFTSHIELD_1_SendCmd
 .text.TFTSHIELD_1_SPITransfer
                0x00009238       0x1c .\CortexM3\ARM_GCC_473\Debug\Inputs_outputs.a(TFTSHIELD_1.o)
                0x00009238                TFTSHIELD_1_SPITransfer
 .text.TFTSHIELD_1_DrawVLine
                0x00009254       0x7c .\CortexM3\ARM_GCC_473\Debug\Inputs_outputs.a(TFTSHIELD_1.o)
                0x00009254                TFTSHIELD_1_DrawVLine
 .text.TFTSHIELD_1_DrawHLine
                0x000092d0       0x34 .\CortexM3\ARM_GCC_473\Debug\Inputs_outputs.a(TFTSHIELD_1.o)
                0x000092d0                TFTSHIELD_1_DrawHLine
 .text.TFTSHIELD_1_DrawLine
                0x00009304      0x1c8 .\CortexM3\ARM_GCC_473\Debug\Inputs_outputs.a(TFTSHIELD_1.o)
                0x00009304                TFTSHIELD_1_DrawLine
 .text.TFTSHIELD_1_DrawCircleHelper
                0x000094cc      0x19c .\CortexM3\ARM_GCC_473\Debug\Inputs_outputs.a(TFTSHIELD_1.o)
                0x000094cc                TFTSHIELD_1_DrawCircleHelper
 .text.TFTSHIELD_1_FillCircle
                0x00009668       0x58 .\CortexM3\ARM_GCC_473\Debug\Inputs_outputs.a(TFTSHIELD_1.o)
                0x00009668                TFTSHIELD_1_FillCircle
 .text.TFTSHIELD_1_FillCircleHelper
                0x000096c0      0x150 .\CortexM3\ARM_GCC_473\Debug\Inputs_outputs.a(TFTSHIELD_1.o)
                0x000096c0                TFTSHIELD_1_FillCircleHelper
 .text.TFTSHIELD_1_DrawRoundRect
                0x00009810      0x1c4 .\CortexM3\ARM_GCC_473\Debug\Inputs_outputs.a(TFTSHIELD_1.o)
                0x00009810                TFTSHIELD_1_DrawRoundRect
 .text.TFTSHIELD_1_FillRoundRect
                0x000099d4       0xf8 .\CortexM3\ARM_GCC_473\Debug\Inputs_outputs.a(TFTSHIELD_1.o)
                0x000099d4                TFTSHIELD_1_FillRoundRect
 .text.TFTSHIELD_1_SetCursor
                0x00009acc       0x30 .\CortexM3\ARM_GCC_473\Debug\Inputs_outputs.a(TFTSHIELD_1.o)
                0x00009acc                TFTSHIELD_1_SetCursor
 .text.TFTSHIELD_1_SetTextSize
                0x00009afc       0x2c .\CortexM3\ARM_GCC_473\Debug\Inputs_outputs.a(TFTSHIELD_1.o)
                0x00009afc                TFTSHIELD_1_SetTextSize
 .text.TFTSHIELD_1_SetTextColor
                0x00009b28       0x34 .\CortexM3\ARM_GCC_473\Debug\Inputs_outputs.a(TFTSHIELD_1.o)
                0x00009b28                TFTSHIELD_1_SetTextColor
 .text.TFTSHIELD_1_CS_LOW
                0x00009b5c       0x28 .\CortexM3\ARM_GCC_473\Debug\Inputs_outputs.a(TFTSHIELD_1.o)
                0x00009b5c                TFTSHIELD_1_CS_LOW
 .text.TFTSHIELD_1_CS_HIGH
                0x00009b84       0x28 .\CortexM3\ARM_GCC_473\Debug\Inputs_outputs.a(TFTSHIELD_1.o)
                0x00009b84                TFTSHIELD_1_CS_HIGH
 .text.TFTSHIELD_1_DC_LOW
                0x00009bac       0x28 .\CortexM3\ARM_GCC_473\Debug\Inputs_outputs.a(TFTSHIELD_1.o)
                0x00009bac                TFTSHIELD_1_DC_LOW
 .text.TFTSHIELD_1_DC_HIGH
                0x00009bd4       0x28 .\CortexM3\ARM_GCC_473\Debug\Inputs_outputs.a(TFTSHIELD_1.o)
                0x00009bd4                TFTSHIELD_1_DC_HIGH
 .text.TFTSHIELD_1_RT_CS_LOW
                0x00009bfc       0x28 .\CortexM3\ARM_GCC_473\Debug\Inputs_outputs.a(TFTSHIELD_1.o)
                0x00009bfc                TFTSHIELD_1_RT_CS_LOW
 .text.TFTSHIELD_1_RT_CS_HIGH
                0x00009c24       0x28 .\CortexM3\ARM_GCC_473\Debug\Inputs_outputs.a(TFTSHIELD_1.o)
                0x00009c24                TFTSHIELD_1_RT_CS_HIGH
 .text.TFTSHIELD_1_StartTouch
                0x00009c4c      0x10c .\CortexM3\ARM_GCC_473\Debug\Inputs_outputs.a(TFTSHIELD_1.o)
                0x00009c4c                TFTSHIELD_1_StartTouch
 .text.TFTSHIELD_1_WriteRegister8
                0x00009d58       0x4c .\CortexM3\ARM_GCC_473\Debug\Inputs_outputs.a(TFTSHIELD_1.o)
                0x00009d58                TFTSHIELD_1_WriteRegister8
 .text.TFTSHIELD_1_ReadRegister8
                0x00009da4       0x84 .\CortexM3\ARM_GCC_473\Debug\Inputs_outputs.a(TFTSHIELD_1.o)
                0x00009da4                TFTSHIELD_1_ReadRegister8
 .text.TFTSHIELD_1_ReadData
                0x00009e28       0xb0 .\CortexM3\ARM_GCC_473\Debug\Inputs_outputs.a(TFTSHIELD_1.o)
                0x00009e28                TFTSHIELD_1_ReadData
 .text.TFTSHIELD_1_GetVersion
                0x00009ed8       0x38 .\CortexM3\ARM_GCC_473\Debug\Inputs_outputs.a(TFTSHIELD_1.o)
                0x00009ed8                TFTSHIELD_1_GetVersion
 .text.TFTSHIELD_1_ResetBuffer
                0x00009f10       0x3c .\CortexM3\ARM_GCC_473\Debug\Inputs_outputs.a(TFTSHIELD_1.o)
                0x00009f10                TFTSHIELD_1_ResetBuffer
 .text.TFTSHIELD_1_Touched
                0x00009f4c       0x30 .\CortexM3\ARM_GCC_473\Debug\Inputs_outputs.a(TFTSHIELD_1.o)
                0x00009f4c                TFTSHIELD_1_Touched
 .text.TFTSHIELD_1_BufferEmpty
                0x00009f7c       0x20 .\CortexM3\ARM_GCC_473\Debug\Inputs_outputs.a(TFTSHIELD_1.o)
                0x00009f7c                TFTSHIELD_1_BufferEmpty
 .text.TFTSHIELD_1_SPIM_1_Init
                0x00009f9c       0x90 .\CortexM3\ARM_GCC_473\Debug\Inputs_outputs.a(TFTSHIELD_1_SPIM_1.o)
                0x00009f9c                TFTSHIELD_1_SPIM_1_Init
 .text.TFTSHIELD_1_SPIM_1_Enable
                0x0000a02c       0x7c .\CortexM3\ARM_GCC_473\Debug\Inputs_outputs.a(TFTSHIELD_1_SPIM_1.o)
                0x0000a02c                TFTSHIELD_1_SPIM_1_Enable
 .text.TFTSHIELD_1_SPIM_1_Start
                0x0000a0a8       0x2c .\CortexM3\ARM_GCC_473\Debug\Inputs_outputs.a(TFTSHIELD_1_SPIM_1.o)
                0x0000a0a8                TFTSHIELD_1_SPIM_1_Start
 .text.TFTSHIELD_1_SPIM_1_EnableTxInt
                0x0000a0d4       0x18 .\CortexM3\ARM_GCC_473\Debug\Inputs_outputs.a(TFTSHIELD_1_SPIM_1.o)
                0x0000a0d4                TFTSHIELD_1_SPIM_1_EnableTxInt
 .text.TFTSHIELD_1_SPIM_1_EnableRxInt
                0x0000a0ec       0x18 .\CortexM3\ARM_GCC_473\Debug\Inputs_outputs.a(TFTSHIELD_1_SPIM_1.o)
                0x0000a0ec                TFTSHIELD_1_SPIM_1_EnableRxInt
 .text.TFTSHIELD_1_SPIM_1_ReadTxStatus
                0x0000a104       0x20 .\CortexM3\ARM_GCC_473\Debug\Inputs_outputs.a(TFTSHIELD_1_SPIM_1.o)
                0x0000a104                TFTSHIELD_1_SPIM_1_ReadTxStatus
 .text.TFTSHIELD_1_SPIM_1_ReadRxStatus
                0x0000a124       0x20 .\CortexM3\ARM_GCC_473\Debug\Inputs_outputs.a(TFTSHIELD_1_SPIM_1.o)
                0x0000a124                TFTSHIELD_1_SPIM_1_ReadRxStatus
 .text.TFTSHIELD_1_SPIM_1_WriteTxData
                0x0000a144       0x38 .\CortexM3\ARM_GCC_473\Debug\Inputs_outputs.a(TFTSHIELD_1_SPIM_1.o)
                0x0000a144                TFTSHIELD_1_SPIM_1_WriteTxData
 .text.TFTSHIELD_1_SPIM_1_ReadRxData
                0x0000a17c       0x20 .\CortexM3\ARM_GCC_473\Debug\Inputs_outputs.a(TFTSHIELD_1_SPIM_1.o)
                0x0000a17c                TFTSHIELD_1_SPIM_1_ReadRxData
 .text.TFTSHIELD_1_SPIM_1_GetRxBufferSize
                0x0000a19c       0x34 .\CortexM3\ARM_GCC_473\Debug\Inputs_outputs.a(TFTSHIELD_1_SPIM_1.o)
                0x0000a19c                TFTSHIELD_1_SPIM_1_GetRxBufferSize
 .text.TFTSHIELD_1_SPIM_1_ClearFIFO
                0x0000a1d0       0x78 .\CortexM3\ARM_GCC_473\Debug\Inputs_outputs.a(TFTSHIELD_1_SPIM_1.o)
                0x0000a1d0                TFTSHIELD_1_SPIM_1_ClearFIFO
 .text.TFTSHIELD_1_SPIM_1_TX_ISR
                0x0000a248        0xc .\CortexM3\ARM_GCC_473\Debug\Inputs_outputs.a(TFTSHIELD_1_SPIM_1_INT.o)
                0x0000a248                TFTSHIELD_1_SPIM_1_TX_ISR
 .text.TFTSHIELD_1_SPIM_1_RX_ISR
                0x0000a254        0xc .\CortexM3\ARM_GCC_473\Debug\Inputs_outputs.a(TFTSHIELD_1_SPIM_1_INT.o)
                0x0000a254                TFTSHIELD_1_SPIM_1_RX_ISR
 .text.TFTSHIELD_1_CR_1_Write
                0x0000a260       0x20 .\CortexM3\ARM_GCC_473\Debug\Inputs_outputs.a(TFTSHIELD_1_CR_1.o)
                0x0000a260                TFTSHIELD_1_CR_1_Write
 .text.TFTSHIELD_1_CR_1_Read
                0x0000a280       0x18 .\CortexM3\ARM_GCC_473\Debug\Inputs_outputs.a(TFTSHIELD_1_CR_1.o)
                0x0000a280                TFTSHIELD_1_CR_1_Read
 .text          0x0000a298       0x28 .\CortexM3\ARM_GCC_473\Debug\Inputs_outputs.a(CyBootAsmGnu.o)
                0x0000a298                CyDelayCycles
                0x0000a2ac                CyEnterCriticalSection
                0x0000a2b4                CyExitCriticalSection
 .text.CyHalt   0x0000a2c0       0x18 .\CortexM3\ARM_GCC_473\Debug\Inputs_outputs.a(CyLib.o)
                0x0000a2c0                CyHalt
 .text.CyDelay  0x0000a2d8       0x48 .\CortexM3\ARM_GCC_473\Debug\Inputs_outputs.a(CyLib.o)
                0x0000a2d8                CyDelay
 .text.CyDelayUs
                0x0000a320       0x28 .\CortexM3\ARM_GCC_473\Debug\Inputs_outputs.a(CyLib.o)
                0x0000a320                CyDelayUs
 .text.CyIntSetVector
                0x0000a348       0x60 .\CortexM3\ARM_GCC_473\Debug\Inputs_outputs.a(CyLib.o)
                0x0000a348                CyIntSetVector
 .text.CyIntSetPriority
                0x0000a3a8       0x4c .\CortexM3\ARM_GCC_473\Debug\Inputs_outputs.a(CyLib.o)
                0x0000a3a8                CyIntSetPriority
 .text.Seven_Segment_Register_Read
                0x0000a3f4       0x18 .\CortexM3\ARM_GCC_473\Debug\Inputs_outputs.a(Seven_Segment_Register.o)
                0x0000a3f4                Seven_Segment_Register_Read
 .text.PushButton_Register_Write
                0x0000a40c       0x20 .\CortexM3\ARM_GCC_473\Debug\Inputs_outputs.a(PushButton_Register.o)
                0x0000a40c                PushButton_Register_Write
 .text.Switch_Register_Write
                0x0000a42c       0x20 .\CortexM3\ARM_GCC_473\Debug\Inputs_outputs.a(Switch_Register.o)
                0x0000a42c                Switch_Register_Write
 .text.Switch_Register_Read
                0x0000a44c       0x18 .\CortexM3\ARM_GCC_473\Debug\Inputs_outputs.a(Switch_Register.o)
                0x0000a44c                Switch_Register_Read
 .text.LED_Register_Read
                0x0000a464       0x18 .\CortexM3\ARM_GCC_473\Debug\Inputs_outputs.a(LED_Register.o)
                0x0000a464                LED_Register_Read
 .text          0x0000a47c      0x370 c:/program files (x86)/cypress/psoc creator/3.0/psoc creator/import/gnu_cs/arm/4.7.3/bin/../lib/gcc/arm-none-eabi/4.7.3/armv7-m\libgcc.a(_arm_addsubdf3.o)
                0x0000a47c                __aeabi_drsub
                0x0000a484                __aeabi_dsub
                0x0000a484                __subdf3
                0x0000a488                __aeabi_dadd
                0x0000a488                __adddf3
                0x0000a700                __floatunsidf
                0x0000a700                __aeabi_ui2d
                0x0000a720                __floatsidf
                0x0000a720                __aeabi_i2d
                0x0000a744                __aeabi_f2d
                0x0000a744                __extendsfdf2
                0x0000a780                __floatundidf
                0x0000a780                __aeabi_ul2d
                0x0000a790                __floatdidf
                0x0000a790                __aeabi_l2d
 .text          0x0000a7ec      0x424 c:/program files (x86)/cypress/psoc creator/3.0/psoc creator/import/gnu_cs/arm/4.7.3/bin/../lib/gcc/arm-none-eabi/4.7.3/armv7-m\libgcc.a(_arm_muldivdf3.o)
                0x0000a7ec                __aeabi_dmul
                0x0000a7ec                __muldf3
                0x0000aa40                __divdf3
                0x0000aa40                __aeabi_ddiv
 .text          0x0000ac10      0x110 c:/program files (x86)/cypress/psoc creator/3.0/psoc creator/import/gnu_cs/arm/4.7.3/bin/../lib/gcc/arm-none-eabi/4.7.3/armv7-m\libgcc.a(_arm_cmpdf2.o)
                0x0000ac10                __gtdf2
                0x0000ac10                __gedf2
                0x0000ac18                __ltdf2
                0x0000ac18                __ledf2
                0x0000ac20                __nedf2
                0x0000ac20                __eqdf2
                0x0000ac20                __cmpdf2
                0x0000ac9c                __aeabi_cdrcmple
                0x0000acac                __aeabi_cdcmpeq
                0x0000acac                __aeabi_cdcmple
                0x0000acbc                __aeabi_dcmpeq
                0x0000acd0                __aeabi_dcmplt
                0x0000ace4                __aeabi_dcmple
                0x0000acf8                __aeabi_dcmpge
                0x0000ad0c                __aeabi_dcmpgt
 .text          0x0000ad20       0x50 c:/program files (x86)/cypress/psoc creator/3.0/psoc creator/import/gnu_cs/arm/4.7.3/bin/../lib/gcc/arm-none-eabi/4.7.3/armv7-m\libgcc.a(_arm_fixdfsi.o)
                0x0000ad20                __aeabi_d2iz
                0x0000ad20                __fixdfsi
 .text          0x0000ad70      0x21c c:/program files (x86)/cypress/psoc creator/3.0/psoc creator/import/gnu_cs/arm/4.7.3/bin/../lib/gcc/arm-none-eabi/4.7.3/armv7-m\libgcc.a(_arm_addsubsf3.o)
                0x0000ad70                __aeabi_frsub
                0x0000ad78                __subsf3
                0x0000ad78                __aeabi_fsub
                0x0000ad7c                __aeabi_fadd
                0x0000ad7c                __addsf3
                0x0000aedc                __aeabi_ui2f
                0x0000aedc                __floatunsisf
                0x0000aee4                __aeabi_i2f
                0x0000aee4                __floatsisf
                0x0000af00                __aeabi_ul2f
                0x0000af00                __floatundisf
                0x0000af10                __aeabi_l2f
                0x0000af10                __floatdisf
 .text          0x0000af8c      0x2a0 c:/program files (x86)/cypress/psoc creator/3.0/psoc creator/import/gnu_cs/arm/4.7.3/bin/../lib/gcc/arm-none-eabi/4.7.3/armv7-m\libgcc.a(_arm_muldivsf3.o)
                0x0000af8c                __mulsf3
                0x0000af8c                __aeabi_fmul
                0x0000b0f4                __aeabi_fdiv
                0x0000b0f4                __divsf3
 .text          0x0000b22c       0x4c c:/program files (x86)/cypress/psoc creator/3.0/psoc creator/import/gnu_cs/arm/4.7.3/bin/../lib/gcc/arm-none-eabi/4.7.3/armv7-m\libgcc.a(_arm_fixsfsi.o)
                0x0000b22c                __aeabi_f2iz
                0x0000b22c                __fixsfsi
 .text.__libc_init_array
                0x0000b278       0x4c c:/program files (x86)/cypress/psoc creator/3.0/psoc creator/import/gnu_cs/arm/4.7.3/bin/../lib/gcc/arm-none-eabi/4.7.3/../../../../arm-none-eabi/lib/armv7-m\libc_s.a(lib_a-init.o)
                0x0000b278                __libc_init_array
 .text.memcpy   0x0000b2c4       0x12 c:/program files (x86)/cypress/psoc creator/3.0/psoc creator/import/gnu_cs/arm/4.7.3/bin/../lib/gcc/arm-none-eabi/4.7.3/../../../../arm-none-eabi/lib/armv7-m\libc_s.a(lib_a-memcpy.o)
                0x0000b2c4                memcpy
 .text.memset   0x0000b2d6       0x10 c:/program files (x86)/cypress/psoc creator/3.0/psoc creator/import/gnu_cs/arm/4.7.3/bin/../lib/gcc/arm-none-eabi/4.7.3/../../../../arm-none-eabi/lib/armv7-m\libc_s.a(lib_a-memset.o)
                0x0000b2d6                memset
 *(.plt)
 *(.gnu.warning)
 *(.glue_7t)
 .glue_7t       0x00000000        0x0 linker stubs
 *(.glue_7)
 .glue_7        0x00000000        0x0 linker stubs
 *(.vfp11_veneer)
 .vfp11_veneer  0x00000000        0x0 linker stubs
 *(.bootloader)
 *(.ARM.extab* .gnu.linkonce.armextab.*)
 *(.gcc_except_table)

.v4_bx          0x0000b2e8        0x0
 .v4_bx         0x00000000        0x0 linker stubs

.iplt           0x0000b2e8        0x0
 .iplt          0x00000000        0x0 c:/program files (x86)/cypress/psoc creator/3.0/psoc creator/import/gnu_cs/arm/4.7.3/bin/../lib/gcc/arm-none-eabi/4.7.3/armv7-m/crtbegin.o

.eh_frame_hdr
 *(.eh_frame_hdr)

.eh_frame       0x0000b2e8        0x4
 *(.eh_frame)
 .eh_frame      0x0000b2e8        0x0 c:/program files (x86)/cypress/psoc creator/3.0/psoc creator/import/gnu_cs/arm/4.7.3/bin/../lib/gcc/arm-none-eabi/4.7.3/armv7-m/crtbegin.o
 .eh_frame      0x0000b2e8        0x4 c:/program files (x86)/cypress/psoc creator/3.0/psoc creator/import/gnu_cs/arm/4.7.3/bin/../lib/gcc/arm-none-eabi/4.7.3/armv7-m/crtend.o
                0x0000b2ec                PROVIDE (__exidx_start, .)

.ARM.exidx
 *(.ARM.exidx* .gnu.linkonce.armexidx.*)
                0x0000b2ec                __exidx_end = .

.rodata         0x0000b2ec       0x94
 *(.rodata .rodata.* .gnu.linkonce.r.*)
 .rodata        0x0000b2ec       0x20 .\CortexM3\ARM_GCC_473\Debug\main.o
 .rodata        0x0000b30c       0x3c .\CortexM3\ARM_GCC_473\Debug\Inputs_outputs.a(cyfitter_cfg.o)
                0x0000b348                . = ALIGN (0x4)
 *(.init)
 .init          0x0000b348        0x4 c:/program files (x86)/cypress/psoc creator/3.0/psoc creator/import/gnu_cs/arm/4.7.3/bin/../lib/gcc/arm-none-eabi/4.7.3/armv7-m/crti.o
                0x0000b348                _init
 .init          0x0000b34c        0x8 c:/program files (x86)/cypress/psoc creator/3.0/psoc creator/import/gnu_cs/arm/4.7.3/bin/../lib/gcc/arm-none-eabi/4.7.3/armv7-m/crtn.o
                0x0000b354                . = ALIGN (0x4)
                0x0000b354                __preinit_array_start = .
 *(.preinit_array)
                0x0000b354                __preinit_array_end = .
                0x0000b354                . = ALIGN (0x4)
                0x0000b354                __init_array_start = .
 *(SORT(.init_array.*))
 *(.init_array)
 .init_array    0x0000b354        0x4 c:/program files (x86)/cypress/psoc creator/3.0/psoc creator/import/gnu_cs/arm/4.7.3/bin/../lib/gcc/arm-none-eabi/4.7.3/armv7-m/crtbegin.o
 .init_array    0x0000b358        0x4 .\CortexM3\ARM_GCC_473\Debug\Cm3Start.o
                0x0000b35c                __init_array_end = .
                0x0000b35c                . = ALIGN (0x4)
 *(.fini)
 .fini          0x0000b35c        0x4 c:/program files (x86)/cypress/psoc creator/3.0/psoc creator/import/gnu_cs/arm/4.7.3/bin/../lib/gcc/arm-none-eabi/4.7.3/armv7-m/crti.o
                0x0000b35c                _fini
 .fini          0x0000b360        0x8 c:/program files (x86)/cypress/psoc creator/3.0/psoc creator/import/gnu_cs/arm/4.7.3/bin/../lib/gcc/arm-none-eabi/4.7.3/armv7-m/crtn.o
                0x0000b368                . = ALIGN (0x4)
                0x0000b368                __fini_array_start = .
 *(.fini_array)
 .fini_array    0x0000b368        0x4 c:/program files (x86)/cypress/psoc creator/3.0/psoc creator/import/gnu_cs/arm/4.7.3/bin/../lib/gcc/arm-none-eabi/4.7.3/armv7-m/crtbegin.o
 *(SORT(.fini_array.*))
                0x0000b36c                __fini_array_end = .
                0x0000b36c                . = ALIGN (0x4)
 *crtbegin.o(.ctors)
 *(EXCLUDE_FILE(*crtend.o) .ctors)
 *(SORT(.ctors.*))
 *crtend.o(.ctors)
                0x0000b36c                . = ALIGN (0x4)
 *crtbegin.o(.dtors)
 *(EXCLUDE_FILE(*crtend.o) .dtors)
 *(SORT(.dtors.*))
 *crtend.o(.dtors)
                0x0000b36c                . = ALIGN (0x4)
                0x0000b36c                __cy_regions = .
                0x0000b36c        0x4 LONG 0xb380 __cy_region_init_ram
                0x0000b370        0x4 LONG 0x1fff8108 __cy_region_start_data
                0x0000b374        0x4 LONG 0x18 __cy_region_init_size_ram
                0x0000b378        0x4 LONG 0x38 __cy_region_zero_size_ram
                0x0000b37c                __cy_regions_end = .
                0x0000b380                . = ALIGN (0x8)
 *fill*         0x0000b37c        0x4 00
                0x0000b380                _etext = .

.ramvectors     0x1fff8000      0x100
                0x1fff8000                __cy_region_start_ram = .
 *(.ramvectors)
 .ramvectors    0x1fff8000      0x100 .\CortexM3\ARM_GCC_473\Debug\Cm3Start.o
                0x1fff8000                CyRamVectors

.noinit         0x1fff8100        0x5
 *(.noinit)
 .noinit        0x1fff8100        0x4 .\CortexM3\ARM_GCC_473\Debug\Cm3Start.o
 .noinit        0x1fff8104        0x1 .\CortexM3\ARM_GCC_473\Debug\Inputs_outputs.a(CyLib.o)
                0x1fff8104                CyResetStatus

.data           0x1fff8108       0x18 load address 0x0000b380
                0x1fff8108                __cy_region_start_data = .
 *(.jcr)
 .jcr           0x1fff8108        0x0 c:/program files (x86)/cypress/psoc creator/3.0/psoc creator/import/gnu_cs/arm/4.7.3/bin/../lib/gcc/arm-none-eabi/4.7.3/armv7-m/crtbegin.o
 .jcr           0x1fff8108        0x4 c:/program files (x86)/cypress/psoc creator/3.0/psoc creator/import/gnu_cs/arm/4.7.3/bin/../lib/gcc/arm-none-eabi/4.7.3/armv7-m/crtend.o
 *(.got.plt)
 *(.got)
 *(.shdata)
 *(.data .data.* .gnu.linkonce.d.*)
 .data          0x1fff810c       0x10 .\CortexM3\ARM_GCC_473\Debug\Inputs_outputs.a(CyLib.o)
                0x1fff810c                cydelay_freq_hz
                0x1fff8110                cydelay_freq_khz
                0x1fff8114                cydelay_freq_mhz
                0x1fff8118                cydelay_32k_ms
                0x1fff8120                . = ALIGN (0x8)
 *fill*         0x1fff811c        0x4 00
 *(.ram)
                0x1fff8120                _edata = .

.igot.plt       0x1fff8120        0x0 load address 0x0000b398
 .igot.plt      0x00000000        0x0 c:/program files (x86)/cypress/psoc creator/3.0/psoc creator/import/gnu_cs/arm/4.7.3/bin/../lib/gcc/arm-none-eabi/4.7.3/armv7-m/crtbegin.o

.bss            0x1fff8120       0x38 load address 0x0000b398
                0x1fff8120                PROVIDE (__bss_start__, .)
 *(.shbss)
 *(.bss .bss.* .gnu.linkonce.b.*)
 .bss           0x1fff8120       0x1c c:/program files (x86)/cypress/psoc creator/3.0/psoc creator/import/gnu_cs/arm/4.7.3/bin/../lib/gcc/arm-none-eabi/4.7.3/armv7-m/crtbegin.o
 .bss           0x1fff813c        0x1 .\CortexM3\ARM_GCC_473\Debug\Inputs_outputs.a(TFTSHIELD_1_SPIM_1.o)
                0x1fff813c                TFTSHIELD_1_SPIM_1_initVar
 *(COMMON)
 *fill*         0x1fff813d        0x3 00
 COMMON         0x1fff8140       0x14 .\CortexM3\ARM_GCC_473\Debug\main.o
                0x1fff8140                cursor_y
                0x1fff8142                rotation
                0x1fff8144                _width
                0x1fff8148                cursor_x
                0x1fff814a                wrap
                0x1fff814b                textsize
                0x1fff814c                _height
                0x1fff8150                textbgcolor
                0x1fff8152                textcolor
                0x1fff8158                . = ALIGN (0x8)
 *fill*         0x1fff8154        0x4 00
 *(.ram.b)
                0x1fff8158                _end = .
                0x1fff8158                __end = .
                0x1fff8158                PROVIDE (end, .)
                0x1fff8158                PROVIDE (__bss_end__, .)
                0x0000b380                __cy_region_init_ram = LOADADDR (.data)
                0x00000018                __cy_region_init_size_ram = (_edata - ADDR (.data))
                0x00000038                __cy_region_zero_size_ram = (_end - _edata)

.heap           0x1fff8158     0x1000 load address 0x0000b398
                0x1fff8158                . = _end
                0x1fff9158                . = (. + 0x1000)
 *fill*         0x1fff8158     0x1000 00
                0x1fff9158                __cy_heap_limit = .

.stack          0x20004000     0x4000
                0x20004000                __cy_stack_limit = .
                0x20008000                . = (. + 0x4000)
 *fill*         0x20004000     0x4000 00
                0x00000001                ASSERT ((__cy_stack_limit >= __cy_heap_limit), region RAM overflowed with stack)

.cyloadermeta   0xf0000000       0x40
 *(.cyloadermeta)
 .cyloadermeta  0xf0000000       0x40 .\CortexM3\ARM_GCC_473\Debug\cybootloader.o
                0xf0000000                cy_meta_loader

.cyloadablemeta
                0x0003ffc0       0x40
 *(.cyloadablemeta)
 .cyloadablemeta
                0x0003ffc0       0x40 .\CortexM3\ARM_GCC_473\Debug\cymetadata.o
                0x0003ffc0                cy_meta_loadable

.cyconfigecc    0x80000960      0x330
 *(.cyconfigecc)
 .cyconfigecc   0x80000960      0x330 .\CortexM3\ARM_GCC_473\Debug\cymetadata.o
                0x80000960                cy_meta_configecc

.cycustnvl      0x90000000        0x4
 *(.cycustnvl)
 .cycustnvl     0x90000000        0x4 .\CortexM3\ARM_GCC_473\Debug\cybootloader.o
                0x90000000                cy_meta_custnvl

.cywolatch      0x90100000        0x4
 *(.cywolatch)
 .cywolatch     0x90100000        0x4 .\CortexM3\ARM_GCC_473\Debug\cybootloader.o
                0x90100000                cy_meta_wonvl

.cyeeprom       0x90200000        0x0
 *(.cyeeprom)
                0x00000001                ASSERT ((. <= ((0x90200000 + ee_offset) + ee_size)), .cyeeprom data will not fit in EEPROM)

.cyflashprotect
                0x90400000      0x100
 *(.cyflashprotect)
 .cyflashprotect
                0x90400000      0x100 .\CortexM3\ARM_GCC_473\Debug\cybootloader.o
                0x90400000                cy_meta_flashprotect

.cymeta         0x90500000        0xc
 *(.cymeta)
 .cymeta        0x90500000        0xc .\CortexM3\ARM_GCC_473\Debug\cybootloader.o
                0x90500000                cy_metadata

.rel.dyn        0x00040000        0x0 load address 0x9050000c
 .rel.iplt      0x00000000        0x0 c:/program files (x86)/cypress/psoc creator/3.0/psoc creator/import/gnu_cs/arm/4.7.3/bin/../lib/gcc/arm-none-eabi/4.7.3/armv7-m/crtbegin.o

.stab
 *(.stab)

.stabstr
 *(.stabstr)

.debug
 *(.debug)

.line
 *(.line)

.debug_srcinfo
 *(.debug_srcinfo)

.debug_sfnames
 *(.debug_sfnames)

.debug_aranges  0x00000000      0x938
 *(.debug_aranges)
 .debug_aranges
                0x00000000       0xa8 .\CortexM3\ARM_GCC_473\Debug\main.o
 .debug_aranges
                0x000000a8       0x18 .\CortexM3\ARM_GCC_473\Debug\cymetadata.o
 .debug_aranges
                0x000000c0       0x40 .\CortexM3\ARM_GCC_473\Debug\Cm3Start.o
 .debug_aranges
                0x00000100       0x18 .\CortexM3\ARM_GCC_473\Debug\cybootloader.o
 .debug_aranges
                0x00000118       0x60 .\CortexM3\ARM_GCC_473\Debug\Inputs_outputs.a(cyfitter_cfg.o)
 .debug_aranges
                0x00000178       0x70 .\CortexM3\ARM_GCC_473\Debug\Inputs_outputs.a(Clock_1.o)
 .debug_aranges
                0x000001e8      0x1b0 .\CortexM3\ARM_GCC_473\Debug\Inputs_outputs.a(TFTSHIELD_1.o)
 .debug_aranges
                0x00000398       0xd8 .\CortexM3\ARM_GCC_473\Debug\Inputs_outputs.a(TFTSHIELD_1_SPIM_1.o)
 .debug_aranges
                0x00000470       0x28 .\CortexM3\ARM_GCC_473\Debug\Inputs_outputs.a(TFTSHIELD_1_SPIM_1_INT.o)
 .debug_aranges
                0x00000498       0x28 .\CortexM3\ARM_GCC_473\Debug\Inputs_outputs.a(TFTSHIELD_1_CR_1.o)
 .debug_aranges
                0x000004c0       0x20 .\CortexM3\ARM_GCC_473\Debug\Inputs_outputs.a(CyBootAsmGnu.o)
 .debug_aranges
                0x000004e0      0x218 .\CortexM3\ARM_GCC_473\Debug\Inputs_outputs.a(CyLib.o)
 .debug_aranges
                0x000006f8       0x90 .\CortexM3\ARM_GCC_473\Debug\Inputs_outputs.a(cyPm.o)
 .debug_aranges
                0x00000788       0x40 .\CortexM3\ARM_GCC_473\Debug\Inputs_outputs.a(Seven_Segment_Register.o)
 .debug_aranges
                0x000007c8       0x28 .\CortexM3\ARM_GCC_473\Debug\Inputs_outputs.a(PushButton_Register.o)
 .debug_aranges
                0x000007f0       0x28 .\CortexM3\ARM_GCC_473\Debug\Inputs_outputs.a(Switch_Register.o)
 .debug_aranges
                0x00000818       0x40 .\CortexM3\ARM_GCC_473\Debug\Inputs_outputs.a(LED_Register.o)
 .debug_aranges
                0x00000858       0x78 .\CortexM3\ARM_GCC_473\Debug\Inputs_outputs.a(CyFlash.o)
 .debug_aranges
                0x000008d0       0x68 .\CortexM3\ARM_GCC_473\Debug\Inputs_outputs.a(CySpc.o)

.debug_pubnames
 *(.debug_pubnames)

.debug_info     0x00000000     0x50ce
 *(.debug_info .gnu.linkonce.wi.*)
 .debug_info    0x00000000      0xb9d .\CortexM3\ARM_GCC_473\Debug\main.o
 .debug_info    0x00000b9d       0xda .\CortexM3\ARM_GCC_473\Debug\cymetadata.o
 .debug_info    0x00000c77      0x2ea .\CortexM3\ARM_GCC_473\Debug\Cm3Start.o
 .debug_info    0x00000f61      0x16a .\CortexM3\ARM_GCC_473\Debug\cybootloader.o
 .debug_info    0x000010cb      0x48f .\CortexM3\ARM_GCC_473\Debug\Inputs_outputs.a(cyfitter_cfg.o)
 .debug_info    0x0000155a      0x294 .\CortexM3\ARM_GCC_473\Debug\Inputs_outputs.a(Clock_1.o)
 .debug_info    0x000017ee     0x13d9 .\CortexM3\ARM_GCC_473\Debug\Inputs_outputs.a(TFTSHIELD_1.o)
 .debug_info    0x00002bc7      0x485 .\CortexM3\ARM_GCC_473\Debug\Inputs_outputs.a(TFTSHIELD_1_SPIM_1.o)
 .debug_info    0x0000304c       0xb8 .\CortexM3\ARM_GCC_473\Debug\Inputs_outputs.a(TFTSHIELD_1_SPIM_1_INT.o)
 .debug_info    0x00003104       0xe3 .\CortexM3\ARM_GCC_473\Debug\Inputs_outputs.a(TFTSHIELD_1_CR_1.o)
 .debug_info    0x000031e7       0xae .\CortexM3\ARM_GCC_473\Debug\Inputs_outputs.a(CyBootAsmGnu.o)
 .debug_info    0x00003295      0xcd7 .\CortexM3\ARM_GCC_473\Debug\Inputs_outputs.a(CyLib.o)
 .debug_info    0x00003f6c      0x5c3 .\CortexM3\ARM_GCC_473\Debug\Inputs_outputs.a(cyPm.o)
 .debug_info    0x0000452f      0x156 .\CortexM3\ARM_GCC_473\Debug\Inputs_outputs.a(Seven_Segment_Register.o)
 .debug_info    0x00004685       0xe3 .\CortexM3\ARM_GCC_473\Debug\Inputs_outputs.a(PushButton_Register.o)
 .debug_info    0x00004768       0xe3 .\CortexM3\ARM_GCC_473\Debug\Inputs_outputs.a(Switch_Register.o)
 .debug_info    0x0000484b      0x156 .\CortexM3\ARM_GCC_473\Debug\Inputs_outputs.a(LED_Register.o)
 .debug_info    0x000049a1      0x354 .\CortexM3\ARM_GCC_473\Debug\Inputs_outputs.a(CyFlash.o)
 .debug_info    0x00004cf5      0x3d9 .\CortexM3\ARM_GCC_473\Debug\Inputs_outputs.a(CySpc.o)

.debug_abbrev   0x00000000     0x13a9
 *(.debug_abbrev)
 .debug_abbrev  0x00000000      0x1c8 .\CortexM3\ARM_GCC_473\Debug\main.o
 .debug_abbrev  0x000001c8       0x66 .\CortexM3\ARM_GCC_473\Debug\cymetadata.o
 .debug_abbrev  0x0000022e      0x175 .\CortexM3\ARM_GCC_473\Debug\Cm3Start.o
 .debug_abbrev  0x000003a3       0x77 .\CortexM3\ARM_GCC_473\Debug\cybootloader.o
 .debug_abbrev  0x0000041a      0x1cc .\CortexM3\ARM_GCC_473\Debug\Inputs_outputs.a(cyfitter_cfg.o)
 .debug_abbrev  0x000005e6      0x11f .\CortexM3\ARM_GCC_473\Debug\Inputs_outputs.a(Clock_1.o)
 .debug_abbrev  0x00000705      0x1cb .\CortexM3\ARM_GCC_473\Debug\Inputs_outputs.a(TFTSHIELD_1.o)
 .debug_abbrev  0x000008d0      0x158 .\CortexM3\ARM_GCC_473\Debug\Inputs_outputs.a(TFTSHIELD_1_SPIM_1.o)
 .debug_abbrev  0x00000a28       0x44 .\CortexM3\ARM_GCC_473\Debug\Inputs_outputs.a(TFTSHIELD_1_SPIM_1_INT.o)
 .debug_abbrev  0x00000a6c       0x83 .\CortexM3\ARM_GCC_473\Debug\Inputs_outputs.a(TFTSHIELD_1_CR_1.o)
 .debug_abbrev  0x00000aef       0x14 .\CortexM3\ARM_GCC_473\Debug\Inputs_outputs.a(CyBootAsmGnu.o)
 .debug_abbrev  0x00000b03      0x207 .\CortexM3\ARM_GCC_473\Debug\Inputs_outputs.a(CyLib.o)
 .debug_abbrev  0x00000d0a      0x170 .\CortexM3\ARM_GCC_473\Debug\Inputs_outputs.a(cyPm.o)
 .debug_abbrev  0x00000e7a       0xac .\CortexM3\ARM_GCC_473\Debug\Inputs_outputs.a(Seven_Segment_Register.o)
 .debug_abbrev  0x00000f26       0x83 .\CortexM3\ARM_GCC_473\Debug\Inputs_outputs.a(PushButton_Register.o)
 .debug_abbrev  0x00000fa9       0x83 .\CortexM3\ARM_GCC_473\Debug\Inputs_outputs.a(Switch_Register.o)
 .debug_abbrev  0x0000102c       0xac .\CortexM3\ARM_GCC_473\Debug\Inputs_outputs.a(LED_Register.o)
 .debug_abbrev  0x000010d8      0x172 .\CortexM3\ARM_GCC_473\Debug\Inputs_outputs.a(CyFlash.o)
 .debug_abbrev  0x0000124a      0x15f .\CortexM3\ARM_GCC_473\Debug\Inputs_outputs.a(CySpc.o)

.debug_line     0x00000000     0x26f2
 *(.debug_line)
 .debug_line    0x00000000      0x505 .\CortexM3\ARM_GCC_473\Debug\main.o
 .debug_line    0x00000505       0x53 .\CortexM3\ARM_GCC_473\Debug\cymetadata.o
 .debug_line    0x00000558      0x1af .\CortexM3\ARM_GCC_473\Debug\Cm3Start.o
 .debug_line    0x00000707       0x55 .\CortexM3\ARM_GCC_473\Debug\cybootloader.o
 .debug_line    0x0000075c      0x225 .\CortexM3\ARM_GCC_473\Debug\Inputs_outputs.a(cyfitter_cfg.o)
 .debug_line    0x00000981      0x19e .\CortexM3\ARM_GCC_473\Debug\Inputs_outputs.a(Clock_1.o)
 .debug_line    0x00000b1f      0x7c1 .\CortexM3\ARM_GCC_473\Debug\Inputs_outputs.a(TFTSHIELD_1.o)
 .debug_line    0x000012e0      0x284 .\CortexM3\ARM_GCC_473\Debug\Inputs_outputs.a(TFTSHIELD_1_SPIM_1.o)
 .debug_line    0x00001564       0x77 .\CortexM3\ARM_GCC_473\Debug\Inputs_outputs.a(TFTSHIELD_1_SPIM_1_INT.o)
 .debug_line    0x000015db       0x7b .\CortexM3\ARM_GCC_473\Debug\Inputs_outputs.a(TFTSHIELD_1_CR_1.o)
 .debug_line    0x00001656       0x68 .\CortexM3\ARM_GCC_473\Debug\Inputs_outputs.a(CyBootAsmGnu.o)
 .debug_line    0x000016be      0x73b .\CortexM3\ARM_GCC_473\Debug\Inputs_outputs.a(CyLib.o)
 .debug_line    0x00001df9      0x347 .\CortexM3\ARM_GCC_473\Debug\Inputs_outputs.a(cyPm.o)
 .debug_line    0x00002140       0xbb .\CortexM3\ARM_GCC_473\Debug\Inputs_outputs.a(Seven_Segment_Register.o)
 .debug_line    0x000021fb       0x7e .\CortexM3\ARM_GCC_473\Debug\Inputs_outputs.a(PushButton_Register.o)
 .debug_line    0x00002279       0x7a .\CortexM3\ARM_GCC_473\Debug\Inputs_outputs.a(Switch_Register.o)
 .debug_line    0x000022f3       0xb1 .\CortexM3\ARM_GCC_473\Debug\Inputs_outputs.a(LED_Register.o)
 .debug_line    0x000023a4      0x1a7 .\CortexM3\ARM_GCC_473\Debug\Inputs_outputs.a(CyFlash.o)
 .debug_line    0x0000254b      0x1a7 .\CortexM3\ARM_GCC_473\Debug\Inputs_outputs.a(CySpc.o)

.debug_frame    0x00000000     0x2064
 *(.debug_frame)
 .debug_frame   0x00000000      0x2e4 .\CortexM3\ARM_GCC_473\Debug\main.o
 .debug_frame   0x000002e4       0xa4 .\CortexM3\ARM_GCC_473\Debug\Cm3Start.o
 .debug_frame   0x00000388      0x120 .\CortexM3\ARM_GCC_473\Debug\Inputs_outputs.a(cyfitter_cfg.o)
 .debug_frame   0x000004a8      0x14c .\CortexM3\ARM_GCC_473\Debug\Inputs_outputs.a(Clock_1.o)
 .debug_frame   0x000005f4      0x670 .\CortexM3\ARM_GCC_473\Debug\Inputs_outputs.a(TFTSHIELD_1.o)
 .debug_frame   0x00000c64      0x2c4 .\CortexM3\ARM_GCC_473\Debug\Inputs_outputs.a(TFTSHIELD_1_SPIM_1.o)
 .debug_frame   0x00000f28       0x48 .\CortexM3\ARM_GCC_473\Debug\Inputs_outputs.a(TFTSHIELD_1_SPIM_1_INT.o)
 .debug_frame   0x00000f70       0x48 .\CortexM3\ARM_GCC_473\Debug\Inputs_outputs.a(TFTSHIELD_1_CR_1.o)
 .debug_frame   0x00000fb8      0x778 .\CortexM3\ARM_GCC_473\Debug\Inputs_outputs.a(CyLib.o)
 .debug_frame   0x00001730      0x1d0 .\CortexM3\ARM_GCC_473\Debug\Inputs_outputs.a(cyPm.o)
 .debug_frame   0x00001900       0xa4 .\CortexM3\ARM_GCC_473\Debug\Inputs_outputs.a(Seven_Segment_Register.o)
 .debug_frame   0x000019a4       0x48 .\CortexM3\ARM_GCC_473\Debug\Inputs_outputs.a(PushButton_Register.o)
 .debug_frame   0x000019ec       0x48 .\CortexM3\ARM_GCC_473\Debug\Inputs_outputs.a(Switch_Register.o)
 .debug_frame   0x00001a34       0xa4 .\CortexM3\ARM_GCC_473\Debug\Inputs_outputs.a(LED_Register.o)
 .debug_frame   0x00001ad8      0x178 .\CortexM3\ARM_GCC_473\Debug\Inputs_outputs.a(CyFlash.o)
 .debug_frame   0x00001c50      0x13c .\CortexM3\ARM_GCC_473\Debug\Inputs_outputs.a(CySpc.o)
 .debug_frame   0x00001d8c       0x28 c:/program files (x86)/cypress/psoc creator/3.0/psoc creator/import/gnu_cs/arm/4.7.3/bin/../lib/gcc/arm-none-eabi/4.7.3/../../../../arm-none-eabi/lib/armv7-m\libc_s.a(lib_a-__atexit2.o)
 .debug_frame   0x00001db4       0x28 c:/program files (x86)/cypress/psoc creator/3.0/psoc creator/import/gnu_cs/arm/4.7.3/bin/../lib/gcc/arm-none-eabi/4.7.3/../../../../arm-none-eabi/lib/armv7-m\libc_s.a(lib_a-exit.o)
 .debug_frame   0x00001ddc       0x2c c:/program files (x86)/cypress/psoc creator/3.0/psoc creator/import/gnu_cs/arm/4.7.3/bin/../lib/gcc/arm-none-eabi/4.7.3/../../../../arm-none-eabi/lib/armv7-m\libc_s.a(lib_a-fini.o)
 .debug_frame   0x00001e08       0x2c c:/program files (x86)/cypress/psoc creator/3.0/psoc creator/import/gnu_cs/arm/4.7.3/bin/../lib/gcc/arm-none-eabi/4.7.3/../../../../arm-none-eabi/lib/armv7-m\libc_s.a(lib_a-init.o)
 .debug_frame   0x00001e34       0x28 c:/program files (x86)/cypress/psoc creator/3.0/psoc creator/import/gnu_cs/arm/4.7.3/bin/../lib/gcc/arm-none-eabi/4.7.3/../../../../arm-none-eabi/lib/armv7-m\libc_s.a(lib_a-memcpy.o)
 .debug_frame   0x00001e5c       0x20 c:/program files (x86)/cypress/psoc creator/3.0/psoc creator/import/gnu_cs/arm/4.7.3/bin/../lib/gcc/arm-none-eabi/4.7.3/../../../../arm-none-eabi/lib/armv7-m\libc_s.a(lib_a-memset.o)
 .debug_frame   0x00001e7c       0x20 c:/program files (x86)/cypress/psoc creator/3.0/psoc creator/import/gnu_cs/arm/4.7.3/bin/../lib/gcc/arm-none-eabi/4.7.3/../../../../arm-none-eabi/lib/armv7-m\libc_s.a(lib_a-strcpy.o)
 .debug_frame   0x00001e9c       0x20 c:/program files (x86)/cypress/psoc creator/3.0/psoc creator/import/gnu_cs/arm/4.7.3/bin/../lib/gcc/arm-none-eabi/4.7.3/../../../../arm-none-eabi/lib/armv7-m\libc_s.a(lib_a-strlen.o)
 .debug_frame   0x00001ebc       0x30 c:/program files (x86)/cypress/psoc creator/3.0/psoc creator/import/gnu_cs/arm/4.7.3/bin/../lib/gcc/arm-none-eabi/4.7.3/../../../../arm-none-eabi/lib/armv7-m\libc_s.a(lib_a-strtok.o)
 .debug_frame   0x00001eec       0x40 c:/program files (x86)/cypress/psoc creator/3.0/psoc creator/import/gnu_cs/arm/4.7.3/bin/../lib/gcc/arm-none-eabi/4.7.3/../../../../arm-none-eabi/lib/armv7-m\libc_s.a(lib_a-strtok_r.o)
 .debug_frame   0x00001f2c       0x30 c:/program files (x86)/cypress/psoc creator/3.0/psoc creator/import/gnu_cs/arm/4.7.3/bin/../lib/gcc/arm-none-eabi/4.7.3/../../../../arm-none-eabi/lib/armv7-m\libc_s.a(lib_a-malloc.o)
 .debug_frame   0x00001f5c       0x2c c:/program files (x86)/cypress/psoc creator/3.0/psoc creator/import/gnu_cs/arm/4.7.3/bin/../lib/gcc/arm-none-eabi/4.7.3/../../../../arm-none-eabi/lib/armv7-m\libc_s.a(lib_a-mallocr.o)
 .debug_frame   0x00001f88       0x2c c:/program files (x86)/cypress/psoc creator/3.0/psoc creator/import/gnu_cs/arm/4.7.3/bin/../lib/gcc/arm-none-eabi/4.7.3/../../../../arm-none-eabi/lib/armv7-m\libc_s.a(lib_a-sbrkr.o)
 .debug_frame   0x00001fb4       0x2c c:/program files (x86)/cypress/psoc creator/3.0/psoc creator/import/gnu_cs/arm/4.7.3/bin/../lib/gcc/arm-none-eabi/4.7.3/../../../../arm-none-eabi/lib/armv7-m\libc_s.a(lib_a-freer.o)
 .debug_frame   0x00001fe0       0x64 c:/program files (x86)/cypress/psoc creator/3.0/psoc creator/import/gnu_cs/arm/4.7.3/bin/../lib/gcc/arm-none-eabi/4.7.3/../../../../arm-none-eabi/lib/armv7-m\libc_s.a(lib_a-reent.o)
 .debug_frame   0x00002044       0x20 c:/program files (x86)/cypress/psoc creator/3.0/psoc creator/import/gnu_cs/arm/4.7.3/bin/../lib/gcc/arm-none-eabi/4.7.3/../../../../arm-none-eabi/lib/armv7-m\libnosys.a(sbrk.o)

.debug_str      0x00000000     0x212d
 *(.debug_str)
 .debug_str     0x00000000      0x41c .\CortexM3\ARM_GCC_473\Debug\main.o
                                0x495 (size before relaxing)
 .debug_str     0x0000041c       0x49 .\CortexM3\ARM_GCC_473\Debug\cymetadata.o
                                0x195 (size before relaxing)
 .debug_str     0x00000465      0x119 .\CortexM3\ARM_GCC_473\Debug\Cm3Start.o
                                0x27f (size before relaxing)
 .debug_str     0x0000057e       0x84 .\CortexM3\ARM_GCC_473\Debug\cybootloader.o
                                0x1d0 (size before relaxing)
 .debug_str     0x00000602      0x19a .\CortexM3\ARM_GCC_473\Debug\Inputs_outputs.a(cyfitter_cfg.o)
                                0x313 (size before relaxing)
 .debug_str     0x0000079c      0x164 .\CortexM3\ARM_GCC_473\Debug\Inputs_outputs.a(Clock_1.o)
                                0x2c7 (size before relaxing)
 .debug_str     0x00000900      0x667 .\CortexM3\ARM_GCC_473\Debug\Inputs_outputs.a(TFTSHIELD_1.o)
                                0x84f (size before relaxing)
 .debug_str     0x00000f67      0x337 .\CortexM3\ARM_GCC_473\Debug\Inputs_outputs.a(TFTSHIELD_1_SPIM_1.o)
                                0x51a (size before relaxing)
 .debug_str     0x0000129e       0x66 .\CortexM3\ARM_GCC_473\Debug\Inputs_outputs.a(TFTSHIELD_1_SPIM_1_INT.o)
                                0x1ac (size before relaxing)
 .debug_str     0x00001304       0x34 .\CortexM3\ARM_GCC_473\Debug\Inputs_outputs.a(TFTSHIELD_1_CR_1.o)
                                0x1a9 (size before relaxing)
 .debug_str     0x00001338      0x62f .\CortexM3\ARM_GCC_473\Debug\Inputs_outputs.a(CyLib.o)
                                0x7e5 (size before relaxing)
 .debug_str     0x00001967      0x367 .\CortexM3\ARM_GCC_473\Debug\Inputs_outputs.a(cyPm.o)
                                0x4f4 (size before relaxing)
 .debug_str     0x00001cce       0xde .\CortexM3\ARM_GCC_473\Debug\Inputs_outputs.a(Seven_Segment_Register.o)
                                0x243 (size before relaxing)
 .debug_str     0x00001dac       0x62 .\CortexM3\ARM_GCC_473\Debug\Inputs_outputs.a(PushButton_Register.o)
                                0x1b2 (size before relaxing)
 .debug_str     0x00001e0e       0x56 .\CortexM3\ARM_GCC_473\Debug\Inputs_outputs.a(Switch_Register.o)
                                0x1a6 (size before relaxing)
 .debug_str     0x00001e64       0xa2 .\CortexM3\ARM_GCC_473\Debug\Inputs_outputs.a(LED_Register.o)
                                0x207 (size before relaxing)
 .debug_str     0x00001f06      0x129 .\CortexM3\ARM_GCC_473\Debug\Inputs_outputs.a(CyFlash.o)
                                0x2ba (size before relaxing)
 .debug_str     0x0000202f       0xfe .\CortexM3\ARM_GCC_473\Debug\Inputs_outputs.a(CySpc.o)
                                0x296 (size before relaxing)

.debug_loc      0x00000000     0x30b3
 *(.debug_loc)
 .debug_loc     0x00000000      0x3ed .\CortexM3\ARM_GCC_473\Debug\main.o
 .debug_loc     0x000003ed      0x100 .\CortexM3\ARM_GCC_473\Debug\Cm3Start.o
 .debug_loc     0x000004ed      0x1f8 .\CortexM3\ARM_GCC_473\Debug\Inputs_outputs.a(cyfitter_cfg.o)
 .debug_loc     0x000006e5      0x22c .\CortexM3\ARM_GCC_473\Debug\Inputs_outputs.a(Clock_1.o)
 .debug_loc     0x00000911      0xafa .\CortexM3\ARM_GCC_473\Debug\Inputs_outputs.a(TFTSHIELD_1.o)
 .debug_loc     0x0000140b      0x4d4 .\CortexM3\ARM_GCC_473\Debug\Inputs_outputs.a(TFTSHIELD_1_SPIM_1.o)
 .debug_loc     0x000018df       0x58 .\CortexM3\ARM_GCC_473\Debug\Inputs_outputs.a(TFTSHIELD_1_SPIM_1_INT.o)
 .debug_loc     0x00001937       0x64 .\CortexM3\ARM_GCC_473\Debug\Inputs_outputs.a(TFTSHIELD_1_CR_1.o)
 .debug_loc     0x0000199b      0xce0 .\CortexM3\ARM_GCC_473\Debug\Inputs_outputs.a(CyLib.o)
 .debug_loc     0x0000267b      0x2e8 .\CortexM3\ARM_GCC_473\Debug\Inputs_outputs.a(cyPm.o)
 .debug_loc     0x00002963      0x100 .\CortexM3\ARM_GCC_473\Debug\Inputs_outputs.a(Seven_Segment_Register.o)
 .debug_loc     0x00002a63       0x64 .\CortexM3\ARM_GCC_473\Debug\Inputs_outputs.a(PushButton_Register.o)
 .debug_loc     0x00002ac7       0x64 .\CortexM3\ARM_GCC_473\Debug\Inputs_outputs.a(Switch_Register.o)
 .debug_loc     0x00002b2b      0x100 .\CortexM3\ARM_GCC_473\Debug\Inputs_outputs.a(LED_Register.o)
 .debug_loc     0x00002c2b      0x258 .\CortexM3\ARM_GCC_473\Debug\Inputs_outputs.a(CyFlash.o)
 .debug_loc     0x00002e83      0x230 .\CortexM3\ARM_GCC_473\Debug\Inputs_outputs.a(CySpc.o)

.debug_macinfo
 *(.debug_macinfo)

.debug_ranges   0x00000000      0x7e8
 *(.debug_ranges)
 .debug_ranges  0x00000000       0x98 .\CortexM3\ARM_GCC_473\Debug\main.o
 .debug_ranges  0x00000098       0x30 .\CortexM3\ARM_GCC_473\Debug\Cm3Start.o
 .debug_ranges  0x000000c8       0x50 .\CortexM3\ARM_GCC_473\Debug\Inputs_outputs.a(cyfitter_cfg.o)
 .debug_ranges  0x00000118       0x60 .\CortexM3\ARM_GCC_473\Debug\Inputs_outputs.a(Clock_1.o)
 .debug_ranges  0x00000178      0x1a0 .\CortexM3\ARM_GCC_473\Debug\Inputs_outputs.a(TFTSHIELD_1.o)
 .debug_ranges  0x00000318       0xc8 .\CortexM3\ARM_GCC_473\Debug\Inputs_outputs.a(TFTSHIELD_1_SPIM_1.o)
 .debug_ranges  0x000003e0       0x18 .\CortexM3\ARM_GCC_473\Debug\Inputs_outputs.a(TFTSHIELD_1_SPIM_1_INT.o)
 .debug_ranges  0x000003f8       0x18 .\CortexM3\ARM_GCC_473\Debug\Inputs_outputs.a(TFTSHIELD_1_CR_1.o)
 .debug_ranges  0x00000410      0x208 .\CortexM3\ARM_GCC_473\Debug\Inputs_outputs.a(CyLib.o)
 .debug_ranges  0x00000618       0x80 .\CortexM3\ARM_GCC_473\Debug\Inputs_outputs.a(cyPm.o)
 .debug_ranges  0x00000698       0x30 .\CortexM3\ARM_GCC_473\Debug\Inputs_outputs.a(Seven_Segment_Register.o)
 .debug_ranges  0x000006c8       0x18 .\CortexM3\ARM_GCC_473\Debug\Inputs_outputs.a(PushButton_Register.o)
 .debug_ranges  0x000006e0       0x18 .\CortexM3\ARM_GCC_473\Debug\Inputs_outputs.a(Switch_Register.o)
 .debug_ranges  0x000006f8       0x30 .\CortexM3\ARM_GCC_473\Debug\Inputs_outputs.a(LED_Register.o)
 .debug_ranges  0x00000728       0x68 .\CortexM3\ARM_GCC_473\Debug\Inputs_outputs.a(CyFlash.o)
 .debug_ranges  0x00000790       0x58 .\CortexM3\ARM_GCC_473\Debug\Inputs_outputs.a(CySpc.o)

.comment        0x00000000       0x70
 .comment       0x00000000       0x70 .\CortexM3\ARM_GCC_473\Debug\main.o
                                 0x71 (size before relaxing)
 .comment       0x00000000       0x71 .\CortexM3\ARM_GCC_473\Debug\cymetadata.o
 .comment       0x00000000       0x71 .\CortexM3\ARM_GCC_473\Debug\Cm3Start.o
 .comment       0x00000000       0x71 .\CortexM3\ARM_GCC_473\Debug\cybootloader.o
 .comment       0x00000000       0x71 .\CortexM3\ARM_GCC_473\Debug\Inputs_outputs.a(cyfitter_cfg.o)
 .comment       0x00000000       0x71 .\CortexM3\ARM_GCC_473\Debug\Inputs_outputs.a(Clock_1.o)
 .comment       0x00000000       0x71 .\CortexM3\ARM_GCC_473\Debug\Inputs_outputs.a(TFTSHIELD_1.o)
 .comment       0x00000000       0x71 .\CortexM3\ARM_GCC_473\Debug\Inputs_outputs.a(TFTSHIELD_1_SPIM_1.o)
 .comment       0x00000000       0x71 .\CortexM3\ARM_GCC_473\Debug\Inputs_outputs.a(TFTSHIELD_1_SPIM_1_INT.o)
 .comment       0x00000000       0x71 .\CortexM3\ARM_GCC_473\Debug\Inputs_outputs.a(TFTSHIELD_1_CR_1.o)
 .comment       0x00000000       0x71 .\CortexM3\ARM_GCC_473\Debug\Inputs_outputs.a(CyLib.o)
 .comment       0x00000000       0x71 .\CortexM3\ARM_GCC_473\Debug\Inputs_outputs.a(cyPm.o)
 .comment       0x00000000       0x71 .\CortexM3\ARM_GCC_473\Debug\Inputs_outputs.a(Seven_Segment_Register.o)
 .comment       0x00000000       0x71 .\CortexM3\ARM_GCC_473\Debug\Inputs_outputs.a(PushButton_Register.o)
 .comment       0x00000000       0x71 .\CortexM3\ARM_GCC_473\Debug\Inputs_outputs.a(Switch_Register.o)
 .comment       0x00000000       0x71 .\CortexM3\ARM_GCC_473\Debug\Inputs_outputs.a(LED_Register.o)
 .comment       0x00000000       0x71 .\CortexM3\ARM_GCC_473\Debug\Inputs_outputs.a(CyFlash.o)
 .comment       0x00000000       0x71 .\CortexM3\ARM_GCC_473\Debug\Inputs_outputs.a(CySpc.o)

.debug_weaknames
 *(.debug_weaknames)

.debug_funcnames
 *(.debug_funcnames)

.debug_typenames
 *(.debug_typenames)

.debug_varnames
 *(.debug_varnames)

.note.gnu.arm.ident
 *(.note.gnu.arm.ident)

.ARM.attributes
                0x00000000       0x29
 *(.ARM.attributes)
 .ARM.attributes
                0x00000000       0x1d c:/program files (x86)/cypress/psoc creator/3.0/psoc creator/import/gnu_cs/arm/4.7.3/bin/../lib/gcc/arm-none-eabi/4.7.3/armv7-m/crti.o
 .ARM.attributes
                0x0000001d       0x2d c:/program files (x86)/cypress/psoc creator/3.0/psoc creator/import/gnu_cs/arm/4.7.3/bin/../lib/gcc/arm-none-eabi/4.7.3/armv7-m/crtbegin.o
 .ARM.attributes
                0x0000004a       0x1b c:/program files (x86)/cypress/psoc creator/3.0/psoc creator/import/gnu_cs/arm/4.7.3/bin/../lib/gcc/arm-none-eabi/4.7.3/../../../../arm-none-eabi/lib/armv7-m/crt0.o
 .ARM.attributes
                0x00000065       0x33 .\CortexM3\ARM_GCC_473\Debug\main.o
 .ARM.attributes
                0x00000098       0x33 .\CortexM3\ARM_GCC_473\Debug\cymetadata.o
 .ARM.attributes
                0x000000cb       0x33 .\CortexM3\ARM_GCC_473\Debug\Cm3Start.o
 .ARM.attributes
                0x000000fe       0x33 .\CortexM3\ARM_GCC_473\Debug\cybootloader.o
 .ARM.attributes
                0x00000131       0x33 .\CortexM3\ARM_GCC_473\Debug\Inputs_outputs.a(cyfitter_cfg.o)
 .ARM.attributes
                0x00000164       0x33 .\CortexM3\ARM_GCC_473\Debug\Inputs_outputs.a(Clock_1.o)
 .ARM.attributes
                0x00000197       0x33 .\CortexM3\ARM_GCC_473\Debug\Inputs_outputs.a(TFTSHIELD_1.o)
 .ARM.attributes
                0x000001ca       0x33 .\CortexM3\ARM_GCC_473\Debug\Inputs_outputs.a(TFTSHIELD_1_SPIM_1.o)
 .ARM.attributes
                0x000001fd       0x33 .\CortexM3\ARM_GCC_473\Debug\Inputs_outputs.a(TFTSHIELD_1_SPIM_1_INT.o)
 .ARM.attributes
                0x00000230       0x33 .\CortexM3\ARM_GCC_473\Debug\Inputs_outputs.a(TFTSHIELD_1_CR_1.o)
 .ARM.attributes
                0x00000263       0x21 .\CortexM3\ARM_GCC_473\Debug\Inputs_outputs.a(CyBootAsmGnu.o)
 .ARM.attributes
                0x00000284       0x33 .\CortexM3\ARM_GCC_473\Debug\Inputs_outputs.a(CyLib.o)
 .ARM.attributes
                0x000002b7       0x33 .\CortexM3\ARM_GCC_473\Debug\Inputs_outputs.a(cyPm.o)
 .ARM.attributes
                0x000002ea       0x33 .\CortexM3\ARM_GCC_473\Debug\Inputs_outputs.a(Seven_Segment_Register.o)
 .ARM.attributes
                0x0000031d       0x33 .\CortexM3\ARM_GCC_473\Debug\Inputs_outputs.a(PushButton_Register.o)
 .ARM.attributes
                0x00000350       0x33 .\CortexM3\ARM_GCC_473\Debug\Inputs_outputs.a(Switch_Register.o)
 .ARM.attributes
                0x00000383       0x33 .\CortexM3\ARM_GCC_473\Debug\Inputs_outputs.a(LED_Register.o)
 .ARM.attributes
                0x000003b6       0x33 .\CortexM3\ARM_GCC_473\Debug\Inputs_outputs.a(CyFlash.o)
 .ARM.attributes
                0x000003e9       0x33 .\CortexM3\ARM_GCC_473\Debug\Inputs_outputs.a(CySpc.o)
 .ARM.attributes
                0x0000041c       0x1d c:/program files (x86)/cypress/psoc creator/3.0/psoc creator/import/gnu_cs/arm/4.7.3/bin/../lib/gcc/arm-none-eabi/4.7.3/armv7-m\libgcc.a(_arm_addsubdf3.o)
 .ARM.attributes
                0x00000439       0x1d c:/program files (x86)/cypress/psoc creator/3.0/psoc creator/import/gnu_cs/arm/4.7.3/bin/../lib/gcc/arm-none-eabi/4.7.3/armv7-m\libgcc.a(_arm_muldivdf3.o)
 .ARM.attributes
                0x00000456       0x1d c:/program files (x86)/cypress/psoc creator/3.0/psoc creator/import/gnu_cs/arm/4.7.3/bin/../lib/gcc/arm-none-eabi/4.7.3/armv7-m\libgcc.a(_arm_cmpdf2.o)
 .ARM.attributes
                0x00000473       0x1d c:/program files (x86)/cypress/psoc creator/3.0/psoc creator/import/gnu_cs/arm/4.7.3/bin/../lib/gcc/arm-none-eabi/4.7.3/armv7-m\libgcc.a(_arm_fixdfsi.o)
 .ARM.attributes
                0x00000490       0x1d c:/program files (x86)/cypress/psoc creator/3.0/psoc creator/import/gnu_cs/arm/4.7.3/bin/../lib/gcc/arm-none-eabi/4.7.3/armv7-m\libgcc.a(_arm_addsubsf3.o)
 .ARM.attributes
                0x000004ad       0x1d c:/program files (x86)/cypress/psoc creator/3.0/psoc creator/import/gnu_cs/arm/4.7.3/bin/../lib/gcc/arm-none-eabi/4.7.3/armv7-m\libgcc.a(_arm_muldivsf3.o)
 .ARM.attributes
                0x000004ca       0x1d c:/program files (x86)/cypress/psoc creator/3.0/psoc creator/import/gnu_cs/arm/4.7.3/bin/../lib/gcc/arm-none-eabi/4.7.3/armv7-m\libgcc.a(_arm_fixsfsi.o)
 .ARM.attributes
                0x000004e7       0x2d c:/program files (x86)/cypress/psoc creator/3.0/psoc creator/import/gnu_cs/arm/4.7.3/bin/../lib/gcc/arm-none-eabi/4.7.3/../../../../arm-none-eabi/lib/armv7-m\libc_s.a(lib_a-__atexit2.o)
 .ARM.attributes
                0x00000514       0x2d c:/program files (x86)/cypress/psoc creator/3.0/psoc creator/import/gnu_cs/arm/4.7.3/bin/../lib/gcc/arm-none-eabi/4.7.3/../../../../arm-none-eabi/lib/armv7-m\libc_s.a(lib_a-exit.o)
 .ARM.attributes
                0x00000541       0x2d c:/program files (x86)/cypress/psoc creator/3.0/psoc creator/import/gnu_cs/arm/4.7.3/bin/../lib/gcc/arm-none-eabi/4.7.3/../../../../arm-none-eabi/lib/armv7-m\libc_s.a(lib_a-fini.o)
 .ARM.attributes
                0x0000056e       0x2d c:/program files (x86)/cypress/psoc creator/3.0/psoc creator/import/gnu_cs/arm/4.7.3/bin/../lib/gcc/arm-none-eabi/4.7.3/../../../../arm-none-eabi/lib/armv7-m\libc_s.a(lib_a-impure.o)
 .ARM.attributes
                0x0000059b       0x2d c:/program files (x86)/cypress/psoc creator/3.0/psoc creator/import/gnu_cs/arm/4.7.3/bin/../lib/gcc/arm-none-eabi/4.7.3/../../../../arm-none-eabi/lib/armv7-m\libc_s.a(lib_a-init.o)
 .ARM.attributes
                0x000005c8       0x2d c:/program files (x86)/cypress/psoc creator/3.0/psoc creator/import/gnu_cs/arm/4.7.3/bin/../lib/gcc/arm-none-eabi/4.7.3/../../../../arm-none-eabi/lib/armv7-m\libc_s.a(lib_a-memcpy.o)
 .ARM.attributes
                0x000005f5       0x2d c:/program files (x86)/cypress/psoc creator/3.0/psoc creator/import/gnu_cs/arm/4.7.3/bin/../lib/gcc/arm-none-eabi/4.7.3/../../../../arm-none-eabi/lib/armv7-m\libc_s.a(lib_a-memset.o)
 .ARM.attributes
                0x00000622       0x2d c:/program files (x86)/cypress/psoc creator/3.0/psoc creator/import/gnu_cs/arm/4.7.3/bin/../lib/gcc/arm-none-eabi/4.7.3/../../../../arm-none-eabi/lib/armv7-m\libc_s.a(lib_a-strcpy.o)
 .ARM.attributes
                0x0000064f       0x2d c:/program files (x86)/cypress/psoc creator/3.0/psoc creator/import/gnu_cs/arm/4.7.3/bin/../lib/gcc/arm-none-eabi/4.7.3/../../../../arm-none-eabi/lib/armv7-m\libc_s.a(lib_a-strlen.o)
 .ARM.attributes
                0x0000067c       0x2d c:/program files (x86)/cypress/psoc creator/3.0/psoc creator/import/gnu_cs/arm/4.7.3/bin/../lib/gcc/arm-none-eabi/4.7.3/../../../../arm-none-eabi/lib/armv7-m\libc_s.a(lib_a-strtok.o)
 .ARM.attributes
                0x000006a9       0x2d c:/program files (x86)/cypress/psoc creator/3.0/psoc creator/import/gnu_cs/arm/4.7.3/bin/../lib/gcc/arm-none-eabi/4.7.3/../../../../arm-none-eabi/lib/armv7-m\libc_s.a(lib_a-strtok_r.o)
 .ARM.attributes
                0x000006d6       0x2d c:/program files (x86)/cypress/psoc creator/3.0/psoc creator/import/gnu_cs/arm/4.7.3/bin/../lib/gcc/arm-none-eabi/4.7.3/../../../../arm-none-eabi/lib/armv7-m\libc_s.a(lib_a-malloc.o)
 .ARM.attributes
                0x00000703       0x2d c:/program files (x86)/cypress/psoc creator/3.0/psoc creator/import/gnu_cs/arm/4.7.3/bin/../lib/gcc/arm-none-eabi/4.7.3/../../../../arm-none-eabi/lib/armv7-m\libc_s.a(lib_a-mallocr.o)
 .ARM.attributes
                0x00000730       0x2d c:/program files (x86)/cypress/psoc creator/3.0/psoc creator/import/gnu_cs/arm/4.7.3/bin/../lib/gcc/arm-none-eabi/4.7.3/../../../../arm-none-eabi/lib/armv7-m\libc_s.a(lib_a-sbrkr.o)
 .ARM.attributes
                0x0000075d       0x2d c:/program files (x86)/cypress/psoc creator/3.0/psoc creator/import/gnu_cs/arm/4.7.3/bin/../lib/gcc/arm-none-eabi/4.7.3/../../../../arm-none-eabi/lib/armv7-m\libc_s.a(lib_a-freer.o)
 .ARM.attributes
                0x0000078a       0x2d c:/program files (x86)/cypress/psoc creator/3.0/psoc creator/import/gnu_cs/arm/4.7.3/bin/../lib/gcc/arm-none-eabi/4.7.3/../../../../arm-none-eabi/lib/armv7-m\libc_s.a(lib_a-reent.o)
 .ARM.attributes
                0x000007b7       0x2d c:/program files (x86)/cypress/psoc creator/3.0/psoc creator/import/gnu_cs/arm/4.7.3/bin/../lib/gcc/arm-none-eabi/4.7.3/armv7-m/crtend.o
 .ARM.attributes
                0x000007e4       0x1d c:/program files (x86)/cypress/psoc creator/3.0/psoc creator/import/gnu_cs/arm/4.7.3/bin/../lib/gcc/arm-none-eabi/4.7.3/armv7-m/crtn.o
 .ARM.attributes
                0x00000801       0x2d c:/program files (x86)/cypress/psoc creator/3.0/psoc creator/import/gnu_cs/arm/4.7.3/bin/../lib/gcc/arm-none-eabi/4.7.3/../../../../arm-none-eabi/lib/armv7-m\libnosys.a(sbrk.o)

/DISCARD/
 *(.note.GNU-stack)
OUTPUT(.\CortexM3\ARM_GCC_473\Debug\Inputs_outputs.elf elf32-littlearm)
